04-08 07:54:28.356   620   901 D vndksupport: Loading /vendor/lib64/hw/android.hardware.graphics.mapper@2.0-impl.so from current namespace instead of sphal namespace.
04-08 07:54:28.360   620   901 I [MALI][Gralloc]: [+]r_hnd:0x7eecba0b20, fd:81, ion_hnd(0x1), req_format(0x1), int_fmt(0x1)  byte_stride(3200), flags(0x4), usage(0xb00), size(4096000), alloc_size(4096000) 800(800)X1280(1280) pid(620)  sec (0)
04-08 07:54:28.383   620   620 D mali_winsys: new_window_surface returns 0x3000
04-08 07:54:28.409   185   185 I [MALI][Gralloc]: [+]hnd:0x7faac2c1e0, fd:7, ion_hnd(0x1), req_format(0x2), int_fmt(0x2)  byte_stride(3200), flags(0x4), usage(0xb00), size(4096000), alloc_size(4096000) 800(800)X1280(1280) pid(185)  sec (0)
04-08 07:54:28.409   185   185 I [MALI][Gralloc]: [-]hnd:0x7faac2c1e0, fd:7, ion_hnd(0x1), req_format(0x2), int_fmt(0x2)  byte_stride(3200), flags(0x4), usage(0xb00), size(4096000), alloc_size(4096000) 800(800)X1280(1280) pid(185)  sec (0)
04-08 07:54:28.410   201   354 I [MALI][Gralloc]: [+]r_hnd:0x7f7f033120, fd:58, ion_hnd(0x8), req_format(0x2), int_fmt(0x2)  byte_stride(3200), flags(0x4), usage(0xb00), size(4096000), alloc_size(4096000) 800(800)X1280(1280) pid(201)  sec (0)
04-08 07:54:28.411   620   620 I [MALI][Gralloc]: [+]r_hnd:0x7eecba0620, fd:85, ion_hnd(0x2), req_format(0x2), int_fmt(0x2)  byte_stride(3200), flags(0x4), usage(0xb00), size(4096000), alloc_size(4096000) 800(800)X1280(1280) pid(620)  sec (0)
04-08 07:54:28.418   620   620 I [MALI][Gralloc]: [-]r_hnd:0x7eecba0620, fd:85, ion_hnd(0x2), req_format(0x2), int_fmt(0x2)  byte_stride(3200), flags(0x4), usage(0xb00), size(4096000), alloc_size(4096000) 800(800)X1280(1280) pid(620)  sec (0)
04-08 07:54:28.422   620   620 W KeyguardUpdateMonitor: invalid subId in handleServiceStateChange()
04-08 07:54:28.514   185   185 I [MALI][Gralloc]: [+]hnd:0x7faac2c1e0, fd:7, ion_hnd(0x1), req_format(0x1), int_fmt(0x1)  byte_stride(3200), flags(0x4), usage(0xb00), size(4096000), alloc_size(4096000) 800(800)X1280(1280) pid(185)  sec (0)
04-08 07:54:28.515   185   185 I [MALI][Gralloc]: [-]hnd:0x7faac2c1e0, fd:7, ion_hnd(0x1), req_format(0x1), int_fmt(0x1)  byte_stride(3200), flags(0x4), usage(0xb00), size(4096000), alloc_size(4096000) 800(800)X1280(1280) pid(185)  sec (0)
04-08 07:54:28.515   201   354 I [MALI][Gralloc]: [+]r_hnd:0x7f7f0331c0, fd:59, ion_hnd(0x9), req_format(0x1), int_fmt(0x1)  byte_stride(3200), flags(0x4), usage(0xb00), size(4096000), alloc_size(4096000) 800(800)X1280(1280) pid(201)  sec (0)
04-08 07:54:28.517   620   901 I [MALI][Gralloc]: [+]r_hnd:0x7eec0c2fc0, fd:83, ion_hnd(0x2), req_format(0x1), int_fmt(0x1)  byte_stride(3200), flags(0x4), usage(0xb00), size(4096000), alloc_size(4096000) 800(800)X1280(1280) pid(620)  sec (0)
04-08 07:54:28.541   620   620 D mali_winsys: new_window_surface returns 0x3000
04-08 07:54:28.558   185   185 I [MALI][Gralloc]: [+]hnd:0x7faac2c1e0, fd:7, ion_hnd(0x1), req_format(0x2), int_fmt(0x2)  byte_stride(7680), flags(0x4), usage(0xb00), size(9830400), alloc_size(9830400) 1920(1920)X1280(1280) pid(185)  sec (0)
04-08 07:54:28.558   185   185 I [MALI][Gralloc]: [-]hnd:0x7faac2c1e0, fd:7, ion_hnd(0x1), req_format(0x2), int_fmt(0x2)  byte_stride(7680), flags(0x4), usage(0xb00), size(9830400), alloc_size(9830400) 1920(1920)X1280(1280) pid(185)  sec (0)
04-08 07:54:28.559   201   351 I [MALI][Gralloc]: [+]r_hnd:0x7f7f033260, fd:56, ion_hnd(0xa), req_format(0x2), int_fmt(0x2)  byte_stride(7680), flags(0x4), usage(0xb00), size(9830400), alloc_size(9830400) 1920(1920)X1280(1280) pid(201)  sec (0)
04-08 07:54:28.560   620   620 I [MALI][Gralloc]: [+]r_hnd:0x7eecba0580, fd:86, ion_hnd(0x3), req_format(0x2), int_fmt(0x2)  byte_stride(7680), flags(0x4), usage(0xb00), size(9830400), alloc_size(9830400) 1920(1920)X1280(1280) pid(620)  sec (0)
04-08 07:54:28.570   201   201 I [MALI][Gralloc]: [-]r_hnd:0x7f7f033120, fd:58, ion_hnd(0x8), req_format(0x2), int_fmt(0x2)  byte_stride(3200), flags(0x4), usage(0xb00), size(4096000), alloc_size(4096000) 800(800)X1280(1280) pid(201)  sec (0)
04-08 07:54:28.570   620   620 I [MALI][Gralloc]: [-]r_hnd:0x7eecba0580, fd:86, ion_hnd(0x3), req_format(0x2), int_fmt(0x2)  byte_stride(7680), flags(0x4), usage(0xb00), size(9830400), alloc_size(9830400) 1920(1920)X1280(1280) pid(620)  sec (0)
04-08 07:54:28.761   194   194 D NVRAM   : NVRAM daemon sync start !
04-08 07:54:28.780   620   625 I zygote64: Do full code cache collection, code=125KB, data=97KB
04-08 07:54:28.788   620   625 I zygote64: After code cache collection, code=86KB, data=52KB
04-08 07:54:28.816   237   237 E /system/bin/tombstoned: Tombstone written to: /data/tombstones/tombstone_09
04-08 07:54:28.893   451   451 D BluetoothManagerService: BluetoothServiceConnection, disconnected: com.android.bluetooth.btservice.AdapterService
04-08 07:54:28.893   451   473 E BluetoothManagerService: MESSAGE_BLUETOOTH_SERVICE_DISCONNECTED(1)
04-08 07:54:28.893   451   463 I ActivityManager: Process com.android.bluetooth (pid 590) has died: psvc IMPF
04-08 07:54:28.893   451   473 D BluetoothManagerService: Broadcasting onBluetoothServiceDown() to 3 receivers.
04-08 07:54:28.894   765   780 D BluetoothAdapter: onBluetoothServiceDown: android.bluetooth.IBluetooth$Stub$Proxy@f725243
04-08 07:54:28.894   451   463 W ActivityManager: Scheduling restart of crashed service com.android.bluetooth/.btservice.AdapterService in 1000ms
04-08 07:54:28.894   451   463 W ActivityManager: Scheduling restart of crashed service com.android.bluetooth/.gatt.GattService in 11000ms
04-08 07:54:28.894   620   637 D BluetoothAdapter: onBluetoothServiceDown: android.bluetooth.IBluetooth$Stub$Proxy@ddc5a5d
04-08 07:54:28.895   451   468 I chatty  : uid=1000(system) ActivityManager expire 12 lines
04-08 07:54:28.927   171   171 I Zygote  : Process 590 exited due to signal (11)
04-08 07:54:28.948   185   185 I [MALI][Gralloc]: [+]hnd:0x7faac2c1e0, fd:7, ion_hnd(0x1), req_format(0x1), int_fmt(0x1)  byte_stride(3200), flags(0x4), usage(0xb00), size(4096000), alloc_size(4096000) 800(800)X1280(1280) pid(185)  sec (0)
04-08 07:54:28.948   185   185 I [MALI][Gralloc]: [-]hnd:0x7faac2c1e0, fd:7, ion_hnd(0x1), req_format(0x1), int_fmt(0x1)  byte_stride(3200), flags(0x4), usage(0xb00), size(4096000), alloc_size(4096000) 800(800)X1280(1280) pid(185)  sec (0)
04-08 07:54:28.949   201   957 I [MALI][Gralloc]: [+]r_hnd:0x7f7f033120, fd:58, ion_hnd(0x8), req_format(0x1), int_fmt(0x1)  byte_stride(3200), flags(0x4), usage(0xb00), size(4096000), alloc_size(4096000) 800(800)X1280(1280) pid(201)  sec (0)
04-08 07:54:28.950   620   901 I [MALI][Gralloc]: [+]r_hnd:0x7efc3da9e0, fd:85, ion_hnd(0x3), req_format(0x1), int_fmt(0x1)  byte_stride(3200), flags(0x4), usage(0xb00), size(4096000), alloc_size(4096000) 800(800)X1280(1280) pid(620)  sec (0)
04-08 07:54:29.009   194   194 D NVRAM   : NVRAM daemon sync end !
04-08 07:54:29.010   194   194 D NVRAM   : NVRAM daemon exits !
04-08 07:54:29.011   620   625 I zygote64: Do partial code cache collection, code=122KB, data=74KB
04-08 07:54:29.012   620   625 I zygote64: After code cache collection, code=122KB, data=74KB
04-08 07:54:29.012   620   625 I zygote64: Increasing code cache capacity to 512KB
04-08 07:54:29.094   451   473 D BluetoothManagerService: MESSAGE_RESTART_BLUETOOTH_SERVICE
04-08 07:54:29.107   451   473 I ActivityManager: Start proc 997:com.android.bluetooth/1002 for service com.android.bluetooth/.btservice.AdapterService
04-08 07:54:29.127   620   620 I zygote64: Deoptimizing void com.android.systemui.statusbar.stack.ViewState.applyToView(android.view.View) due to JIT inline cache
04-08 07:54:29.171   997   997 D AdapterServiceConfig: Adding HeadsetService
04-08 07:54:29.171   997   997 D AdapterServiceConfig: Adding A2dpService
04-08 07:54:29.171   997   997 D AdapterServiceConfig: Adding HidService
04-08 07:54:29.171   997   997 D AdapterServiceConfig: Adding HealthService
04-08 07:54:29.171   997   997 D AdapterServiceConfig: Adding PanService
04-08 07:54:29.171   997   997 D AdapterServiceConfig: Adding GattService
04-08 07:54:29.171   997   997 D AdapterServiceConfig: Adding BluetoothMapService
04-08 07:54:29.171   997   997 W AdapterServiceConfig: Could not find profile bit mask
04-08 07:54:29.171   997   997 D AdapterServiceConfig: Adding BluetoothOppService
04-08 07:54:29.171   997   997 W AdapterServiceConfig: Could not find profile bit mask
04-08 07:54:29.171   997   997 D AdapterServiceConfig: Adding BluetoothPbapService
04-08 07:54:29.186   997   997 D BluetoothAdapterService: onCreate()
04-08 07:54:29.190   997   997 D BluetoothAdapterState: make() - Creating AdapterState
04-08 07:54:29.191   997   997 I bt_btif : init
04-08 07:54:29.191   997  1013 I BluetoothAdapterState: Entering OffState
04-08 07:54:29.192   997   997 D bt_osi_allocation_tracker: canary initialized
04-08 07:54:29.192   997  1014 I bt_osi_thread: run_thread: thread id 1014, thread name stack_manager started
04-08 07:54:29.192   997  1014 I bt_stack_manager: event_init_stack is initializing the stack
04-08 07:54:29.193   997  1014 E bt_osi_config: config_new unable to open file '/data/misc/bluedroid/bt_config.conf': No such file or directory
04-08 07:54:29.193   997  1014 W bt_btif_config: init unable to load config file: /data/misc/bluedroid/bt_config.conf; using backup.
04-08 07:54:29.193   997  1014 E bt_osi_config: config_new unable to open file '/data/misc/bluedroid/bt_config.bak': No such file or directory
04-08 07:54:29.193   997  1014 W bt_btif_config: init unable to load backup; attempting to transcode legacy file.
04-08 07:54:29.193   997  1014 E bt_btif_config_transcode: btif_config_transcode unable to load XML file '/data/misc/bluedroid/bt_config.xml': 3
04-08 07:54:29.193   997  1014 E bt_btif_config: init unable to transcode legacy file; creating empty config.
04-08 07:54:29.193   997  1017 I bt_osi_thread: run_thread: thread id 1017, thread name alarm_default_ca started
04-08 07:54:29.193   997  1018 I bt_osi_thread: run_thread: thread id 1018, thread name alarm_dispatcher started
04-08 07:54:29.195   997  1014 I bt_btif_core: btif_init_bluetooth entered
04-08 07:54:29.195   997  1014 I bt_stack_config: init attempt to load stack conf from /etc/bluetooth/bt_stack.conf
04-08 07:54:29.196   997  1019 I bt_osi_thread: run_thread: thread id 1019, thread name bt_jni_workqueue started
04-08 07:54:29.196   997  1014 I bt_btif_core: btif_init_bluetooth finished
04-08 07:54:29.196   997  1014 I bt_stack_manager: event_init_stack finished
04-08 07:54:29.196   997  1019 I bt_btif_core: run_message_loop entered
04-08 07:54:29.196   997   997 I bt_osi_wakelock: wakelock_set_os_callouts set to non-native
04-08 07:54:29.197   997   997 I bt_btif : get_profile_interface: id = socket
04-08 07:54:29.197   997  1019 E bt_btif_storage: btif_storage_get_adapter_property: Controller not ready! Unable to return Bluetooth Address
04-08 07:54:29.197   997  1019 E BluetoothServiceJni: adapter_properties_callback: Status 1 is incorrect
04-08 07:54:29.199   997  1019 D BluetoothAdapterProperties: Name is: Aquaris M8
04-08 07:54:29.199   451   451 D BluetoothManagerService: Bluetooth Adapter name changed to Aquaris M8
04-08 07:54:29.200   451   451 D BluetoothManagerService: Stored Bluetooth name: Aquaris M8
04-08 07:54:29.200   997   997 I bt_btif : get_profile_interface: id = sdp
04-08 07:54:29.203   997   997 I BluetoothAdapterService: Phone policy enabled
04-08 07:54:29.204   997   997 D BluetoothAdapterService: setAdapterService() - set to: null
04-08 07:54:29.205   997   997 D BluetoothAdapterService: onBind()
04-08 07:54:29.206   451   451 D BluetoothManagerService: BluetoothServiceConnection: com.android.bluetooth.btservice.AdapterService
04-08 07:54:29.206   451   473 D BluetoothManagerService: MESSAGE_BLUETOOTH_SERVICE_CONNECTED: 1
04-08 07:54:29.207   451   473 D BluetoothManagerService: Broadcasting onBluetoothServiceUp() to 4 receivers.
04-08 07:54:29.208   765   780 D BluetoothAdapter: onBluetoothServiceUp: android.bluetooth.IBluetooth$Stub$Proxy@b8fa0c0
04-08 07:54:29.208   620   637 D BluetoothAdapter: onBluetoothServiceUp: android.bluetooth.IBluetooth$Stub$Proxy@fbba460
04-08 07:54:29.208   997  1011 D BluetoothAdapter: onBluetoothServiceUp: com.android.bluetooth.btservice.AdapterService$AdapterServiceBinder@84e59f6
04-08 07:54:29.208   997  1010 D BluetoothAdapterService: enable() - Enable called with quiet mode status =  false
04-08 07:54:29.209   997  1013 D BluetoothAdapterState: Current state: OFF, message: 0
04-08 07:54:29.209   451   473 D BluetoothManagerService: MESSAGE_GET_NAME_AND_ADDRESS
04-08 07:54:29.209   997  1013 D BluetoothAdapterProperties: Setting state to 14
04-08 07:54:29.209   997  1013 I BluetoothAdapterState: Bluetooth adapter state changed: 10-> 14
04-08 07:54:29.209   997  1013 D BluetoothAdapterService: updateAdapterState() - Broadcasting state to 1 receivers.
04-08 07:54:29.209   997  1013 D BluetoothAdapterService: BleOnProcessStart()
04-08 07:54:29.210   451   473 D BluetoothManagerService: Stored Bluetooth name: Aquaris M8
04-08 07:54:29.210   451   473 D BluetoothManagerService: MESSAGE_BLUETOOTH_STATE_CHANGE: OFF > BLE_TURNING_ON
04-08 07:54:29.210   451   473 D BluetoothManagerService: Sending BLE State Change: OFF > BLE_TURNING_ON
04-08 07:54:29.210   997  1013 D BluetoothAdapterService: BleOnProcessStart() - Make Bond State Machine
04-08 07:54:29.211   997  1013 D BluetoothBondStateMachine: make
04-08 07:54:29.211   997  1024 I BluetoothBondStateMachine: StableState(): Entering Off State
04-08 07:54:29.212   997  1013 D BluetoothAdapterService: setProfileServiceState() - Starting service com.android.bluetooth.gatt.GattService
04-08 07:54:29.214   997  1013 I BluetoothAdapterState: Entering PendingCommandState
04-08 07:54:29.215   997   997 I BtGatt.JNI: classInitNative(L871): classInitNative: Success!
04-08 07:54:29.217   997   997 D BtGatt.DebugUtils: handleDebugAction() action=null
04-08 07:54:29.217   997   997 D BluetoothAdapterService: getAdapterService() - returning com.android.bluetooth.btservice.AdapterService@1f69dd2
04-08 07:54:29.218   997   997 D BtGatt.GattService: Received start request. Starting profile...
04-08 07:54:29.218   997   997 I bt_btif : get_profile_interface: id = gatt
04-08 07:54:29.218   997   997 D BluetoothAdapterService: getAdapterService() - returning com.android.bluetooth.btservice.AdapterService@1f69dd2
04-08 07:54:29.223   997   997 I chatty  : uid=1002(bluetooth) com.android.bluetooth identical 6 lines
04-08 07:54:29.224   997  1013 I chatty  : uid=1002(bluetooth) com.android.bluetooth expire 3 lines
04-08 07:54:29.225   997  1014 I chatty  : uid=1002(bluetooth) com.android.bluetooth expire 9 lines
04-08 07:54:29.225   997  1028 I chatty  : uid=1002(bluetooth) com.android.bluetooth expire 55 lines
04-08 07:54:29.300  1028  1028 I chatty  : uid=1002(bluetooth) com.android.bluetooth expire 2 lines
04-08 07:54:29.303   997  1032 I chatty  : uid=1002(bluetooth) com.android.bluetooth expire 21 lines
04-08 07:54:29.304   997  1031 I chatty  : uid=1002(bluetooth) com.android.bluetooth expire 5 lines
04-08 07:54:29.326   997  1033 I chatty  : uid=1002(bluetooth) com.android.bluetooth expire 11 lines
04-08 07:54:29.328   997  1034 I chatty  : uid=1002(bluetooth) com.android.bluetooth expire 1 line
04-08 07:54:29.329   997  1035 I chatty  : uid=1002(bluetooth) com.android.bluetooth expire 3 lines
04-08 07:54:29.357   997  1035 F libc    : Fatal signal 11 (SIGSEGV), code 1, fault addr 0x0 in tid 1035 (module_wrapper), pid 997 (droid.bluetooth)
04-08 07:54:29.420  1038  1038 I chatty  : uid=1002(bluetooth) crash_dump64 expire 2 lines
04-08 07:54:29.421   237   237 I /system/bin/tombstoned: received crash request for pid 997
04-08 07:54:29.422  1038  1038 F DEBUG   : *** *** *** *** *** *** *** *** *** *** *** *** *** *** *** ***
04-08 07:54:29.422  1038  1038 F DEBUG   : LineageOS Version: '15.1-20200408-UNOFFICIAL-aquaris_m8'
04-08 07:54:29.422  1038  1038 F DEBUG   : Build fingerprint: 'google/lineage_aquaris_m8/aquaris_m8:8.1.0/OPM7.181205.001/fa120e28f1:userdebug/test-keys'
04-08 07:54:29.422  1038  1038 F DEBUG   : Revision: '0'
04-08 07:54:29.422  1038  1038 F DEBUG   : ABI: 'arm64'
04-08 07:54:29.422  1038  1038 F DEBUG   : pid: 997, tid: 1035, name: module_wrapper  >>> com.android.bluetooth <<<
04-08 07:54:29.422  1038  1038 F DEBUG   : signal 11 (SIGSEGV), code 1 (SEGV_MAPERR), fault addr 0x0
04-08 07:54:29.422  1038  1038 F DEBUG   : Cause: null pointer dereference
04-08 07:54:29.422  1038  1038 F DEBUG   :     x0   0000000000000000  x1   0000007eee6ddec0  x2   0000000000000004  x3   0000000000000003
04-08 07:54:29.422  1038  1038 F DEBUG   :     x4   0000000040100401  x5   aaaaa00040404000  x6   0000000000000000  x7   7f7f7f7f7f7f7f7f
04-08 07:54:29.422  1038  1038 F DEBUG   :     x8   01a28258b15e023c  x9   01a28258b15e023c  x10  0000007eee6de060  x11  0000000000000033
04-08 07:54:29.422  1038  1038 F DEBUG   :     x12  0000007eee6de198  x13  ffffffffffffffff  x14  ff00000000000000  x15  ffffffffffffffff
04-08 07:54:29.422  1038  1038 F DEBUG   :     x16  0000007f87b66cc8  x17  0000007f871d5804  x18  0000007f8723c000  x19  0000007efc27d228
04-08 07:54:29.422  1038  1038 F DEBUG   :     x20  0000007ef01ddac4  x21  0000007eee6de79c  x22  0000000000000003  x23  0000007ef01ddac0
04-08 07:54:29.422  1038  1038 F DEBUG   :     x24  0000007eeffa29ac  x25  0000007ef01dd000  x26  0000007ef01dd000  x27  0000007ef01dd000
04-08 07:54:29.422  1038  1038 F DEBUG   :     x28  0000007ef01dd000  x29  0000007eee6de770  x30  0000007eeffa509c
04-08 07:54:29.422  1038  1038 F DEBUG   :     sp   0000007eee6de740  pc   0000007eeffa509c  pstate 0000000060000000
04-08 07:54:29.460  1038  1038 F DEBUG   : 
04-08 07:54:29.460  1038  1038 F DEBUG   : backtrace:
04-08 07:54:29.461  1038  1038 F DEBUG   :     #00 pc 00000000000da09c  /system/lib64/hw/bluetooth.default.so (parse_read_local_extended_features_response(BT_HDR*, unsigned char*, unsigned char*, bt_device_features_t*, unsigned long)+52)
04-08 07:54:29.461  1038  1038 F DEBUG   :     #01 pc 0000000000076f58  /system/lib64/hw/bluetooth.default.so (start_up()+748)
04-08 07:54:29.461  1038  1038 F DEBUG   :     #02 pc 00000000001999b0  /system/lib64/hw/bluetooth.default.so (module_start_up(module_t const*)+180)
04-08 07:54:29.461  1038  1038 F DEBUG   :     #03 pc 0000000000199df0  /system/lib64/hw/bluetooth.default.so (run_wrapped_start_up(void*)+80)
04-08 07:54:29.461  1038  1038 F DEBUG   :     #04 pc 00000000001a5a60  /system/lib64/hw/bluetooth.default.so (work_queue_read_cb(void*)+92)
04-08 07:54:29.461  1038  1038 F DEBUG   :     #05 pc 00000000001a3cbc  /system/lib64/hw/bluetooth.default.so (run_reactor(reactor_t*, int)+320)
04-08 07:54:29.461  1038  1038 F DEBUG   :     #06 pc 00000000001a3b50  /system/lib64/hw/bluetooth.default.so (reactor_start(reactor_t*)+84)
04-08 07:54:29.461  1038  1038 F DEBUG   :     #07 pc 00000000001a54f8  /system/lib64/hw/bluetooth.default.so (run_thread(void*)+184)
04-08 07:54:29.461  1038  1038 F DEBUG   :     #08 pc 0000000000066068  /system/lib64/libc.so (__pthread_start(void*)+36)
04-08 07:54:29.461  1038  1038 F DEBUG   :     #09 pc 000000000001e9b0  /system/lib64/libc.so (__start_thread+68)
04-08 07:54:30.570   289   289 I dongled : type=1400 audit(0.0:438): avc: denied { read } for scontext=u:r:usbdongled:s0 tcontext=u:r:usbdongled:s0 tclass=netlink_kobject_uevent_socket permissive=1
04-08 07:54:30.587   237   237 E /system/bin/tombstoned: Tombstone written to: /data/tombstones/tombstone_10
04-08 07:54:30.652   451   463 I ActivityManager: Process com.android.bluetooth (pid 997) has died: psvc IMPF
04-08 07:54:30.652   451   463 W ActivityManager: Scheduling restart of crashed service com.android.bluetooth/.btservice.AdapterService in 1000ms
04-08 07:54:30.652   451   451 D BluetoothManagerService: BluetoothServiceConnection, disconnected: com.android.bluetooth.btservice.AdapterService
04-08 07:54:30.652   451   463 W ActivityManager: Scheduling restart of crashed service com.android.bluetooth/.gatt.GattService in 10999ms
04-08 07:54:30.652   451   473 E BluetoothManagerService: MESSAGE_BLUETOOTH_SERVICE_DISCONNECTED(1)
04-08 07:54:30.652   451   473 D BluetoothManagerService: Broadcasting onBluetoothServiceDown() to 4 receivers.
04-08 07:54:30.653   451   473 E BluetoothManagerService: Unable to call onBluetoothServiceDown() on callback #2
04-08 07:54:30.653   451   473 E BluetoothManagerService: android.os.DeadObjectException
04-08 07:54:30.653   451   473 E BluetoothManagerService: 	at android.os.BinderProxy.transactNative(Native Method)
04-08 07:54:30.653   451   473 E BluetoothManagerService: 	at android.os.BinderProxy.transact(Binder.java:766)
04-08 07:54:30.653   451   473 E BluetoothManagerService: 	at android.bluetooth.IBluetoothManagerCallback$Stub$Proxy.onBluetoothServiceDown(IBluetoothManagerCallback.java:105)
04-08 07:54:30.653   451   473 E BluetoothManagerService: 	at com.android.server.BluetoothManagerService.sendBluetoothServiceDownCallback(BluetoothManagerService.java:1253)
04-08 07:54:30.653   451   473 E BluetoothManagerService: 	at com.android.server.BluetoothManagerService.-wrap15(Unknown Source:0)
04-08 07:54:30.653   451   473 E BluetoothManagerService: 	at com.android.server.BluetoothManagerService$BluetoothHandler.handleMessage(BluetoothManagerService.java:1662)
04-08 07:54:30.653   451   473 E BluetoothManagerService: 	at android.os.Handler.dispatchMessage(Handler.java:106)
04-08 07:54:30.653   451   473 E BluetoothManagerService: 	at android.os.Looper.loop(Looper.java:164)
04-08 07:54:30.653   451   473 E BluetoothManagerService: 	at android.os.HandlerThread.run(HandlerThread.java:65)
04-08 07:54:30.653   451   473 E BluetoothManagerService: 	at com.android.server.ServiceThread.run(ServiceThread.java:46)
04-08 07:54:30.654   765   780 D BluetoothAdapter: onBluetoothServiceDown: android.bluetooth.IBluetooth$Stub$Proxy@b8fa0c0
04-08 07:54:30.654   620   637 D BluetoothAdapter: onBluetoothServiceDown: android.bluetooth.IBluetooth$Stub$Proxy@fbba460
04-08 07:54:30.661   171   171 I Zygote  : Process 997 exited due to signal (11)
04-08 07:54:30.853   451   473 D BluetoothManagerService: MESSAGE_RESTART_BLUETOOTH_SERVICE
04-08 07:54:30.867   451   473 I ActivityManager: Start proc 1046:com.android.bluetooth/1002 for service com.android.bluetooth/.btservice.AdapterService
04-08 07:54:30.940  1046  1046 I chatty  : uid=1002(bluetooth) com.android.bluetooth expire 33 lines
04-08 07:54:30.961  1046  1062 I chatty  : uid=1002(bluetooth) com.android.bluetooth expire 13 lines
04-08 07:54:30.962  1046  1063 I chatty  : uid=1002(bluetooth) com.android.bluetooth expire 21 lines
04-08 07:54:30.963  1046  1066 I chatty  : uid=1002(bluetooth) com.android.bluetooth expire 1 line
04-08 07:54:30.963  1046  1067 I chatty  : uid=1002(bluetooth) com.android.bluetooth expire 1 line
04-08 07:54:30.965  1046  1068 I chatty  : uid=1002(bluetooth) com.android.bluetooth expire 5 lines
04-08 07:54:30.967   451   451 D BluetoothManagerService: Bluetooth Adapter name changed to Aquaris M8
04-08 07:54:30.967   451   451 D BluetoothManagerService: Stored Bluetooth name: Aquaris M8
04-08 07:54:30.973   451   451 D BluetoothManagerService: BluetoothServiceConnection: com.android.bluetooth.btservice.AdapterService
04-08 07:54:30.973   451   473 D BluetoothManagerService: MESSAGE_BLUETOOTH_SERVICE_CONNECTED: 1
04-08 07:54:30.975   451   473 D BluetoothManagerService: Broadcasting onBluetoothServiceUp() to 4 receivers.
04-08 07:54:30.975  1046  1058 I chatty  : uid=1002(bluetooth) com.android.bluetooth expire 1 line
04-08 07:54:30.975   620   637 D BluetoothAdapter: onBluetoothServiceUp: android.bluetooth.IBluetooth$Stub$Proxy@d7441de
04-08 07:54:30.977   765   780 D BluetoothAdapter: onBluetoothServiceUp: android.bluetooth.IBluetooth$Stub$Proxy@3a221f9
04-08 07:54:30.977  1046  1060 I chatty  : uid=1002(bluetooth) com.android.bluetooth expire 1 line
04-08 07:54:30.977   451   473 D BluetoothManagerService: MESSAGE_GET_NAME_AND_ADDRESS
04-08 07:54:30.978   451   473 D BluetoothManagerService: Stored Bluetooth name: Aquaris M8
04-08 07:54:30.979   451   473 D BluetoothManagerService: MESSAGE_BLUETOOTH_STATE_CHANGE: OFF > BLE_TURNING_ON
04-08 07:54:30.979   451   473 D BluetoothManagerService: Sending BLE State Change: OFF > BLE_TURNING_ON
04-08 07:54:30.980  1046  1073 I chatty  : uid=1002(bluetooth) com.android.bluetooth expire 1 line
04-08 07:54:30.993  1046  1077 I chatty  : uid=1002(bluetooth) com.android.bluetooth expire 55 lines
04-08 07:54:31.071  1046  1081 I chatty  : uid=1002(bluetooth) com.android.bluetooth expire 21 lines
04-08 07:54:31.072  1046  1080 I chatty  : uid=1002(bluetooth) com.android.bluetooth expire 5 lines
04-08 07:54:31.093  1046  1082 I chatty  : uid=1002(bluetooth) com.android.bluetooth expire 11 lines
04-08 07:54:31.095  1046  1083 I chatty  : uid=1002(bluetooth) com.android.bluetooth expire 1 line
04-08 07:54:31.096  1046  1084 I chatty  : uid=1002(bluetooth) com.android.bluetooth expire 3 lines
04-08 07:54:31.128  1046  1084 F libc    : Fatal signal 11 (SIGSEGV), code 1, fault addr 0x0 in tid 1084 (module_wrapper), pid 1046 (droid.bluetooth)
04-08 07:54:31.193  1087  1087 I chatty  : uid=1002(bluetooth) crash_dump64 expire 2 lines
04-08 07:54:31.193   237   237 I /system/bin/tombstoned: received crash request for pid 1046
04-08 07:54:31.194  1087  1087 F DEBUG   : *** *** *** *** *** *** *** *** *** *** *** *** *** *** *** ***
04-08 07:54:31.194  1087  1087 F DEBUG   : LineageOS Version: '15.1-20200408-UNOFFICIAL-aquaris_m8'
04-08 07:54:31.194  1087  1087 F DEBUG   : Build fingerprint: 'google/lineage_aquaris_m8/aquaris_m8:8.1.0/OPM7.181205.001/fa120e28f1:userdebug/test-keys'
04-08 07:54:31.194  1087  1087 F DEBUG   : Revision: '0'
04-08 07:54:31.194  1087  1087 F DEBUG   : ABI: 'arm64'
04-08 07:54:31.194  1087  1087 F DEBUG   : pid: 1046, tid: 1084, name: module_wrapper  >>> com.android.bluetooth <<<
04-08 07:54:31.194  1087  1087 F DEBUG   : signal 11 (SIGSEGV), code 1 (SEGV_MAPERR), fault addr 0x0
04-08 07:54:31.194  1087  1087 F DEBUG   : Cause: null pointer dereference
04-08 07:54:31.194  1087  1087 F DEBUG   :     x0   0000000000000000  x1   0000007eee696ec0  x2   0000000000000004  x3   0000000000000003
04-08 07:54:31.194  1087  1087 F DEBUG   :     x4   0000000040100401  x5   aaaaa00040404000  x6   0000000000000000  x7   7f7f7f7f7f7f7f7f
04-08 07:54:31.194  1087  1087 F DEBUG   :     x8   01a28258b15e023c  x9   01a28258b15e023c  x10  0000007eee697060  x11  0000000000000033
04-08 07:54:31.194  1087  1087 F DEBUG   :     x12  0000007eee697198  x13  ffffffffffffffff  x14  ff00000000000000  x15  ffffffffffffffff
04-08 07:54:31.194  1087  1087 F DEBUG   :     x16  0000007f87b66cc8  x17  0000007f871d5804  x18  0000007f8723c000  x19  0000007efc27d228
04-08 07:54:31.194  1087  1087 F DEBUG   :     x20  0000007eeffcdac4  x21  0000007eee69779c  x22  0000000000000003  x23  0000007eeffcdac0
04-08 07:54:31.194  1087  1087 F DEBUG   :     x24  0000007eefd929ac  x25  0000007eeffcd000  x26  0000007eeffcd000  x27  0000007eeffcd000
04-08 07:54:31.194  1087  1087 F DEBUG   :     x28  0000007eeffcd000  x29  0000007eee697770  x30  0000007eefd9509c
04-08 07:54:31.194  1087  1087 F DEBUG   :     sp   0000007eee697740  pc   0000007eefd9509c  pstate 0000000060000000
04-08 07:54:31.233  1087  1087 F DEBUG   : 
04-08 07:54:31.233  1087  1087 F DEBUG   : backtrace:
04-08 07:54:31.233  1087  1087 F DEBUG   :     #00 pc 00000000000da09c  /system/lib64/hw/bluetooth.default.so (parse_read_local_extended_features_response(BT_HDR*, unsigned char*, unsigned char*, bt_device_features_t*, unsigned long)+52)
04-08 07:54:31.233  1087  1087 F DEBUG   :     #01 pc 0000000000076f58  /system/lib64/hw/bluetooth.default.so (start_up()+748)
04-08 07:54:31.233  1087  1087 F DEBUG   :     #02 pc 00000000001999b0  /system/lib64/hw/bluetooth.default.so (module_start_up(module_t const*)+180)
04-08 07:54:31.233  1087  1087 F DEBUG   :     #03 pc 0000000000199df0  /system/lib64/hw/bluetooth.default.so (run_wrapped_start_up(void*)+80)
04-08 07:54:31.234  1087  1087 F DEBUG   :     #04 pc 00000000001a5a60  /system/lib64/hw/bluetooth.default.so (work_queue_read_cb(void*)+92)
04-08 07:54:31.234  1087  1087 F DEBUG   :     #05 pc 00000000001a3cbc  /system/lib64/hw/bluetooth.default.so (run_reactor(reactor_t*, int)+320)
04-08 07:54:31.234  1087  1087 F DEBUG   :     #06 pc 00000000001a3b50  /system/lib64/hw/bluetooth.default.so (reactor_start(reactor_t*)+84)
04-08 07:54:31.234  1087  1087 F DEBUG   :     #07 pc 00000000001a54f8  /system/lib64/hw/bluetooth.default.so (run_thread(void*)+184)
04-08 07:54:31.234  1087  1087 F DEBUG   :     #08 pc 0000000000066068  /system/lib64/libc.so (__pthread_start(void*)+36)
04-08 07:54:31.234  1087  1087 F DEBUG   :     #09 pc 000000000001e9b0  /system/lib64/libc.so (__start_thread+68)
04-08 07:54:32.386   237   237 E /system/bin/tombstoned: Tombstone written to: /data/tombstones/tombstone_11
04-08 07:54:32.442   451   463 I ActivityManager: Process com.android.bluetooth (pid 1046) has died: psvc IMPF
04-08 07:54:32.442   451   451 D BluetoothManagerService: BluetoothServiceConnection, disconnected: com.android.bluetooth.btservice.AdapterService
04-08 07:54:32.443   451   463 W ActivityManager: Scheduling restart of crashed service com.android.bluetooth/.btservice.AdapterService in 1000ms
04-08 07:54:32.443   451   463 W ActivityManager: Scheduling restart of crashed service com.android.bluetooth/.gatt.GattService in 11000ms
04-08 07:54:32.443   451   473 E BluetoothManagerService: MESSAGE_BLUETOOTH_SERVICE_DISCONNECTED(1)
04-08 07:54:32.443   451   473 D BluetoothManagerService: Broadcasting onBluetoothServiceDown() to 3 receivers.
04-08 07:54:32.444   765   780 D BluetoothAdapter: onBluetoothServiceDown: android.bluetooth.IBluetooth$Stub$Proxy@3a221f9
04-08 07:54:32.444   620   637 D BluetoothAdapter: onBluetoothServiceDown: android.bluetooth.IBluetooth$Stub$Proxy@d7441de
04-08 07:54:32.452   171   171 I Zygote  : Process 1046 exited due to signal (11)
04-08 07:54:32.644   451   473 D BluetoothManagerService: MESSAGE_RESTART_BLUETOOTH_SERVICE
04-08 07:54:32.660   451   473 I ActivityManager: Start proc 1095:com.android.bluetooth/1002 for service com.android.bluetooth/.btservice.AdapterService
04-08 07:54:32.742  1095  1095 I chatty  : uid=1002(bluetooth) com.android.bluetooth expire 33 lines
04-08 07:54:32.762  1095  1111 I chatty  : uid=1002(bluetooth) com.android.bluetooth expire 13 lines
04-08 07:54:32.763  1095  1112 I chatty  : uid=1002(bluetooth) com.android.bluetooth expire 21 lines
04-08 07:54:32.764  1095  1115 I chatty  : uid=1002(bluetooth) com.android.bluetooth expire 1 line
04-08 07:54:32.765  1095  1116 I chatty  : uid=1002(bluetooth) com.android.bluetooth expire 1 line
04-08 07:54:32.767  1095  1117 I chatty  : uid=1002(bluetooth) com.android.bluetooth expire 5 lines
04-08 07:54:32.769   451   451 D BluetoothManagerService: Bluetooth Adapter name changed to Aquaris M8
04-08 07:54:32.769   451   451 D BluetoothManagerService: Stored Bluetooth name: Aquaris M8
04-08 07:54:32.774   451   451 D BluetoothManagerService: BluetoothServiceConnection: com.android.bluetooth.btservice.AdapterService
04-08 07:54:32.774   451   473 D BluetoothManagerService: MESSAGE_BLUETOOTH_SERVICE_CONNECTED: 1
04-08 07:54:32.775   451   473 D BluetoothManagerService: Broadcasting onBluetoothServiceUp() to 4 receivers.
04-08 07:54:32.775  1095  1109 I chatty  : uid=1002(bluetooth) com.android.bluetooth expire 2 lines
04-08 07:54:32.775   765   780 D BluetoothAdapter: onBluetoothServiceUp: android.bluetooth.IBluetooth$Stub$Proxy@1f8853e
04-08 07:54:32.775   620   637 D BluetoothAdapter: onBluetoothServiceUp: android.bluetooth.IBluetooth$Stub$Proxy@645dfbf
04-08 07:54:32.776   451   473 D BluetoothManagerService: MESSAGE_GET_NAME_AND_ADDRESS
04-08 07:54:32.777   451   473 D BluetoothManagerService: Stored Bluetooth name: Aquaris M8
04-08 07:54:32.778   451   473 D BluetoothManagerService: MESSAGE_BLUETOOTH_STATE_CHANGE: OFF > BLE_TURNING_ON
04-08 07:54:32.778   451   473 D BluetoothManagerService: Sending BLE State Change: OFF > BLE_TURNING_ON
04-08 07:54:32.780  1095  1122 I chatty  : uid=1002(bluetooth) com.android.bluetooth expire 1 line
04-08 07:54:32.792  1095  1126 I chatty  : uid=1002(bluetooth) com.android.bluetooth expire 55 lines
04-08 07:54:33.086  1095  1130 I chatty  : uid=1002(bluetooth) com.android.bluetooth expire 21 lines
04-08 07:54:33.088  1095  1129 I chatty  : uid=1002(bluetooth) com.android.bluetooth expire 5 lines
04-08 07:54:33.100  1095  1131 I chatty  : uid=1002(bluetooth) com.android.bluetooth expire 11 lines
04-08 07:54:33.103  1095  1132 I chatty  : uid=1002(bluetooth) com.android.bluetooth expire 1 line
04-08 07:54:33.104  1095  1133 I chatty  : uid=1002(bluetooth) com.android.bluetooth expire 3 lines
04-08 07:54:33.136  1095  1133 F libc    : Fatal signal 11 (SIGSEGV), code 1, fault addr 0x0 in tid 1133 (module_wrapper), pid 1095 (droid.bluetooth)
04-08 07:54:33.199  1136  1136 I chatty  : uid=1002(bluetooth) crash_dump64 expire 2 lines
04-08 07:54:33.200   237   237 I /system/bin/tombstoned: received crash request for pid 1095
04-08 07:54:33.201  1136  1136 F DEBUG   : *** *** *** *** *** *** *** *** *** *** *** *** *** *** *** ***
04-08 07:54:33.201  1136  1136 F DEBUG   : LineageOS Version: '15.1-20200408-UNOFFICIAL-aquaris_m8'
04-08 07:54:33.201  1136  1136 F DEBUG   : Build fingerprint: 'google/lineage_aquaris_m8/aquaris_m8:8.1.0/OPM7.181205.001/fa120e28f1:userdebug/test-keys'
04-08 07:54:33.201  1136  1136 F DEBUG   : Revision: '0'
04-08 07:54:33.201  1136  1136 F DEBUG   : ABI: 'arm64'
04-08 07:54:33.201  1136  1136 F DEBUG   : pid: 1095, tid: 1133, name: module_wrapper  >>> com.android.bluetooth <<<
04-08 07:54:33.201  1136  1136 F DEBUG   : signal 11 (SIGSEGV), code 1 (SEGV_MAPERR), fault addr 0x0
04-08 07:54:33.201  1136  1136 F DEBUG   : Cause: null pointer dereference
04-08 07:54:33.201  1136  1136 F DEBUG   :     x0   0000000000000000  x1   0000007eee6e2ec0  x2   0000000000000004  x3   0000000000000003
04-08 07:54:33.201  1136  1136 F DEBUG   :     x4   0000000040100401  x5   aaaaa00040404000  x6   0000000000000000  x7   7f7f7f7f7f7f7f7f
04-08 07:54:33.201  1136  1136 F DEBUG   :     x8   01a28258b15e023c  x9   01a28258b15e023c  x10  0000007eee6e3060  x11  0000000000000033
04-08 07:54:33.201  1136  1136 F DEBUG   :     x12  0000007eee6e3198  x13  ffffffffffffffff  x14  ff00000000000000  x15  ffffffffffffffff
04-08 07:54:33.201  1136  1136 F DEBUG   :     x16  0000007f87b66cc8  x17  0000007f871d5804  x18  0000007f8723c000  x19  0000007efc27d228
04-08 07:54:33.201  1136  1136 F DEBUG   :     x20  0000007eeff8dac4  x21  0000007eee6e379c  x22  0000000000000003  x23  0000007eeff8dac0
04-08 07:54:33.201  1136  1136 F DEBUG   :     x24  0000007eefd529ac  x25  0000007eeff8d000  x26  0000007eeff8d000  x27  0000007eeff8d000
04-08 07:54:33.201  1136  1136 F DEBUG   :     x28  0000007eeff8d000  x29  0000007eee6e3770  x30  0000007eefd5509c
04-08 07:54:33.201  1136  1136 F DEBUG   :     sp   0000007eee6e3740  pc   0000007eefd5509c  pstate 0000000060000000
04-08 07:54:33.241  1136  1136 F DEBUG   : 
04-08 07:54:33.241  1136  1136 F DEBUG   : backtrace:
04-08 07:54:33.241  1136  1136 F DEBUG   :     #00 pc 00000000000da09c  /system/lib64/hw/bluetooth.default.so (parse_read_local_extended_features_response(BT_HDR*, unsigned char*, unsigned char*, bt_device_features_t*, unsigned long)+52)
04-08 07:54:33.241  1136  1136 F DEBUG   :     #01 pc 0000000000076f58  /system/lib64/hw/bluetooth.default.so (start_up()+748)
04-08 07:54:33.241  1136  1136 F DEBUG   :     #02 pc 00000000001999b0  /system/lib64/hw/bluetooth.default.so (module_start_up(module_t const*)+180)
04-08 07:54:33.241  1136  1136 F DEBUG   :     #03 pc 0000000000199df0  /system/lib64/hw/bluetooth.default.so (run_wrapped_start_up(void*)+80)
04-08 07:54:33.241  1136  1136 F DEBUG   :     #04 pc 00000000001a5a60  /system/lib64/hw/bluetooth.default.so (work_queue_read_cb(void*)+92)
04-08 07:54:33.241  1136  1136 F DEBUG   :     #05 pc 00000000001a3cbc  /system/lib64/hw/bluetooth.default.so (run_reactor(reactor_t*, int)+320)
04-08 07:54:33.241  1136  1136 F DEBUG   :     #06 pc 00000000001a3b50  /system/lib64/hw/bluetooth.default.so (reactor_start(reactor_t*)+84)
04-08 07:54:33.241  1136  1136 F DEBUG   :     #07 pc 00000000001a54f8  /system/lib64/hw/bluetooth.default.so (run_thread(void*)+184)
04-08 07:54:33.241  1136  1136 F DEBUG   :     #08 pc 0000000000066068  /system/lib64/libc.so (__pthread_start(void*)+36)
04-08 07:54:33.241  1136  1136 F DEBUG   :     #09 pc 000000000001e9b0  /system/lib64/libc.so (__start_thread+68)
04-08 07:54:34.389   237   237 E /system/bin/tombstoned: Tombstone written to: /data/tombstones/tombstone_12
04-08 07:54:34.432   451  1094 I ActivityManager: Process com.android.bluetooth (pid 1095) has died: psvc IMPF
04-08 07:54:34.432   451  1094 W ActivityManager: Scheduling restart of crashed service com.android.bluetooth/.btservice.AdapterService in 1000ms
04-08 07:54:34.432   451  1094 W ActivityManager: Scheduling restart of crashed service com.android.bluetooth/.gatt.GattService in 11000ms
04-08 07:54:34.433   451   451 D BluetoothManagerService: BluetoothServiceConnection, disconnected: com.android.bluetooth.btservice.AdapterService
04-08 07:54:34.433   451   473 E BluetoothManagerService: MESSAGE_BLUETOOTH_SERVICE_DISCONNECTED(1)
04-08 07:54:34.433   451   473 D BluetoothManagerService: Broadcasting onBluetoothServiceDown() to 3 receivers.
04-08 07:54:34.433   765   780 D BluetoothAdapter: onBluetoothServiceDown: android.bluetooth.IBluetooth$Stub$Proxy@1f8853e
04-08 07:54:34.433   620   637 D BluetoothAdapter: onBluetoothServiceDown: android.bluetooth.IBluetooth$Stub$Proxy@645dfbf
04-08 07:54:34.440   171   171 I Zygote  : Process 1095 exited due to signal (11)
04-08 07:54:34.502   400   423 I [MALI][Gralloc]: [-]r_hnd:0x7f00c2d220, fd:15, ion_hnd(0x1), req_format(0x2), int_fmt(0x2)  byte_stride(3200), flags(0x4), usage(0xb00), size(4096000), alloc_size(4096000) 800(800)X1280(1280) pid(400)  sec (0)
04-08 07:54:34.503   400   423 I [MALI][Gralloc]: [-]r_hnd:0x7f00c2d2c0, fd:17, ion_hnd(0x2), req_format(0x2), int_fmt(0x2)  byte_stride(3200), flags(0x4), usage(0xb00), size(4096000), alloc_size(4096000) 800(800)X1280(1280) pid(400)  sec (0)
04-08 07:54:34.503   400   423 I [MALI][Gralloc]: [-]r_hnd:0x7f00c2d360, fd:18, ion_hnd(0x3), req_format(0x2), int_fmt(0x2)  byte_stride(3200), flags(0x4), usage(0xb00), size(4096000), alloc_size(4096000) 800(800)X1280(1280) pid(400)  sec (0)
04-08 07:54:34.504   201   354 I [MALI][Gralloc]: [-]r_hnd:0x7f7f032ae0, fd:29, ion_hnd(0x4), req_format(0x2), int_fmt(0x2)  byte_stride(3200), flags(0x4), usage(0xb00), size(4096000), alloc_size(4096000) 800(800)X1280(1280) pid(201)  sec (0)
04-08 07:54:34.524   201   201 I [MALI][Gralloc]: [-]r_hnd:0x7f7f032b80, fd:33, ion_hnd(0x5), req_format(0x2), int_fmt(0x2)  byte_stride(3200), flags(0x4), usage(0xb00), size(4096000), alloc_size(4096000) 800(800)X1280(1280) pid(201)  sec (0)
04-08 07:54:34.536   201   201 I [MALI][Gralloc]: [-]r_hnd:0x7f7f032a40, fd:37, ion_hnd(0x6), req_format(0x2), int_fmt(0x2)  byte_stride(3200), flags(0x4), usage(0xb00), size(4096000), alloc_size(4096000) 800(800)X1280(1280) pid(201)  sec (0)
04-08 07:54:34.538   201   201 I PerfService: PerfServiceNative_notifyDisplayType:1
04-08 07:54:34.632   451   473 D BluetoothManagerService: MESSAGE_RESTART_BLUETOOTH_SERVICE
04-08 07:54:34.643   451   473 I ActivityManager: Start proc 1145:com.android.bluetooth/1002 for service com.android.bluetooth/.btservice.AdapterService
04-08 07:54:34.695  1145  1145 I chatty  : uid=1002(bluetooth) com.android.bluetooth expire 33 lines
04-08 07:54:34.713  1145  1160 I chatty  : uid=1002(bluetooth) com.android.bluetooth expire 13 lines
04-08 07:54:34.714  1145  1161 I chatty  : uid=1002(bluetooth) com.android.bluetooth expire 21 lines
04-08 07:54:34.715  1145  1164 I chatty  : uid=1002(bluetooth) com.android.bluetooth expire 1 line
04-08 07:54:34.715  1145  1165 I chatty  : uid=1002(bluetooth) com.android.bluetooth expire 1 line
04-08 07:54:34.717  1145  1166 I chatty  : uid=1002(bluetooth) com.android.bluetooth expire 5 lines
04-08 07:54:34.719   451   451 D BluetoothManagerService: Bluetooth Adapter name changed to Aquaris M8
04-08 07:54:34.719   451   451 D BluetoothManagerService: Stored Bluetooth name: Aquaris M8
04-08 07:54:34.724   451   451 D BluetoothManagerService: BluetoothServiceConnection: com.android.bluetooth.btservice.AdapterService
04-08 07:54:34.724   451   473 D BluetoothManagerService: MESSAGE_BLUETOOTH_SERVICE_CONNECTED: 1
04-08 07:54:34.726   451   473 D BluetoothManagerService: Broadcasting onBluetoothServiceUp() to 4 receivers.
04-08 07:54:34.726   765   780 D BluetoothAdapter: onBluetoothServiceUp: android.bluetooth.IBluetooth$Stub$Proxy@b5dcf9f
04-08 07:54:34.726  1145  1158 I chatty  : uid=1002(bluetooth) com.android.bluetooth expire 1 line
04-08 07:54:34.726   620   637 D BluetoothAdapter: onBluetoothServiceUp: android.bluetooth.IBluetooth$Stub$Proxy@2a6a68c
04-08 07:54:34.727  1145  1157 I chatty  : uid=1002(bluetooth) com.android.bluetooth expire 1 line
04-08 07:54:34.727   451   473 D BluetoothManagerService: MESSAGE_GET_NAME_AND_ADDRESS
04-08 07:54:34.728   451   473 D BluetoothManagerService: Stored Bluetooth name: Aquaris M8
04-08 07:54:34.728   451   473 D BluetoothManagerService: MESSAGE_BLUETOOTH_STATE_CHANGE: OFF > BLE_TURNING_ON
04-08 07:54:34.728   451   473 D BluetoothManagerService: Sending BLE State Change: OFF > BLE_TURNING_ON
04-08 07:54:34.730  1145  1171 I chatty  : uid=1002(bluetooth) com.android.bluetooth expire 1 line
04-08 07:54:34.740  1145  1176 I chatty  : uid=1002(bluetooth) com.android.bluetooth expire 55 lines
04-08 07:54:34.830   474   474 I android.display: type=1400 audit(0.0:439): avc: denied { call } for scontext=u:r:system_server:s0 tcontext=u:r:init:s0 tclass=binder permissive=1
04-08 07:54:34.835   451   474 I WindowManager: ******* TELLING SURFACE FLINGER WE ARE BOOTED!
04-08 07:54:34.836   201   354 I SurfaceFlinger: Boot is finished (16735 ms)
04-08 07:54:34.838   451   474 I SystemServiceManager: Starting phase 1000
04-08 07:54:34.855   187   187 D lights  : set_led_state colorRGB=FF00FF00, onMS=0, offMS=0
04-08 07:54:34.855   187   187 D lights  : blink_green, level=255, onMS=0, offMS=0
04-08 07:54:34.856   187   187 D lights  : write_int open fd=6
04-08 07:54:34.867   451   474 D ActivityManager: Finishing user boot 0
04-08 07:54:34.868   451   474 I ActivityManager: User 0 state changed from BOOTING to RUNNING_LOCKED
04-08 07:54:34.869   451   474 D StorageManagerService: Setting property: sys.user.0.ce_available=true
04-08 07:54:34.870  1181  1181 I bootstat: type=1400 audit(0.0:440): avc: denied { getattr } for path="/system/bin/boot_logo_updater" dev="mmcblk0p21" ino=177 scontext=u:r:bootstat:s0 tcontext=u:object_r:boot_logo_updater_exec:s0 tclass=file permissive=1
04-08 07:54:34.870  1181  1181 I bootstat: type=1400 audit(0.0:441): avc: denied { getattr } for path="/system/bin/kpoc_charger" dev="mmcblk0p21" ino=316 scontext=u:r:bootstat:s0 tcontext=u:object_r:kpoc_charger_exec:s0 tclass=file permissive=1
04-08 07:54:34.874   451   474 I ActivityManager: User 0 state changed from RUNNING_LOCKED to RUNNING_UNLOCKING
04-08 07:54:34.874   451   474 D CryptdConnector: SND -> {5 cryptfs prepare_user_storage ! 0 0 2}
04-08 07:54:34.875   155   165 D vold    : e4crypt_prepare_user_storage for volume null, user 0, serial 0, flags 2
04-08 07:54:34.875   155   165 D vold    : Preparing: /data/system_ce/0
04-08 07:54:34.875   155   165 D vold    : Preparing: /data/misc_ce/0
04-08 07:54:34.875   155   165 D vold    : Preparing: /data/media/0
04-08 07:54:34.875   155   165 D vold    : Preparing: /data/data
04-08 07:54:34.875   451   540 D CryptdConnector: RCV <- {200 5 Command succeeded}
04-08 07:54:34.876   451   474 V UserDataPreparer: Found /data/user/0 with serial number 0
04-08 07:54:34.876   451   474 V UserDataPreparer: Found /data/system_ce/0 with serial number 0
04-08 07:54:34.877   451   474 V PackageManager: reconcileAppsData for null u0 0x2 migrateAppData=false
04-08 07:54:34.880  1181  1181 I bootstat: type=1400 audit(0.0:442): avc: denied { getattr } for path="/system/bin/xlog" dev="mmcblk0p21" ino=547 scontext=u:r:bootstat:s0 tcontext=u:object_r:xlog_exec:s0 tclass=file permissive=1
04-08 07:54:34.880  1181  1181 I bootstat: type=1400 audit(0.0:443): avc: denied { getattr } for path="/system/bin/program_binary_service" dev="mmcblk0p21" ino=422 scontext=u:r:bootstat:s0 tcontext=u:object_r:program_binary_exec:s0 tclass=file permissive=1
04-08 07:54:34.880  1181  1181 I bootstat: type=1400 audit(0.0:444): avc: denied { getattr } for path="/system/bin/audiocmdservice_atci" dev="mmcblk0p21" ino=165 scontext=u:r:bootstat:s0 tcontext=u:object_r:audiocmdservice_atci_exec:s0 tclass=file permissive=1
04-08 07:54:34.896  1181  1181 I bootstat: Service started: /system/bin/bootstat --record_boot_complete 
04-08 07:54:34.896  1181  1181 E bootstat: Failed to read /data/misc/bootstat/post_decrypt_time_elapsed: No such file or directory
04-08 07:54:34.896  1181  1181 E bootstat: Failed to parse boot time record: /data/misc/bootstat/post_decrypt_time_elapsed
04-08 07:54:34.912  1182  1182 I bootstat: Service started: /system/bin/bootstat --record_boot_reason 
04-08 07:54:34.913  1182  1182 I bootstat: Unknown boot reason: wdt_by_pass_pwk
04-08 07:54:34.945  1183  1183 I bootstat: Service started: /system/bin/bootstat --record_time_since_factory_reset 
04-08 07:54:34.968  1184  1184 I bootstat: Service started: /system/bin/bootstat -l 
04-08 07:54:34.981   451   474 V PackageManager: reconcileAppsData finished 95 packages
04-08 07:54:34.982   451   466 I SystemServiceManager: Calling onUnlockUser u0
04-08 07:54:34.984   451   466 D BluetoothManagerService: User 0 unlocked
04-08 07:54:34.984   451   473 D BluetoothManagerService: MESSAGE_USER_UNLOCKED
04-08 07:54:34.984   451   466 D StorageManagerService: onUnlockUser 0
04-08 07:54:34.984   451   466 D VoldConnector: SND -> {6 volume user_started 0}
04-08 07:54:34.985   155   164 D vold    : Linking /storage/emulated/0 to /mnt/user/0/primary
04-08 07:54:34.985   451   539 D VoldConnector: RCV <- {200 6 Command succeeded}
04-08 07:54:34.986   451   550 I chatty  : uid=1000(system) WifiStateMachin expire 1 line
04-08 07:54:34.987   451   550 W WifiConfigManager: No stored networks found.
04-08 07:54:34.988   451   538 D StorageManagerService: Volume emulated broadcasting mounted to UserHandle{0}
04-08 07:54:34.997   451   466 I BackupManagerService: Instantiating BackupManagerService
04-08 07:54:35.010   451   451 I ActivityManager: Start proc 1187:com.android.deskclock/u0a38 for broadcast com.android.deskclock/.AlarmInitReceiver
04-08 07:54:35.017   451   550 D WIFI    : Registering NetworkFactory
04-08 07:54:35.018  1145  1194 I chatty  : uid=1002(bluetooth) com.android.bluetooth expire 21 lines
04-08 07:54:35.018   451   550 D WIFI_UT : Registering NetworkFactory
04-08 07:54:35.019   451   557 D ConnectivityService: Got NetworkFactory Messenger for WIFI
04-08 07:54:35.019   451   557 D ConnectivityService: Got NetworkFactory Messenger for WIFI_UT
04-08 07:54:35.019  1145  1192 I chatty  : uid=1002(bluetooth) com.android.bluetooth expire 5 lines
04-08 07:54:35.031   451   550 D WifiConfigStore: Reading from user store completed in 11 ms.
04-08 07:54:35.032   451   466 I SELinux : SELinux: Loaded file_contexts
04-08 07:54:35.036  1145  1207 I chatty  : uid=1002(bluetooth) com.android.bluetooth expire 11 lines
04-08 07:54:35.037  1145  1208 I chatty  : uid=1002(bluetooth) com.android.bluetooth expire 1 line
04-08 07:54:35.041   605   605 W InputAttributes: No editor info for this field. Bug?
04-08 07:54:35.044  1145  1211 I chatty  : uid=1002(bluetooth) com.android.bluetooth expire 3 lines
04-08 07:54:35.048   451   466 V BackupManagerService: No ancestral data
04-08 07:54:35.070   289   289 I dongled : type=1400 audit(0.0:445): avc: denied { read } for scontext=u:r:usbdongled:s0 tcontext=u:r:usbdongled:s0 tclass=netlink_kobject_uevent_socket permissive=1
04-08 07:54:35.070   451   466 V BackupManagerService: Starting with transport com.google.android.gms/.backup.BackupTransportService
04-08 07:54:35.071   451   466 D BackupTransportManager: Binding to transport: android/com.android.internal.backup.LocalTransportService
04-08 07:54:35.076  1145  1211 F libc    : Fatal signal 11 (SIGSEGV), code 1, fault addr 0x0 in tid 1211 (module_wrapper), pid 1145 (droid.bluetooth)
04-08 07:54:35.084   451   466 I BackupManagerService: Backup enabled => false
04-08 07:54:35.117   451   465 W Searchables: No global search activity found
04-08 07:54:35.126  1227  1227 I chatty  : uid=1002(bluetooth) crash_dump64 expire 2 lines
04-08 07:54:35.127   237   237 I /system/bin/tombstoned: received crash request for pid 1145
04-08 07:54:35.140  1187  1187 I AlarmClock: AlarmInitReceiver android.intent.action.LOCKED_BOOT_COMPLETED
04-08 07:54:35.146  1187  1230 I AlarmClock: Fixing alarm instances
04-08 07:54:35.168  1227  1227 F DEBUG   : *** *** *** *** *** *** *** *** *** *** *** *** *** *** *** ***
04-08 07:54:35.168  1227  1227 F DEBUG   : LineageOS Version: '15.1-20200408-UNOFFICIAL-aquaris_m8'
04-08 07:54:35.168  1227  1227 F DEBUG   : Build fingerprint: 'google/lineage_aquaris_m8/aquaris_m8:8.1.0/OPM7.181205.001/fa120e28f1:userdebug/test-keys'
04-08 07:54:35.168  1227  1227 F DEBUG   : Revision: '0'
04-08 07:54:35.168  1227  1227 F DEBUG   : ABI: 'arm64'
04-08 07:54:35.168  1227  1227 F DEBUG   : pid: 1145, tid: 1211, name: module_wrapper  >>> com.android.bluetooth <<<
