04-08 07:54:35.169  1227  1227 F DEBUG   : signal 11 (SIGSEGV), code 1 (SEGV_MAPERR), fault addr 0x0
04-08 07:54:35.169  1227  1227 F DEBUG   : Cause: null pointer dereference
04-08 07:54:35.169  1227  1227 F DEBUG   :     x0   0000000000000000  x1   0000007eee6dfec0  x2   0000000000000004  x3   0000000000000003
04-08 07:54:35.169  1227  1227 F DEBUG   :     x4   0000000040100401  x5   aaaaa00040404000  x6   0000000000000000  x7   7f7f7f7f7f7f7f7f
04-08 07:54:35.169  1227  1227 F DEBUG   :     x8   01a28258b15e023c  x9   01a28258b15e023c  x10  0000007eee6e0060  x11  0000000000000033
04-08 07:54:35.169  1227  1227 F DEBUG   :     x12  0000007eee6e0198  x13  ffffffffffffffff  x14  ff00000000000000  x15  ffffffffffffffff
04-08 07:54:35.169  1227  1227 F DEBUG   :     x16  0000007f87b66cc8  x17  0000007f871d5804  x18  0000007f8723c000  x19  0000007efc27d228
04-08 07:54:35.169  1227  1227 F DEBUG   :     x20  0000007ef009bac4  x21  0000007eee6e079c  x22  0000000000000003  x23  0000007ef009bac0
04-08 07:54:35.169  1227  1227 F DEBUG   :     x24  0000007eefe609ac  x25  0000007ef009b000  x26  0000007ef009b000  x27  0000007ef009b000
04-08 07:54:35.169  1227  1227 F DEBUG   :     x28  0000007ef009b000  x29  0000007eee6e0770  x30  0000007eefe6309c
04-08 07:54:35.169  1227  1227 F DEBUG   :     sp   0000007eee6e0740  pc   0000007eefe6309c  pstate 0000000060000000
04-08 07:54:35.169   451   451 D BackupTransportManager: Bound to transport: android/com.android.internal.backup.LocalTransportService
04-08 07:54:35.176  1187  1230 V AlarmClock: AlarmInitReceiver finished
04-08 07:54:35.200   451   547 I WifiService: getConfiguredNetworks uid=1000
04-08 07:54:35.208  1227  1227 F DEBUG   : 
04-08 07:54:35.208  1227  1227 F DEBUG   : backtrace:
04-08 07:54:35.208  1227  1227 F DEBUG   :     #00 pc 00000000000da09c  /system/lib64/hw/bluetooth.default.so (parse_read_local_extended_features_response(BT_HDR*, unsigned char*, unsigned char*, bt_device_features_t*, unsigned long)+52)
04-08 07:54:35.208  1227  1227 F DEBUG   :     #01 pc 0000000000076f58  /system/lib64/hw/bluetooth.default.so (start_up()+748)
04-08 07:54:35.208  1227  1227 F DEBUG   :     #02 pc 00000000001999b0  /system/lib64/hw/bluetooth.default.so (module_start_up(module_t const*)+180)
04-08 07:54:35.208  1227  1227 F DEBUG   :     #03 pc 0000000000199df0  /system/lib64/hw/bluetooth.default.so (run_wrapped_start_up(void*)+80)
04-08 07:54:35.208  1227  1227 F DEBUG   :     #04 pc 00000000001a5a60  /system/lib64/hw/bluetooth.default.so (work_queue_read_cb(void*)+92)
04-08 07:54:35.208  1227  1227 F DEBUG   :     #05 pc 00000000001a3cbc  /system/lib64/hw/bluetooth.default.so (run_reactor(reactor_t*, int)+320)
04-08 07:54:35.208  1227  1227 F DEBUG   :     #06 pc 00000000001a3b50  /system/lib64/hw/bluetooth.default.so (reactor_start(reactor_t*)+84)
04-08 07:54:35.208  1227  1227 F DEBUG   :     #07 pc 00000000001a54f8  /system/lib64/hw/bluetooth.default.so (run_thread(void*)+184)
04-08 07:54:35.208  1227  1227 F DEBUG   :     #08 pc 0000000000066068  /system/lib64/libc.so (__pthread_start(void*)+36)
04-08 07:54:35.208  1227  1227 F DEBUG   :     #09 pc 000000000001e9b0  /system/lib64/libc.so (__start_thread+68)
04-08 07:54:35.210   451   463 I ActivityManager: Start proc 1233:android.process.media/u0a8 for broadcast com.android.providers.downloads/.DownloadReceiver
04-08 07:54:35.213   451   550 D WifiConfigStore: Writing to stores completed in 180 ms.
04-08 07:54:35.213   451   550 D WIFI    : got request NetworkRequest [ BACKGROUND_REQUEST id=2, [ Transports: CELLULAR Capabilities: INTERNET&NOT_RESTRICTED&TRUSTED&NOT_VPN] ] with score 0
04-08 07:54:35.213   451   550 D WIFI    : got request NetworkRequest [ REQUEST id=1, [ Capabilities: INTERNET&NOT_RESTRICTED&TRUSTED&NOT_VPN] ] with score 0
04-08 07:54:35.214   451  1186 V KeyValueBackupJob: Scheduling k/v pass in 241 minutes
04-08 07:54:35.215   191   191 I WifiHAL : [WIFI HAL]wifi_get_supported_feature_set: handle=0x7f92c1c600, feature_set=0x80101a
04-08 07:54:35.217   191   191 I WifiHAL : [WIFI HAL]wifi_get_supported_feature_set: handle=0x7f92c1c600, feature_set=0x80101a
04-08 07:54:35.217   170   253 D CommandListener: Setting iface cfg
04-08 07:54:35.217   170   253 D CommandListener: Trying to bring up p2p0
04-08 07:54:35.219   451   466 W SystemServiceManager: Service com.android.server.backup.BackupManagerService$Lifecycle took 228 ms in onUnlockUser 
04-08 07:54:35.219   451   466 W VoiceInteractionManagerService: no available voice interaction services found for user 0
04-08 07:54:35.219   451   466 W VoiceInteractionManagerService: no available voice recognition services found for user 0
04-08 07:54:35.221   451   466 D AutofillManagerServiceImpl: Reset component for user 0
04-08 07:54:35.221   451   466 D AutofillManagerServiceImpl: Reset component for user 0
04-08 07:54:35.223   451   466 I ActivityManager: Loading recents for user 0 into memory.
04-08 07:54:35.223   451   550 D WifiConnectivityHelper: Firmware supported feature set: 80101b
04-08 07:54:35.223   451   467 D AutofillUI: destroySaveUiUiThread(): already destroyed
04-08 07:54:35.224   191   191 I WifiHAL : Get roaming capabilities
04-08 07:54:35.224   191   191 D WifiHAL : WifiRequest::create vendor command to iface 7, vendor_id=0x1a11, subcmd=0x0008, res=0
04-08 07:54:35.228   451  1186 V KeyValueBackupJob: Scheduling k/v pass in 247 minutes
04-08 07:54:35.230   188   188 I memtrack@1.0-se: type=1400 audit(0.0:446): avc: denied { read } for name="gpu_memory" dev="debugfs" ino=43 scontext=u:r:hal_memtrack_default:s0 tcontext=u:object_r:debugfs:s0 tclass=file permissive=1
04-08 07:54:35.230   188   188 I memtrack@1.0-se: type=1400 audit(0.0:447): avc: denied { open } for path="/sys/kernel/debug/mali0/gpu_memory" dev="debugfs" ino=43 scontext=u:r:hal_memtrack_default:s0 tcontext=u:object_r:debugfs:s0 tclass=file permissive=1
04-08 07:54:35.253   451   466 I ActivityManager: Start proc 1242:org.lineageos.audiofx/u0a1 for added application org.lineageos.audiofx
04-08 07:54:35.255   451   466 I ActivityManager: User 0 state changed from RUNNING_UNLOCKING to RUNNING_UNLOCKED
04-08 07:54:35.255   451   466 I ActivityManager: Sending BOOT_COMPLETE user #0
04-08 07:54:35.262   765   765 D CarrierSvcBindHelper: Received android.intent.action.USER_UNLOCKED
04-08 07:54:35.264   795   795 D FallbackHome: User unlocked and real home found; let's go!
04-08 07:54:35.265   451   451 V NotificationListeners: enabling notification listener for 0: ComponentInfo{org.lineageos.trebuchet/com.android.launcher3.notification.NotificationListener}
04-08 07:54:35.265   451   451 V NotificationListeners: binding: Intent { act=android.service.notification.NotificationListenerService cmp=org.lineageos.trebuchet/com.android.launcher3.notification.NotificationListener (has extras) }
04-08 07:54:35.270   289   289 I dongled : type=1400 audit(0.0:448): avc: denied { read } for scontext=u:r:usbdongled:s0 tcontext=u:r:usbdongled:s0 tclass=netlink_kobject_uevent_socket permissive=1
04-08 07:54:35.283   191   191 D WifiHAL : WifiCommand::requestResponse err=-95
04-08 07:54:35.283   451   550 E WifiVendorHal: getRoamingCapabilities(l.2264) failed {.code = ERROR_UNKNOWN, .description = errno: -95 (Unknown error -95)}
04-08 07:54:35.284   451   550 E WifiConnectivityHelper: Failed to get firmware roaming capabilities
04-08 07:54:35.284   451   555 I SupplicantP2pIfaceHal: Registering ISupplicant service ready callback.
04-08 07:54:35.284   451   555 I system_server: Looking for service android.hidl.manager@1.0::IServiceManager/default
04-08 07:54:35.288   451   555 I system_server: Starting thread pool.
04-08 07:54:35.289   451  1186 I BackupManagerService: Found stale backup journal, scheduling
04-08 07:54:35.291   451   785 I SupplicantP2pIfaceHal: IServiceNotification.onRegistration for: android.hardware.wifi.supplicant@1.0::ISupplicant, default preexisting=true
04-08 07:54:35.291   451   785 I system_server: Looking for service android.hardware.wifi.supplicant@1.0::ISupplicant/default
04-08 07:54:35.293   451   785 I system_server: Starting thread pool.
04-08 07:54:35.307   451   785 D SupplicantP2pIfaceHal: entering getInterface()
04-08 07:54:35.308   451   785 E SupplicantP2pIfaceHal: initSupplicantP2pIface got null iface
04-08 07:54:35.308   451   785 E SupplicantP2pIfaceHal: initalizing ISupplicantIfaces failed.
04-08 07:54:35.334   451   451 W ActivityManager: Slow operation: 68ms so far, now at startProcess: returned from zygote!
04-08 07:54:35.334   451   451 W ActivityManager: Slow operation: 69ms so far, now at startProcess: done updating battery stats
04-08 07:54:35.334   451   451 W ActivityManager: Slow operation: 69ms so far, now at startProcess: building log message
04-08 07:54:35.334   451   451 I ActivityManager: Start proc 1274:org.lineageos.trebuchet/u0a23 for service org.lineageos.trebuchet/com.android.launcher3.notification.NotificationListener
04-08 07:54:35.334   451   451 W ActivityManager: Slow operation: 69ms so far, now at startProcess: starting to update pids map
04-08 07:54:35.334   451   451 W ActivityManager: Slow operation: 69ms so far, now at startProcess: done updating pids map
04-08 07:54:35.334   451   451 W ActivityManager: Slow operation: 69ms so far, now at startProcess: done starting proc!
04-08 07:54:35.339   451   550 D WIFI    : got request NetworkRequest [ TRACK_DEFAULT id=3, [ Capabilities: INTERNET&NOT_RESTRICTED&TRUSTED&NOT_VPN] ] with score 0
04-08 07:54:35.339   451   550 D WIFI    : got request NetworkRequest [ TRACK_DEFAULT id=6, [ Capabilities: INTERNET&NOT_RESTRICTED&TRUSTED&NOT_VPN] ] with score 0
04-08 07:54:35.339   451   550 D WIFI_UT : got request NetworkRequest [ BACKGROUND_REQUEST id=2, [ Transports: CELLULAR Capabilities: INTERNET&NOT_RESTRICTED&TRUSTED&NOT_VPN] ] with score 0
04-08 07:54:35.339   451   550 D WIFI_UT : got request NetworkRequest [ REQUEST id=1, [ Capabilities: INTERNET&NOT_RESTRICTED&TRUSTED&NOT_VPN] ] with score 0
04-08 07:54:35.339   451   550 D WIFI_UT : got request NetworkRequest [ TRACK_DEFAULT id=3, [ Capabilities: INTERNET&NOT_RESTRICTED&TRUSTED&NOT_VPN] ] with score 0
04-08 07:54:35.339   451   550 D WIFI_UT : got request NetworkRequest [ TRACK_DEFAULT id=6, [ Capabilities: INTERNET&NOT_RESTRICTED&TRUSTED&NOT_VPN] ] with score 0
04-08 07:54:35.354   451   451 I AccountManagerService: User 0 is unlocked - opening CE database
04-08 07:54:35.370   451  1143 I ActivityManager: Start proc 1285:com.android.smspush/u0a67 for service com.android.smspush/.WapPushManager
04-08 07:54:35.391   451   472 I AppWidgetServiceImpl: Async processing of onUserUnlocked u0 took 172 ms
04-08 07:54:35.405   451   463 I ActivityManager: START u0 {act=android.intent.action.MAIN cat=[android.intent.category.HOME] flg=0x10000100 cmp=org.lineageos.trebuchet/com.android.launcher3.searchlauncher.SearchLauncher} from uid 0
04-08 07:54:35.485   451   458 W JHwRemoteBinder: BinderProxy is being destroyed but the application did not call unlinkToDeath to unlink all of its death recipients beforehand.  Releasing leaked death recipient: com.android.server.wifi.p2p.-$Lambda$gT4KmMIiMXRpxldJVwXfElmESAo$19
04-08 07:54:35.510   188   188 I memtrack@1.0-se: type=1400 audit(0.0:449): avc: denied { read } for name="gpu_memory" dev="debugfs" ino=43 scontext=u:r:hal_memtrack_default:s0 tcontext=u:object_r:debugfs:s0 tclass=file permissive=1
04-08 07:54:35.510   188   188 I memtrack@1.0-se: type=1400 audit(0.0:450): avc: denied { open } for path="/sys/kernel/debug/mali0/gpu_memory" dev="debugfs" ino=43 scontext=u:r:hal_memtrack_default:s0 tcontext=u:object_r:debugfs:s0 tclass=file permissive=1
04-08 07:54:35.520   451   463 W WallpaperManagerService: Cannot extract colors because wallpaper could not be read.
04-08 07:54:35.522  1274  1274 V Launcher: LauncherAppState initiated
04-08 07:54:35.625  1233  1233 D MediaScannerReceiver: action: android.intent.action.MEDIA_MOUNTED path: /storage/emulated/0
04-08 07:54:35.639   451   463 I ActivityManager: Start proc 1331:org.lineageos.lineageparts/1000 for broadcast org.lineageos.lineageparts/.BootReceiver
04-08 07:54:35.760   451   451 I SyncManager: Loaded persisted syncs: 0 periodic syncs, 0 oneshot syncs, 8 total system server jobs, JobStats: FirstLoad: 1/1/0 LastSave: -1/-1/-1
04-08 07:54:35.784   451   465 I ActivityManager: Start proc 1361:com.android.printspooler/u0a64 for service com.android.printspooler/.model.PrintSpoolerService
04-08 07:54:35.802   451   451 I Telecom : DefaultDialerCache: Refreshing default dialer for user 0: now null: DDC.oR@AAw
04-08 07:54:35.810   765   765 D CarrierConfigLoader: mHandler: 13 phoneId: 0
04-08 07:54:35.812  1274  1323 D LoaderTask: loadWorkspace: loading default favorites
04-08 07:54:35.814   451  1369 I RecoverySystem: No recovery log file
04-08 07:54:35.827   451  1375 I ActivityManager: Start proc 1377:android.process.acore/u0a2 for content provider com.android.providers.contacts/.CallLogProvider
04-08 07:54:35.836   451   463 W ActivityManager: Unable to start service Intent { act=com.android.launcher3.WINDOW_OVERLAY dat=app://org.lineageos.trebuchet:10023?v=7&cv=9 pkg=com.google.android.googlequicksearchbox } U=0: not found
04-08 07:54:35.843   451  1369 I BootReceiver: Copying /proc/last_kmsg to DropBox (SYSTEM_LAST_KMSG)
04-08 07:54:35.861  1233  1336 D MediaProfiles: createVideoEncoderCap: checking Video Codec name: h264
04-08 07:54:35.861  1233  1336 D MediaProfiles: createVideoEncoderCap: checking Video Codec name: h263
04-08 07:54:35.861  1233  1336 D MediaProfiles: createVideoEncoderCap: checking Video Codec name: m4v
04-08 07:54:35.861  1233  1336 D MediaProfiles: createAudioEncoderCap: checking Audio Codec name: aac
04-08 07:54:35.861  1233  1336 D MediaProfiles: createAudioEncoderCap: checking Audio Codec name: heaac
04-08 07:54:35.861  1233  1336 D MediaProfiles: createAudioEncoderCap: checking Audio Codec name: aaceld
04-08 07:54:35.861  1233  1336 D MediaProfiles: createAudioEncoderCap: checking Audio Codec name: amrwb
04-08 07:54:35.861  1233  1336 D MediaProfiles: createAudioEncoderCap: checking Audio Codec name: amrnb
04-08 07:54:35.869   451  1369 I BootReceiver: Copying audit failures to DropBox
04-08 07:54:35.871   451   463 I ActivityManager: Start proc 1394:com.android.calendar/u0a33 for broadcast com.android.calendar/.alerts.AlertReceiver
04-08 07:54:35.874   451  1369 I BootReceiver: Copied 2603 worth of audits to DropBox
04-08 07:54:35.889   451  1369 I BootReceiver: boot_fs_shutdown,3582,0
04-08 07:54:35.889   451  1369 I BootReceiver: Checking for fsck errors
04-08 07:54:35.890   451  1369 I BootReceiver: fs_stat, partition:system stat:0x1
04-08 07:54:35.890   451  1369 I BootReceiver: fs_stat, partition:userdata stat:0x3
04-08 07:54:35.890   451  1369 I BootReceiver: fs_stat, partition:cache stat:0x3
04-08 07:54:35.891   451  1369 I BootReceiver: Copying /data/tombstones/tombstone_09 to DropBox (SYSTEM_TOMBSTONE)
04-08 07:54:35.913   765  1408 D SIP     : [SipPreferences] isReceivingCallsEnabled, option not set; use default value, exception: android.provider.Settings$SettingNotFoundException: sip_receive_calls
04-08 07:54:35.921   451  1369 I BootReceiver: Copying /data/tombstones/tombstone_10 to DropBox (SYSTEM_TOMBSTONE)
04-08 07:54:35.953   451   465 I ActivityManager: Start proc 1413:com.android.keychain/1000 for service com.android.keychain/.KeyChainService
04-08 07:54:35.953   451   466 W ActivityManager: Activity pause timeout for ActivityRecord{79f0bdc u0 org.lineageos.trebuchet/com.android.launcher3.searchlauncher.SearchLauncher t21}
04-08 07:54:35.960   451   996 W ActivityManager: Unable to start service Intent { act=com.android.launcher3.WINDOW_OVERLAY dat=app://org.lineageos.trebuchet:10023?v=7&cv=9 pkg=com.google.android.googlequicksearchbox } U=0: not found
04-08 07:54:35.977   451  1369 I BootReceiver: Copying /data/tombstones/tombstone_11 to DropBox (SYSTEM_TOMBSTONE)
04-08 07:54:35.996  1274  1420 D OpenGLRenderer: HWUI GL Pipeline
04-08 07:54:36.028   451   996 D AutofillManagerServiceImpl: Reset component for user 0
04-08 07:54:36.041   451  1369 I BootReceiver: Copying /data/tombstones/tombstone_12 to DropBox (SYSTEM_TOMBSTONE)
04-08 07:54:36.090   289   289 I dongled : type=1400 audit(0.0:451): avc: denied { read } for scontext=u:r:usbdongled:s0 tcontext=u:r:usbdongled:s0 tclass=netlink_kobject_uevent_socket permissive=1
04-08 07:54:36.091   451   461 I zygote64: Background concurrent copying GC freed 16214(1637KB) AllocSpace objects, 43(4MB) LOS objects, 49% free, 9MB/19MB, paused 733us total 164.014ms
04-08 07:54:36.102  1377  1377 I ContactsPerf: VoicemailContentProvider.onCreate start
04-08 07:54:36.108  1377  1377 I ContactsPerf: VoicemailContentProvider.onCreate finish
04-08 07:54:36.108  1394  1394 D ExtensionsFactory: No custom extensions.
04-08 07:54:36.112   451  1369 I BootReceiver: Copying /data/tombstones/tombstone_13 to DropBox (SYSTEM_TOMBSTONE)
04-08 07:54:36.132  1394  1394 D AlertReceiver: onReceive: a=android.intent.action.BOOT_COMPLETED Intent { act=android.intent.action.BOOT_COMPLETED flg=0x9000010 cmp=com.android.calendar/.alerts.AlertReceiver (has extras) }
04-08 07:54:36.164   451  1045 I ActivityManager: Start proc 1448:com.android.contacts/u0a7 for broadcast com.android.contacts/.interactions.OnBootOrUpgradeReceiver
04-08 07:54:36.172  1377  1434 D ContactsDatabaseHelper: WAL enabled for contacts2.db: true
04-08 07:54:36.207  1394  1446 D AlertService: 0 Action = android.intent.action.BOOT_COMPLETED
04-08 07:54:36.212  1394  1446 D AlertService: Scheduling next alarm with AlarmScheduler. sEventReminderReceived: null
04-08 07:54:36.242   451   784 I ActivityManager: Start proc 1464:com.android.providers.calendar/u0a3 for content provider com.android.providers.calendar/.CalendarProvider2
04-08 07:54:36.267  1377  1434 I ContactLocale: AddressBook Labels [[en_US]]: [, A, B, C, D, E, F, G, H, I, J, K, L, M, N, O, P, Q, R, S, T, U, V, W, X, Y, Z, , , , , , , , , , , , , , , , , , , , , , , , , , , , , , , , , , , , , , , , , , , , , , , , , , , , , , , , , , , , , , , , , , , , , , , , , , , , , , , , , , , , , , , , , , , , , , , , , , , , , , , , , , , , , , , , , , , , , , , , , , , , , , , , , , , , , , , , , , , , , , , , , , , , , , , , , , , , , , , , , , , , , , , , , , , , , , , , , , , , , , , , , , , #, ]
04-08 07:54:36.279  1233  1336 V MediaProvider: pruneThumbnails 
04-08 07:54:36.284  1233  1336 V MediaProvider: /pruneDeadThumbnailFiles... 
04-08 07:54:36.292   451   996 W Binder  : Outgoing transactions from this process must be FLAG_ONEWAY
04-08 07:54:36.292   451   996 W Binder  : java.lang.Throwable
04-08 07:54:36.292   451   996 W Binder  : 	at android.os.BinderProxy.transact(Binder.java:754)
04-08 07:54:36.292   451   996 W Binder  : 	at android.content.ContentProviderProxy.getType(ContentProviderNative.java:451)
04-08 07:54:36.292   451   996 W Binder  : 	at com.android.server.am.ActivityManagerService.getProviderMimeType(ActivityManagerService.java:12346)
04-08 07:54:36.292   451   996 W Binder  : 	at android.app.IActivityManager$Stub.onTransact(IActivityManager.java:1799)
04-08 07:54:36.292   451   996 W Binder  : 	at com.android.server.am.ActivityManagerService.onTransact(ActivityManagerService.java:2990)
04-08 07:54:36.292   451   996 W Binder  : 	at android.os.Binder.execTransact(Binder.java:697)
04-08 07:54:36.300  1187  1187 I AlarmClock: AlarmInitReceiver android.intent.action.BOOT_COMPLETED
04-08 07:54:36.311  1187  1230 I AlarmClock: Fixing alarm instances
04-08 07:54:36.322  1187  1230 V AlarmClock: AlarmInitReceiver finished
04-08 07:54:36.323  1377  1434 D ContactsDatabaseHelper: WAL enabled for profile.db: false
04-08 07:54:36.335   451  1045 I ActivityManager: Start proc 1483:com.android.email/u0a40 for broadcast com.android.email/.service.EmailBroadcastReceiver
04-08 07:54:36.363  1464  1464 I CalendarProvider2: Created com.android.providers.calendar.CalendarAlarmManager@3463907(com.android.providers.calendar.CalendarProvider2@cb09a34)
04-08 07:54:36.394  1394  1446 D AlarmScheduler: No events found starting within 1 week.
04-08 07:54:36.457   451  1045 I ActivityManager: Start proc 1501:com.android.exchange/u0a43 for service com.android.exchange/.service.EasService
04-08 07:54:36.464  1483  1510 D ActivityThread: Loading provider com.android.email.provider;com.android.email.notifier: com.android.email.provider.EmailProvider
04-08 07:54:36.467  1483  1514 D ActivityThread: Loading provider com.android.email.provider;com.android.email.notifier: com.android.email.provider.EmailProvider
04-08 07:54:36.471  1483  1517 D ActivityThread: Loading provider com.android.email.provider;com.android.email.notifier: com.android.email.provider.EmailProvider
04-08 07:54:36.506   605   605 I SystemBroadcastReceiver: Boot has been completed
04-08 07:54:36.506   605   605 I SystemBroadcastReceiver: toggleAppIcon() : FLAG_SYSTEM = true
04-08 07:54:36.526   451   784 I ActivityManager: Start proc 1526:com.android.managedprovisioning/u0a14 for broadcast com.android.managedprovisioning/.preprovisioning.BootReminder
04-08 07:54:36.527   237   237 E /system/bin/tombstoned: Tombstone written to: /data/tombstones/tombstone_13
04-08 07:54:36.530   451   996 W ActivityManager: Unable to start service Intent { cmp=com.android.email/.service.AttachmentService } U=0: not found
04-08 07:54:36.537   451   996 W ActivityManager: Unable to start service Intent { cmp=com.android.email/.service.AttachmentService } U=0: not found
04-08 07:54:36.537  1483  1532 I Email   : Observing account changes for notifications
04-08 07:54:36.538  1501  1501 I Exchange: EasService.onCreate
04-08 07:54:36.542   451  1143 W ActivityManager: Unable to start service Intent { cmp=com.android.email/.service.AttachmentService } U=0: not found
04-08 07:54:36.548   451   996 W ActivityManager: Unable to start service Intent { cmp=com.android.email/.service.AttachmentService } U=0: not found
04-08 07:54:36.553  1501  1544 I Exchange: RestartPingTask
04-08 07:54:36.568  1501  1501 I Exchange: RestartPingsTask did not start any pings.
04-08 07:54:36.568  1501  1501 I Exchange: PSS stopIfIdle
04-08 07:54:36.568  1483  1483 E ActivityThread: Service com.android.email.service.EmailBroadcastProcessorService has leaked ServiceConnection com.android.emailcommon.service.ServiceProxy$ProxyConnection@2f2b1ce that was originally bound here
04-08 07:54:36.568  1483  1483 E ActivityThread: android.app.ServiceConnectionLeaked: Service com.android.email.service.EmailBroadcastProcessorService has leaked ServiceConnection com.android.emailcommon.service.ServiceProxy$ProxyConnection@2f2b1ce that was originally bound here
04-08 07:54:36.568  1483  1483 E ActivityThread: 	at android.app.LoadedApk$ServiceDispatcher.<init>(LoadedApk.java:1532)
04-08 07:54:36.568  1483  1483 E ActivityThread: 	at android.app.LoadedApk.getServiceDispatcher(LoadedApk.java:1424)
04-08 07:54:36.568  1483  1483 E ActivityThread: 	at android.app.ContextImpl.bindServiceCommon(ContextImpl.java:1605)
04-08 07:54:36.568  1483  1483 E ActivityThread: 	at android.app.ContextImpl.bindService(ContextImpl.java:1557)
04-08 07:54:36.568  1483  1483 E ActivityThread: 	at android.content.ContextWrapper.bindService(ContextWrapper.java:684)
04-08 07:54:36.568  1483  1483 E ActivityThread: 	at com.android.emailcommon.service.ServiceProxy.setTask(ServiceProxy.java:189)
04-08 07:54:36.568  1483  1483 E ActivityThread: 	at com.android.emailcommon.service.ServiceProxy.test(ServiceProxy.java:234)
04-08 07:54:36.568  1483  1483 E ActivityThread: 	at com.android.email.service.EmailServiceUtils.isServiceAvailable(EmailServiceUtils.java:160)
04-08 07:54:36.568  1483  1483 E ActivityThread: 	at com.android.email.provider.AccountReconciler.reconcileAccountsInternal(AccountReconciler.java:171)
04-08 07:54:36.568  1483  1483 E ActivityThread: 	at com.android.email.provider.AccountReconciler.reconcileAccounts(AccountReconciler.java:115)
04-08 07:54:36.568  1483  1483 E ActivityThread: 	at com.android.email.service.EmailBroadcastProcessorService.reconcileAndStartServices(EmailBroadcastProcessorService.java:309)
04-08 07:54:36.568  1483  1483 E ActivityThread: 	at com.android.email.service.EmailBroadcastProcessorService.onBootCompleted(EmailBroadcastProcessorService.java:295)
04-08 07:54:36.568  1483  1483 E ActivityThread: 	at com.android.email.service.EmailBroadcastProcessorService.onHandleIntent(EmailBroadcastProcessorService.java:130)
04-08 07:54:36.568  1483  1483 E ActivityThread: 	at android.app.IntentService$ServiceHandler.handleMessage(IntentService.java:76)
04-08 07:54:36.568  1483  1483 E ActivityThread: 	at android.os.Handler.dispatchMessage(Handler.java:106)
04-08 07:54:36.568  1483  1483 E ActivityThread: 	at android.os.Looper.loop(Looper.java:164)
04-08 07:54:36.568  1483  1483 E ActivityThread: 	at android.os.HandlerThread.run(HandlerThread.java:65)
04-08 07:54:36.568  1501  1501 I Exchange: PSS has no active accounts; stopping service.
04-08 07:54:36.579  1501  1501 I Exchange: onDestroy
04-08 07:54:36.602   451   996 I ActivityManager: Start proc 1550:com.android.onetimeinitializer/u0a15 for broadcast com.android.onetimeinitializer/.OneTimeInitializerReceiver
04-08 07:54:36.627  1550  1550 V OneTimeInitializerReceiver: OneTimeInitializerReceiver.onReceive
04-08 07:54:36.632   451   996 I ActivityManager: Process com.android.bluetooth (pid 1145) has died: psvc IMPF
04-08 07:54:36.632   451   451 D BluetoothManagerService: BluetoothServiceConnection, disconnected: com.android.bluetooth.btservice.AdapterService
04-08 07:54:36.632   451   468 W system_server: kill(-1145, 9) failed: No such process
04-08 07:54:36.632   451   996 W ActivityManager: Scheduling restart of crashed service com.android.bluetooth/.btservice.AdapterService in 1000ms
04-08 07:54:36.632   451   996 W ActivityManager: Scheduling restart of crashed service com.android.bluetooth/.gatt.GattService in 10999ms
04-08 07:54:36.633   451   473 E BluetoothManagerService: MESSAGE_BLUETOOTH_SERVICE_DISCONNECTED(1)
04-08 07:54:36.633   451   473 D BluetoothManagerService: Broadcasting onBluetoothServiceDown() to 3 receivers.
04-08 07:54:36.633   765   780 D BluetoothAdapter: onBluetoothServiceDown: android.bluetooth.IBluetooth$Stub$Proxy@b5dcf9f
04-08 07:54:36.633   451   473 D BluetoothAdapter: onBluetoothServiceDown: android.bluetooth.IBluetooth$Stub$Proxy@d49f200
04-08 07:54:36.633   620   634 D BluetoothAdapter: onBluetoothServiceDown: android.bluetooth.IBluetooth$Stub$Proxy@2a6a68c
04-08 07:54:36.643   171   171 I Zygote  : Process 1145 exited due to signal (11)
04-08 07:54:36.645   451   463 I ActivityManager: Start proc 1568:com.android.packageinstaller/u0a17 for broadcast com.android.packageinstaller/.TemporaryFileManager
04-08 07:54:36.676   451   468 W system_server: kill(-1145, 9) failed: No such process
04-08 07:54:36.676   451   468 I system_server: Successfully killed process cgroup uid 1002 pid 1145 in 43ms
04-08 07:54:36.696   765   765 I VvmSimStateTracker: android.intent.action.BOOT_COMPLETED
04-08 07:54:36.833   451   473 D BluetoothManagerService: MESSAGE_RESTART_BLUETOOTH_SERVICE
04-08 07:54:36.840  1242  1586 D AudioFx-AudioOutputChangeListener: onAudioOutputChanged id: 2 type: 2 name: Aquaris M8 address:  [android.media.AudioDeviceInfo@4dd0321]
04-08 07:54:36.850   451   473 I ActivityManager: Start proc 1589:com.android.bluetooth/1002 for service com.android.bluetooth/.btservice.AdapterService
04-08 07:54:36.857  1331  1331 D ReportingServiceManager: Next sync attempt in : 22 hours
04-08 07:54:36.868   451   996 I ActivityManager: Start proc 1604:org.lineageos.lockclock/u0a59 for broadcast org.lineageos.lockclock/.ClockWidgetProvider
04-08 07:54:36.870   289   289 I dongled : type=1400 audit(0.0:452): avc: denied { read } for scontext=u:r:usbdongled:s0 tcontext=u:r:usbdongled:s0 tclass=netlink_kobject_uevent_socket permissive=1
04-08 07:54:36.918  1589  1589 I chatty  : uid=1002(bluetooth) com.android.bluetooth expire 17 lines
04-08 07:54:36.931   451  1567 I ActivityManager: Start proc 1624:org.lineageos.updater/u0a25 for broadcast org.lineageos.updater/.UpdaterReceiver
04-08 07:54:36.964  1589  1641 I chatty  : uid=1002(bluetooth) com.android.bluetooth expire 2 lines
04-08 07:54:36.965  1589  1639 I chatty  : uid=1002(bluetooth) com.android.bluetooth expire 1 line
04-08 07:54:36.965  1589  1641 E bt_osi_config: config_new unable to open file '/data/misc/bluedroid/bt_config.conf': No such file or directory
04-08 07:54:36.965  1589  1641 W bt_btif_config: init unable to load config file: /data/misc/bluedroid/bt_config.conf; using backup.
04-08 07:54:36.965  1589  1641 E bt_osi_config: config_new unable to open file '/data/misc/bluedroid/bt_config.bak': No such file or directory
04-08 07:54:36.965  1589  1641 W bt_btif_config: init unable to load backup; attempting to transcode legacy file.
04-08 07:54:36.965  1589  1641 E bt_btif_config_transcode: btif_config_transcode unable to load XML file '/data/misc/bluedroid/bt_config.xml': 3
04-08 07:54:36.965  1589  1641 E bt_btif_config: init unable to transcode legacy file; creating empty config.
04-08 07:54:36.966  1589  1644 I bt_osi_thread: run_thread: thread id 1644, thread name alarm_default_ca started
04-08 07:54:36.967  1589  1645 I bt_osi_thread: run_thread: thread id 1645, thread name alarm_dispatcher started
04-08 07:54:36.969  1589  1641 I bt_btif_core: btif_init_bluetooth entered
04-08 07:54:36.969  1589  1641 I bt_stack_config: init attempt to load stack conf from /etc/bluetooth/bt_stack.conf
04-08 07:54:36.970  1589  1646 I bt_osi_thread: run_thread: thread id 1646, thread name bt_jni_workqueue started
04-08 07:54:36.970  1589  1641 I bt_btif_core: btif_init_bluetooth finished
04-08 07:54:36.970  1589  1641 I bt_stack_manager: event_init_stack finished
04-08 07:54:36.970  1589  1589 I bt_osi_wakelock: wakelock_set_os_callouts set to non-native
04-08 07:54:36.970  1589  1589 I bt_btif : get_profile_interface: id = socket
04-08 07:54:36.970  1589  1589 W bt_btif : do_in_jni_thread: Dropped message, message_loop not initialized yet!
04-08 07:54:36.970  1589  1589 W bt_btif : do_in_jni_thread: Dropped message, message_loop not initialized yet!
04-08 07:54:36.970  1589  1646 I bt_btif_core: run_message_loop entered
04-08 07:54:36.973  1589  1589 I bt_btif : get_profile_interface: id = sdp
04-08 07:54:36.976  1589  1589 I BluetoothAdapterService: Phone policy enabled
04-08 07:54:36.977  1589  1589 D BluetoothAdapterService: setAdapterService() - set to: null
04-08 07:54:36.978  1589  1589 D BluetoothAdapterService: onBind()
04-08 07:54:36.980   451   451 D BluetoothManagerService: BluetoothServiceConnection: com.android.bluetooth.btservice.AdapterService
04-08 07:54:36.980   451   473 D BluetoothManagerService: MESSAGE_BLUETOOTH_SERVICE_CONNECTED: 1
04-08 07:54:36.981   451   473 D BluetoothManagerService: Broadcasting onBluetoothServiceUp() to 4 receivers.
04-08 07:54:36.981   451   473 D BluetoothAdapter: onBluetoothServiceUp: android.bluetooth.IBluetooth$Stub$Proxy@148e866
04-08 07:54:36.982   765   780 D BluetoothAdapter: onBluetoothServiceUp: android.bluetooth.IBluetooth$Stub$Proxy@b8e6525
04-08 07:54:36.982   620   634 D BluetoothAdapter: onBluetoothServiceUp: android.bluetooth.IBluetooth$Stub$Proxy@b82b8db
04-08 07:54:36.982  1589  1612 D BluetoothAdapter: onBluetoothServiceUp: com.android.bluetooth.btservice.AdapterService$AdapterServiceBinder@30971f7
04-08 07:54:36.983  1589  1610 D BluetoothAdapterService: enable() - Enable called with quiet mode status =  false
04-08 07:54:36.983  1589  1639 D BluetoothAdapterState: Current state: OFF, message: 0
04-08 07:54:36.983  1589  1639 D BluetoothAdapterProperties: Setting state to 14
04-08 07:54:36.983  1589  1639 I BluetoothAdapterState: Bluetooth adapter state changed: 10-> 14
04-08 07:54:36.983  1589  1639 D BluetoothAdapterService: updateAdapterState() - Broadcasting state to 1 receivers.
04-08 07:54:36.984   451   473 D BluetoothManagerService: MESSAGE_GET_NAME_AND_ADDRESS
04-08 07:54:36.984  1589  1639 D BluetoothAdapterService: BleOnProcessStart()
04-08 07:54:36.986  1589  1639 D BluetoothAdapterService: BleOnProcessStart() - Make Bond State Machine
04-08 07:54:36.986   451   473 D BluetoothManagerService: MESSAGE_BLUETOOTH_STATE_CHANGE: OFF > BLE_TURNING_ON
04-08 07:54:36.986   451   473 D BluetoothManagerService: Sending BLE State Change: OFF > BLE_TURNING_ON
04-08 07:54:36.986  1589  1639 D BluetoothBondStateMachine: make
04-08 07:54:36.987  1589  1651 I BluetoothBondStateMachine: StableState(): Entering Off State
04-08 07:54:36.987  1589  1639 D BluetoothAdapterService: setProfileServiceState() - Starting service com.android.bluetooth.gatt.GattService
04-08 07:54:36.989  1589  1639 I BluetoothAdapterState: Entering PendingCommandState
04-08 07:54:36.990  1589  1589 I BtGatt.JNI: classInitNative(L871): classInitNative: Success!
04-08 07:54:36.992  1589  1589 D BtGatt.DebugUtils: handleDebugAction() action=null
04-08 07:54:36.992  1589  1589 D BluetoothAdapterService: getAdapterService() - returning com.android.bluetooth.btservice.AdapterService@c835ea3
04-08 07:54:36.993  1589  1589 D BtGatt.GattService: Received start request. Starting profile...
04-08 07:54:36.993  1589  1589 I bt_btif : get_profile_interface: id = gatt
04-08 07:54:36.993  1589  1589 D BluetoothAdapterService: getAdapterService() - returning com.android.bluetooth.btservice.AdapterService@c835ea3
04-08 07:54:36.998  1589  1589 D BluetoothAdapterService: getAdapterService() - returning com.android.bluetooth.btservice.AdapterService@c835ea3
04-08 07:54:36.999  1589  1589 D BluetoothAdapterService: handleMessage() - Message: 1
04-08 07:54:36.999  1589  1589 D BluetoothAdapterService: handleMessage() - MESSAGE_PROFILE_SERVICE_STATE_CHANGED
04-08 07:54:36.999  1589  1589 D BluetoothAdapterService: processProfileServiceStateChanged() - serviceName=com.android.bluetooth.gatt.GattService isTurningOn=false isTurningOff=false isBleTurningOn=true isBleTurningOff=false
04-08 07:54:36.999  1589  1589 D BluetoothAdapterService: GattService is started
04-08 07:54:36.999  1589  1639 V BluetoothAdapterState: PendingCommand - transient state(s): isBleTurningOn
04-08 07:54:36.999  1589  1639 D BluetoothAdapterState: Current state: PENDING_COMMAND, message: 4
04-08 07:54:37.000  1589  1639 I bt_btif : enable: start restricted = 0
04-08 07:54:37.000  1589  1641 I bt_stack_manager: event_start_up_stack is bringing up the stack
04-08 07:54:37.000  1589  1641 I bt_core_module: module_start_up Starting module "btif_config_module"
04-08 07:54:37.000  1589  1641 I bt_core_module: module_start_up Started module "btif_config_module"
04-08 07:54:37.001  1589  1641 I bt_core_module: module_start_up Starting module "btsnoop_module"
04-08 07:54:37.001  1589  1641 I bt_core_module: module_start_up Started module "btsnoop_module"
04-08 07:54:37.001  1589  1641 I bt_core_module: module_start_up Starting module "hci_module"
04-08 07:54:37.001  1589  1641 I bt_hci  : hci_module_start_up
04-08 07:54:37.001  1589  1657 I bt_osi_thread: run_thread: thread id 1657, thread name hci_thread started
04-08 07:54:37.001  1589  1641 D bt_hci  : hci_module_start_up starting async portion
04-08 07:54:37.001  1589  1657 I bt_hci  : hci_initialize
04-08 07:54:37.003  1589  1657 D vndksupport: Loading /vendor/lib64/hw/android.hardware.bluetooth@1.0-impl-mediatek.so from current namespace instead of sphal namespace.
04-08 07:54:37.005  1589  1657 I bt_hci  : hci_initialize: IBluetoothHci::getService() returned 0x7f06950b40 (local)
04-08 07:54:37.005  1589  1657 I mtk.hal.bt@1.0-impl: BluetoothHci::initialize()
04-08 07:54:37.008  1589  1657 W [BT]    : mtk_bt_init #46
04-08 07:54:37.008  1589  1657 D mtk.hal.bt@1.0-impl: Open vendor library loaded
04-08 07:54:37.008  1589  1657 D [BT]    : mtk_bt_op: BT_VND_OP_POWER_CTRL 1
04-08 07:54:37.008  1589  1657 D [BT]    : mtk_bt_op: BT_VND_OP_USERIAL_OPEN
04-08 07:54:37.008  1589  1657 W [BT]    : init_uart #104
04-08 07:54:37.010  1624  1624 D UpdatesCheckReceiver: Setting automatic updates check: Wed Apr 15 07:54:37 GMT-11:00 2020
04-08 07:54:37.011  1624  1624 D UpdatesCheckReceiver: Network not available, scheduling new check
04-08 07:54:37.012  1624  1624 D UpdatesCheckReceiver: Setting one-shot updates check: Wed Apr 08 09:54:37 GMT-11:00 2020
04-08 07:54:37.013   451  1567 I ActivityManager: Finished processing BOOT_COMPLETED for u0
04-08 07:54:37.024   451  1567 I ActivityManager: Start proc 1660:org.lineageos.eleven/u0a10 for broadcast org.lineageos.eleven/.appwidgets.AppWidgetLarge
04-08 07:54:37.043   605   605 I LatinIME: Timeout waiting for dictionary load
04-08 07:54:37.070  1657  1657 I hci_thread: type=1400 audit(0.0:453): avc: denied { read write } for name="mmcblk0p2" dev="tmpfs" ino=3520 scontext=u:r:bluetooth:s0 tcontext=u:object_r:platformblk_device:s0 tclass=blk_file permissive=1
04-08 07:54:37.070  1657  1657 I hci_thread: type=1400 audit(0.0:454): avc: denied { open } for path="/dev/block/mmcblk0p2" dev="tmpfs" ino=3520 scontext=u:r:bluetooth:s0 tcontext=u:object_r:platformblk_device:s0 tclass=blk_file permissive=1
04-08 07:54:37.078  1589  1657 D [BT]    : mtk_bt_op: BT_VND_OP_FW_CFG
04-08 07:54:37.078  1589  1657 W [BT]    : mtk_fw_cfg #217
04-08 07:54:37.079  1589  1657 D [BT]    : bt_get_combo_id: Get combo chip id retry 0
04-08 07:54:37.079  1589  1657 D [BT]    : bt_get_combo_id: Combo chip id 8163
04-08 07:54:37.079  1589  1657 W [BT]    : bt_read_nvram #161
04-08 07:54:37.079  1589  1657 D [BT]    : bt_read_nvram: Get NVRAM ready retry 0
04-08 07:54:37.079  1589  1657 D NVRAM   : NVM_GetFileDesc ++
04-08 07:54:37.079  1589  1657 D NVRAM   : length of g_NVRAM_BACKUP_DEVICE=59
04-08 07:54:37.079  1589  1657 D NVRAM   : failed to get entry for /nvdata 
04-08 07:54:37.079  1589  1657 D NVRAM   : failed to get nvdata path /nvdata 
04-08 07:54:37.079  1589  1657 D NVRAM   : nvram_layout_callback will run!!!
04-08 07:54:37.079  1589  1657 D NVRAM   : nvram_platform_log_block: 2
04-08 07:54:37.079  1589  1657 D NVRAM   : nvram_platform_resv_block: 2
04-08 07:54:37.079  1589  1657 D NVRAM   : nvram_platform_DM_block: 1
04-08 07:54:37.079  1589  1657 D NVRAM   : nvram_platform_layout_version: 0
04-08 07:54:37.079  1589  1657 D NVRAM   : nvram_platform_header_offset: 0
04-08 07:54:37.079  1589  1657 D NVRAM   : g_i4CFG_File_Count: 49
04-08 07:54:37.079  1589  1657 D NVRAM   : NVM_Init Max Lid: 71
04-08 07:54:37.079  1589  1657 D NVRAM   : [NVRAM]: info nvram_gpt_flag =1
04-08 07:54:37.080  1589  1657 D NVRAM   : NVM_GetCfgFileTable : file_lid = 1
04-08 07:54:37.080  1589  1657 D NVRAM   : NVM_GetCfgFileTable done
04-08 07:54:37.080  1589  1657 D NVRAM   : Open /data/nvram/APCFG/APRDEB/BT_Addr,LID:1
04-08 07:54:37.080  1589  1657 D NVRAM   : NVM_CmpFileVerNo 1  
04-08 07:54:37.080  1589  1657 D NVRAM   : NVM_GetCfgFileTable : file_lid = 1
04-08 07:54:37.080  1589  1657 D NVRAM   : Check if FILE_VER exists before openning it!
04-08 07:54:37.080  1589  1657 D NVRAM   : NVM_CheckVerFile: 1
04-08 07:54:37.080  1589  1657 D NVRAM   : New version info file
04-08 07:54:37.080  1589  1657 D NVRAM   : Load File Version: 001, NvRam File Version: 001
04-08 07:54:37.080  1589  1657 D NVRAM   : no need to enc/dnc
04-08 07:54:37.080  1589  1657 D NVRAM   : NVM_CheckFileSize : 1 ++
04-08 07:54:37.080  1589  1657 D NVRAM   : iCustomBeginLID = 49
04-08 07:54:37.080  1589  1657 D NVRAM   : NVM_CheckVerFile: 1
04-08 07:54:37.080  1589  1657 D NVRAM   : NVM_GetCfgFileTable : file_lid = 1
04-08 07:54:37.080  1589  1657 D NVRAM   : NVM_CheckFileSize:stat_size:66,size in table:64
04-08 07:54:37.080  1589  1657 D NVRAM   : NVM_ProtectUserData
04-08 07:54:37.080  1589  1657 D NVRAM   : NVM_ProtectUserData:Check File
04-08 07:54:37.080  1589  1657 D NVRAM   : NVM_CheckFile: File is correct!
04-08 07:54:37.080  1589  1657 D NVRAM   : NVM_ProtectUserData:Check Success
04-08 07:54:37.080  1589  1657 D NVRAM   : NVM_GetFileDesc ProtectDataFile Check Success!!
04-08 07:54:37.080  1589  1657 D NVRAM   : NVM_GetFileDesc --
04-08 07:54:37.081  1589  1657 D NVRAM   : no need to enc/dnc
04-08 07:54:37.081  1589  1657 D NVRAM   : NVM_CloseFileDesc: Open by Readonly, no need to check when close
04-08 07:54:37.081  1589  1657 W [BT]    : mtk_fw_cfg: [BDAddr 00-00-46-81-63-01][Voice 60 00][Codec 23 10 00 00]             [Radio 07 80 00 06 05 07][Sleep 03 40 1f 40 1f 00 04][BtFTR 80 00]             [TxPWOffset ff ff ff][CoexAdjust 00 00 00 00 00 00]             [Radio_ext 00 00][TxPWOffset_ext 00 00 00]
04-08 07:54:37.081  1589  1657 D [BT]    : BT_InitDevice: BT_InitDevice
04-08 07:54:37.081  1589  1676 D [BT]    : GORM_FW_Init_Thread: FW init thread starts
04-08 07:54:37.081  1589  1676 W [BT]    : GORM_FW_Init_Thread: A-D die chip id: 8163
04-08 07:54:37.081  1589  1676 W [BT]    : GORMcmd_HCC_Set_Local_BD_Addr: NVRAM BD address has valid value
04-08 07:54:37.081  1589  1676 D [BT]    : GORMcmd_HCC_Set_Local_BD_Addr: GORMcmd_HCC_Set_Local_BD_Addr
04-08 07:54:37.081  1589  1676 W [BT]    : GORMcmd_HCC_Set_Local_BD_Addr: Write BD address: 00-00-46-81-63-01
04-08 07:54:37.081  1589  1676 D [BT]    : mtk_bt_op: BT_VND_OP_LPM_WAKE_SET_STATE
04-08 07:54:37.082  1589  1675 D [BT]    : GORMevt_HCE_Common_Complete: GORMevt_HCE_Common_Complete
04-08 07:54:37.082  1589  1676 D [BT]    : GORM_FW_Init_Thread: The event of command 0 success
04-08 07:54:37.082  1589  1676 D [BT]    : GORMcmd_HCC_Set_Radio: GORMcmd_HCC_Set_Radio
04-08 07:54:37.083  1589  1675 D [BT]    : GORMevt_HCE_Common_Complete: GORMevt_HCE_Common_Complete
04-08 07:54:37.084  1589  1676 D [BT]    : GORM_FW_Init_Thread: The event of command 1 success
04-08 07:54:37.084  1589  1676 D [BT]    : GORMcmd_HCC_Set_TX_Power_Offset: GORMcmd_HCC_Set_TX_Power_Offset
04-08 07:54:37.085  1589  1675 D [BT]    : GORMevt_HCE_Common_Complete: GORMevt_HCE_Common_Complete
04-08 07:54:37.085  1589  1676 D [BT]    : GORM_FW_Init_Thread: The event of command 2 success
04-08 07:54:37.085  1589  1676 D [BT]    : GORMcmd_HCC_Set_Sleep_Timeout: GORMcmd_HCC_Set_Sleep_Timeout
04-08 07:54:37.086  1589  1675 D [BT]    : GORMevt_HCE_Common_Complete: GORMevt_HCE_Common_Complete
04-08 07:54:37.086  1589  1676 D [BT]    : GORM_FW_Init_Thread: The event of command 3 success
04-08 07:54:37.086  1589  1676 D [BT]    : GORMcmd_HCC_RESET: GORMcmd_HCC_RESET
04-08 07:54:37.103  1589  1675 D [BT]    : GORMevt_HCE_Common_Complete: GORMevt_HCE_Common_Complete
04-08 07:54:37.103  1589  1676 D [BT]    : GORM_FW_Init_Thread: The event of command 4 success
04-08 07:54:37.103  1589  1676 D mtk.hal.bt@1.0-impl: OnFirmwareConfigured result: 0
04-08 07:54:37.103  1589  1676 I mtk.hal.bt@1.0-impl: Firmware configured in 0.025s
04-08 07:54:37.103  1589  1676 D [BT]    : mtk_bt_op: BT_VND_OP_GET_LPM_IDLE_TIMEOUT
04-08 07:54:37.103  1589  1657 I bt_hci  : event_finish_startup
04-08 07:54:37.103  1589  1676 I mtk.hal.bt@1.0-impl: OnFirmwareConfigured: lpm_timeout_ms 5000
04-08 07:54:37.103  1589  1676 D [BT]    : mtk_bt_op: BT_VND_OP_LPM_SET_MODE 1
04-08 07:54:37.103  1589  1676 D mtk.hal.bt@1.0-impl: OnFirmwareConfigured Calling StartLowPowerWatchdog()
04-08 07:54:37.103  1589  1641 I bt_core_module: module_start_up Started module "hci_module"
04-08 07:54:37.104  1589  1678 I bt_osi_thread: run_thread: thread id 1678, thread name bt_workqueue started
04-08 07:54:37.104  1589  1678 I         : [0408/075437:INFO:btu_task.cc(107)] Bluetooth chip preload is complete
04-08 07:54:37.104  1589  1678 I         : [0408/075437:INFO:gatt_api.cc(1004)] GATT_Register
04-08 07:54:37.104  1589  1678 I         : [0408/075437:INFO:gatt_api.cc(1027)] allocated gatt_if=1
04-08 07:54:37.104  1589  1678 I         : [0408/075437:INFO:gatt_api.cc(207)] GATTS_AddService
04-08 07:54:37.104  1589  1678 I         : [0408/075437:INFO:gatt_api.cc(317)] GATTS_AddService: service parsed correctly, now starting
04-08 07:54:37.105  1589  1678 E         : [0408/075437:ERROR:gatt_attr.cc(301)] gatt_profile_db_init:  gatt_if=1
04-08 07:54:37.105  1589  1678 I         : [0408/075437:INFO:gatt_api.cc(1004)] GATT_Register
04-08 07:54:37.105  1589  1678 I         : [0408/075437:INFO:gatt_api.cc(1027)] allocated gatt_if=2
04-08 07:54:37.105  1589  1678 I         : [0408/075437:INFO:gatt_api.cc(207)] GATTS_AddService
04-08 07:54:37.105  1589  1678 I         : [0408/075437:INFO:gatt_api.cc(317)] GATTS_AddService: service parsed correctly, now starting
04-08 07:54:37.105  1589  1680 I bt_osi_thread: run_thread: thread id 1680, thread name btu message loop started
04-08 07:54:37.106  1589  1681 I bt_osi_thread: run_thread: thread id 1681, thread name module_wrapper started
04-08 07:54:37.106  1589  1681 I bt_core_module: module_start_up Starting module "controller_module"
04-08 07:54:37.132  1589  1681 E bt_hci  : read_command_complete_header: return status - 0x30
04-08 07:54:37.132  1589  1681 F libc    : Fatal signal 11 (SIGSEGV), code 1, fault addr 0x0 in tid 1681 (module_wrapper), pid 1589 (droid.bluetooth)
04-08 07:54:37.180  1684  1684 I crash_dump64: obtaining output fd from tombstoned, type: kDebuggerdTombstone
04-08 07:54:37.181   237   237 I /system/bin/tombstoned: received crash request for pid 1589
04-08 07:54:37.182  1684  1684 I crash_dump64: performing dump of process 1589 (target tid = 1681)
04-08 07:54:37.182  1684  1684 F DEBUG   : *** *** *** *** *** *** *** *** *** *** *** *** *** *** *** ***
04-08 07:54:37.182  1684  1684 F DEBUG   : LineageOS Version: '15.1-20200408-UNOFFICIAL-aquaris_m8'
04-08 07:54:37.182  1684  1684 F DEBUG   : Build fingerprint: 'google/lineage_aquaris_m8/aquaris_m8:8.1.0/OPM7.181205.001/fa120e28f1:userdebug/test-keys'
04-08 07:54:37.182  1684  1684 F DEBUG   : Revision: '0'
04-08 07:54:37.182  1684  1684 F DEBUG   : ABI: 'arm64'
04-08 07:54:37.182  1684  1684 F DEBUG   : pid: 1589, tid: 1681, name: module_wrapper  >>> com.android.bluetooth <<<
04-08 07:54:37.182  1684  1684 F DEBUG   : signal 11 (SIGSEGV), code 1 (SEGV_MAPERR), fault addr 0x0
04-08 07:54:37.182  1684  1684 F DEBUG   : Cause: null pointer dereference
04-08 07:54:37.182  1684  1684 F DEBUG   :     x0   0000000000000000  x1   0000007eee5daec0  x2   0000000000000004  x3   0000000000000003
04-08 07:54:37.182  1684  1684 F DEBUG   :     x4   0000000040100401  x5   aaaaa00040404000  x6   0000000000000000  x7   7f7f7f7f7f7f7f7f
04-08 07:54:37.182  1684  1684 F DEBUG   :     x8   01a28258b15e023c  x9   01a28258b15e023c  x10  0000007eee5db060  x11  0000000000000033
04-08 07:54:37.182  1684  1684 F DEBUG   :     x12  0000007eee5db198  x13  ffffffffffffffff  x14  ff00000000000000  x15  ffffffffffffffff
04-08 07:54:37.182  1684  1684 F DEBUG   :     x16  0000007f87b66cc8  x17  0000007f871d5804  x18  0000007f8723c000  x19  0000007efc27dfd8
04-08 07:54:37.182  1684  1684 F DEBUG   :     x20  0000007ef0051ac4  x21  0000007eee5db79c  x22  0000000000000003  x23  0000007ef0051ac0
04-08 07:54:37.182  1684  1684 F DEBUG   :     x24  0000007eefe169ac  x25  0000007ef0051000  x26  0000007ef0051000  x27  0000007ef0051000
04-08 07:54:37.182  1684  1684 F DEBUG   :     x28  0000007ef0051000  x29  0000007eee5db770  x30  0000007eefe1909c
04-08 07:54:37.182  1684  1684 F DEBUG   :     sp   0000007eee5db740  pc   0000007eefe1909c  pstate 0000000060000000
04-08 07:54:37.222  1684  1684 F DEBUG   : 
04-08 07:54:37.222  1684  1684 F DEBUG   : backtrace:
04-08 07:54:37.222  1684  1684 F DEBUG   :     #00 pc 00000000000da09c  /system/lib64/hw/bluetooth.default.so (parse_read_local_extended_features_response(BT_HDR*, unsigned char*, unsigned char*, bt_device_features_t*, unsigned long)+52)
04-08 07:54:37.222  1684  1684 F DEBUG   :     #01 pc 0000000000076f58  /system/lib64/hw/bluetooth.default.so (start_up()+748)
04-08 07:54:37.222  1684  1684 F DEBUG   :     #02 pc 00000000001999b0  /system/lib64/hw/bluetooth.default.so (module_start_up(module_t const*)+180)
04-08 07:54:37.222  1684  1684 F DEBUG   :     #03 pc 0000000000199df0  /system/lib64/hw/bluetooth.default.so (run_wrapped_start_up(void*)+80)
04-08 07:54:37.222  1684  1684 F DEBUG   :     #04 pc 00000000001a5a60  /system/lib64/hw/bluetooth.default.so (work_queue_read_cb(void*)+92)
04-08 07:54:37.222  1684  1684 F DEBUG   :     #05 pc 00000000001a3cbc  /system/lib64/hw/bluetooth.default.so (run_reactor(reactor_t*, int)+320)
04-08 07:54:37.222  1684  1684 F DEBUG   :     #06 pc 00000000001a3b50  /system/lib64/hw/bluetooth.default.so (reactor_start(reactor_t*)+84)
04-08 07:54:37.222  1684  1684 F DEBUG   :     #07 pc 00000000001a54f8  /system/lib64/hw/bluetooth.default.so (run_thread(void*)+184)
04-08 07:54:37.222  1684  1684 F DEBUG   :     #08 pc 0000000000066068  /system/lib64/libc.so (__pthread_start(void*)+36)
04-08 07:54:37.222  1684  1684 F DEBUG   :     #09 pc 000000000001e9b0  /system/lib64/libc.so (__start_thread+68)
04-08 07:54:37.225  1233  1584 W MediaScanner: Error opening directory '/oem/media/', skipping: No such file or directory.
04-08 07:54:37.238  1233  1584 V MediaProvider: pruneThumbnails 
04-08 07:54:37.240  1233  1584 V MediaProvider: /pruneDeadThumbnailFiles... 
04-08 07:54:37.490   216   216 I wifi2agps: type=1400 audit(0.0:455): avc: denied { read } for scontext=u:r:init:s0 tcontext=u:r:init:s0 tclass=netlink_socket permissive=1
04-08 07:54:37.496   216   216 D wifi2agps: scan result, found 6 APs
04-08 07:54:37.496   216   216 D agps    : [WIFI2AGPS] wifi2agps_scanned
04-08 07:54:37.497   216   216 E agps    :  ERR: [WIFI2AGPS] sendto dest=[/data/agps_supl/wifi_2_agps] len=7952 reason=[No such file or directory]
04-08 07:54:37.497   216   216 E agps    :  ERR: [WIFI2AGPS] external_snd_cmd safe_sendto failed
04-08 07:54:38.307   451   463 D WificondControl: Scan result ready event
04-08 07:54:38.309   233   233 E wificond: Failed to get BSSID from scan result packet
