04-08 07:54:25.075   706   706 V WebViewLibraryLoader: RelroFileCreator (64bit = true),  32-bit lib: /system/app/webview/webview.apk!/lib/armeabi-v7a/libwebviewchromium.so, 64-bit lib: /system/app/webview/webview.apk!/lib/arm64-v8a/libwebviewchromium.so
04-08 07:54:25.076   590   728 I bt_osi_thread: run_thread: thread id 728, thread name alarm_default_ca started
04-08 07:54:25.076   590   729 I bt_osi_thread: run_thread: thread id 729, thread name alarm_dispatcher started
04-08 07:54:25.076   234   650 I SoftMPEG4Encoder: Construct SoftMPEG4Encoder
04-08 07:54:25.078   590   724 I bt_btif_core: btif_init_bluetooth entered
04-08 07:54:25.078   590   724 I bt_stack_config: init attempt to load stack conf from /etc/bluetooth/bt_stack.conf
04-08 07:54:25.081   191   191 I android.hardware.wifi@1.0-service: Wifi HAL started
04-08 07:54:25.083   234   650 E OMXNodeInstance: getConfig(0xf60188a0:google.h263.encoder, ConfigAndroidIntraRefresh(0x6f60000a)) ERROR: Undefined(0x80001001)
04-08 07:54:25.083   620   620 V SystemUIService: Starting SystemUI services for user 0.
04-08 07:54:25.085   451   451 D SystemServerTiming: PhaseThirdPartyAppsCanStart took to complete: 83ms
04-08 07:54:25.085   451   451 I SystemServer: MakeLocationServiceReady
04-08 07:54:25.088   234   650 I OMXMaster: makeComponentInstance(OMX.MTK.VIDEO.ENCODER.HEVC) in omx@1.0-service process
04-08 07:54:25.088   234   650 E /vendor/bin/hw/android.hardware.media.omx@1.0-service: Failed to allocate omx component 'OMX.MTK.VIDEO.ENCODER.HEVC'  err=InvalidComponentName(0x80001002)
04-08 07:54:25.089   605   605 E JniUtils: Could not load native library jni_latinimegoogle
04-08 07:54:25.089   605   605 E JniUtils: java.lang.UnsatisfiedLinkError: dalvik.system.PathClassLoader[DexPathList[[zip file "/system/app/LatinIME/LatinIME.apk"],nativeLibraryDirectories=[/system/app/LatinIME/lib/arm64, /system/fake-libs64, /system/app/LatinIME/LatinIME.apk!/lib/arm64-v8a, /system/lib64, /system/vendor/lib64, /system/lib64, /system/vendor/lib64]]] couldn't find "libjni_latinimegoogle.so"
04-08 07:54:25.089   605   605 E JniUtils: 	at java.lang.Runtime.loadLibrary0(Runtime.java:1011)
04-08 07:54:25.089   605   605 E JniUtils: 	at java.lang.System.loadLibrary(System.java:1657)
04-08 07:54:25.089   605   605 E JniUtils: 	at com.android.inputmethod.latin.utils.JniUtils.<clinit>(JniUtils.java:29)
04-08 07:54:25.089   605   605 E JniUtils: 	at com.android.inputmethod.latin.utils.JniUtils.loadNativeLibrary(JniUtils.java:47)
04-08 07:54:25.089   605   605 E JniUtils: 	at com.android.inputmethod.latin.LatinIME.<clinit>(LatinIME.java:577)
04-08 07:54:25.089   605   605 E JniUtils: 	at java.lang.Class.newInstance(Native Method)
04-08 07:54:25.089   605   605 E JniUtils: 	at android.app.ActivityThread.handleCreateService(ActivityThread.java:3321)
04-08 07:54:25.089   605   605 E JniUtils: 	at android.app.ActivityThread.-wrap4(Unknown Source:0)
04-08 07:54:25.089   605   605 E JniUtils: 	at android.app.ActivityThread$H.handleMessage(ActivityThread.java:1677)
04-08 07:54:25.089   605   605 E JniUtils: 	at android.os.Handler.dispatchMessage(Handler.java:106)
04-08 07:54:25.089   605   605 E JniUtils: 	at android.os.Looper.loop(Looper.java:164)
04-08 07:54:25.089   605   605 E JniUtils: 	at android.app.ActivityThread.main(ActivityThread.java:6494)
04-08 07:54:25.089   605   605 E JniUtils: 	at java.lang.reflect.Method.invoke(Native Method)
04-08 07:54:25.089   605   605 E JniUtils: 	at com.android.internal.os.RuntimeInit$MethodAndArgsCaller.run(RuntimeInit.java:438)
04-08 07:54:25.089   605   605 E JniUtils: 	at com.android.internal.os.ZygoteInit.main(ZygoteInit.java:807)
04-08 07:54:25.090   716   716 I webview_zygote3: type=1400 audit(0.0:420): avc: denied { getattr } for path="/system/bin/boot_logo_updater" dev="mmcblk0p21" ino=177 scontext=u:r:webview_zygote:s0 tcontext=u:object_r:boot_logo_updater_exec:s0 tclass=file permissive=1
04-08 07:54:25.090   716   716 I webview_zygote3: type=1400 audit(0.0:421): avc: denied { getattr } for path="/system/bin/kpoc_charger" dev="mmcblk0p21" ino=316 scontext=u:r:webview_zygote:s0 tcontext=u:object_r:kpoc_charger_exec:s0 tclass=file permissive=1
04-08 07:54:25.090   716   716 I webview_zygote3: type=1400 audit(0.0:422): avc: denied { getattr } for path="/system/bin/xlog" dev="mmcblk0p21" ino=547 scontext=u:r:webview_zygote:s0 tcontext=u:object_r:xlog_exec:s0 tclass=file permissive=1
04-08 07:54:25.090   716   716 I webview_zygote3: type=1400 audit(0.0:423): avc: denied { getattr } for path="/system/bin/program_binary_service" dev="mmcblk0p21" ino=422 scontext=u:r:webview_zygote:s0 tcontext=u:object_r:program_binary_exec:s0 tclass=file permissive=1
04-08 07:54:25.090   716   716 I webview_zygote3: type=1400 audit(0.0:424): avc: denied { getattr } for path="/system/bin/audiocmdservice_atci" dev="mmcblk0p21" ino=165 scontext=u:r:webview_zygote:s0 tcontext=u:object_r:audiocmdservice_atci_exec:s0 tclass=file permissive=1
04-08 07:54:25.092   234   650 I OMXMaster: makeComponentInstance(OMX.MTK.VIDEO.ENCODER.MPEG4) in omx@1.0-service process
04-08 07:54:25.092   234   650 E /vendor/bin/hw/android.hardware.media.omx@1.0-service: Failed to allocate omx component 'OMX.MTK.VIDEO.ENCODER.MPEG4'  err=InvalidComponentName(0x80001002)
04-08 07:54:25.094   590   733 I bt_osi_thread: run_thread: thread id 733, thread name bt_jni_workqueue started
04-08 07:54:25.094   590   724 I bt_btif_core: btif_init_bluetooth finished
04-08 07:54:25.094   590   724 I bt_stack_manager: event_init_stack finished
04-08 07:54:25.094   590   590 I bt_osi_wakelock: wakelock_set_os_callouts set to non-native
04-08 07:54:25.094   590   590 I bt_btif : get_profile_interface: id = socket
04-08 07:54:25.094   590   590 W bt_btif : do_in_jni_thread: Dropped message, message_loop not initialized yet!
04-08 07:54:25.094   590   590 W bt_btif : do_in_jni_thread: Dropped message, message_loop not initialized yet!
04-08 07:54:25.094   620   620 D SystemUIBootTiming: StartServicesDependency took to complete: 9ms
04-08 07:54:25.094   590   733 I bt_btif_core: run_message_loop entered
04-08 07:54:25.097   590   590 I bt_btif : get_profile_interface: id = sdp
04-08 07:54:25.098   234   650 I OMXMaster: makeComponentInstance(OMX.google.mpeg4.encoder) in omx@1.0-service process
04-08 07:54:25.099   234   650 I SoftMPEG4Encoder: Construct SoftMPEG4Encoder
04-08 07:54:25.100   590   590 I BluetoothAdapterService: Phone policy enabled
04-08 07:54:25.102   590   590 D BluetoothAdapterService: setAdapterService() - set to: null
04-08 07:54:25.102   620   620 D SystemUIBootTiming: StartServicesNotificationChannels took to complete: 8ms
04-08 07:54:25.103   590   590 D BluetoothAdapterService: onBind()
04-08 07:54:25.106   234   650 E OMXNodeInstance: getConfig(0xf60188a0:google.mpeg4.encoder, ConfigAndroidIntraRefresh(0x6f60000a)) ERROR: Undefined(0x80001001)
04-08 07:54:25.116   234   266 I OMXMaster: makeComponentInstance(OMX.google.vp8.encoder) in omx@1.0-service process
04-08 07:54:25.120   276   276 I mtk_wmtd: type=1400 audit(0.0:425): avc: denied { dac_override } for capability=1 scontext=u:r:kernel:s0 tcontext=u:r:kernel:s0 tclass=capability permissive=1
04-08 07:54:25.128   234   650 E OMXNodeInstance: getConfig(0xf60188a0:google.vp8.encoder, ConfigAndroidIntraRefresh(0x6f60000a)) ERROR: Undefined(0x80001001)
04-08 07:54:25.132   451   646 I chatty  : uid=1000 system_server expire 1 line
04-08 07:54:25.132   234   266 I OMXMaster: makeComponentInstance(OMX.google.vorbis.decoder) in omx@1.0-service process
04-08 07:54:25.136   620   620 D SystemUIBootTiming: StartServicesCommandQueueStart took to complete: 33ms
04-08 07:54:25.136   179   179 W /system/bin/hw/android.hidl.allocator@1.0-service: ashmem_create_region(32768) returning hidl_memory(0x7fabe17530, 32768)
04-08 07:54:25.145   620   620 V MediaRouter: Adding route: RouteInfo{ name=Tablet, description=null, status=null, category=RouteCategory{ name=System types=ROUTE_TYPE_LIVE_AUDIO ROUTE_TYPE_LIVE_VIDEO  groupable=false }, supportedTypes=ROUTE_TYPE_LIVE_AUDIO ROUTE_TYPE_LIVE_VIDEO , presentationDisplay=null }
04-08 07:54:25.149   620   620 V MediaRouter: Selecting route: RouteInfo{ name=Tablet, description=null, status=null, category=RouteCategory{ name=System types=ROUTE_TYPE_LIVE_AUDIO ROUTE_TYPE_LIVE_VIDEO  groupable=false }, supportedTypes=ROUTE_TYPE_LIVE_AUDIO ROUTE_TYPE_LIVE_VIDEO , presentationDisplay=null }
04-08 07:54:25.157   605   605 I LatinIME: Hardware accelerated drawing: true
04-08 07:54:25.325   692   692 I WebViewLoader-armeabi-v7a: System.exit called, status: 0
04-08 07:54:25.325   692   692 I AndroidRuntime: VM exiting with result code 0, cleanup skipped.
04-08 07:54:25.351   620   620 W SoundPool: Use of stream types is deprecated for operations other than volume control
04-08 07:54:25.351   620   620 W SoundPool: See the documentation of SoundPool() for what to use instead with android.media.AudioAttributes to qualify your playback use case
04-08 07:54:25.353   620   750 V NuMediaExtractor: setDataSource fd=36 (/system/media/audio/ui/Lock.ogg), offset=0, length=8308
04-08 07:54:25.355   620   620 D SystemUIBootTiming: StartServicesKeyguardViewMediator took to complete: 219ms
04-08 07:54:25.362   451   451 W LocationManagerService: no network location provider found
04-08 07:54:25.365   451   451 E LocationManagerService: no geocoder provider found
04-08 07:54:25.365   451   451 D LocationManagerService: FLP HAL not supported
04-08 07:54:25.367   451   451 D LocationManagerService: Unable to bind FLP Geofence proxy.
04-08 07:54:25.367   451   451 D LocationManagerService: Hardware Activity-Recognition not supported.
04-08 07:54:25.368   451   451 D LocationManagerService: Unable to bind ActivityRecognitionProxy.
04-08 07:54:25.372   451   451 D SystemServerTiming: MakeLocationServiceReady took to complete: 288ms
04-08 07:54:25.373   451   451 I SystemServer: MakeCountryDetectionServiceReady
04-08 07:54:25.373   451   451 D SystemServerTiming: MakeCountryDetectionServiceReady took to complete: 0ms
04-08 07:54:25.373   451   451 I SystemServer: MakeNetworkTimeUpdateReady
04-08 07:54:25.375   451   451 D ConnectivityService: requestNetwork for uid/pid:1000/451 NetworkRequest [ TRACK_DEFAULT id=6, [ Capabilities: INTERNET&NOT_RESTRICTED&TRUSTED&NOT_VPN] ]
04-08 07:54:25.375   451   451 D SystemServerTiming: MakeNetworkTimeUpdateReady took to complete: 3ms
04-08 07:54:25.375   451   451 I SystemServer: MakeCommonTimeManagementServiceReady
04-08 07:54:25.376   451   451 D SystemServerTiming: MakeCommonTimeManagementServiceReady took to complete: 0ms
04-08 07:54:25.376   451   451 I SystemServer: MakeInputManagerServiceReady
04-08 07:54:25.377   451   451 D SystemServerTiming: MakeInputManagerServiceReady took to complete: 1ms
04-08 07:54:25.377   451   451 I SystemServer: MakeTelephonyRegistryReady
04-08 07:54:25.377   451   451 D SystemServerTiming: MakeTelephonyRegistryReady took to complete: 1ms
04-08 07:54:25.377   451   451 I SystemServer: MakeMediaRouterServiceReady
04-08 07:54:25.378   451   465 I chatty  : uid=1000(system) android.bg expire 6 lines
04-08 07:54:25.378   451   451 D SystemServerTiming: MakeMediaRouterServiceReady took to complete: 0ms
04-08 07:54:25.378   451   451 I SystemServer: MakeMmsServiceReady
04-08 07:54:25.378   451   451 I MmsServiceBroker: Delay connecting to MmsService until an API is called
04-08 07:54:25.378   451   451 D SystemServerTiming: MakeMmsServiceReady took to complete: 0ms
04-08 07:54:25.378   451   451 I SystemServer: MakeNetworkScoreServiceReady
04-08 07:54:25.378   451   451 D SystemServerTiming: MakeNetworkScoreServiceReady took to complete: 0ms
04-08 07:54:25.378   451   451 I SystemServer: IncidentDaemonReady
04-08 07:54:25.379   451   451 D SystemServerTiming: IncidentDaemonReady took to complete: 0ms
04-08 07:54:25.379   451   451 I SystemServiceManager: Calling onStartUser u0
04-08 07:54:25.379   620   750 V NuMediaExtractor: track of type 'audio/vorbis' does not publish bitrate
04-08 07:54:25.380   451   451 W VoiceInteractionManagerService: no available voice interaction services found for user 0
04-08 07:54:25.380   451   451 W VoiceInteractionManagerService: no available voice recognition services found for user 0
04-08 07:54:25.383   179   179 W /system/bin/hw/android.hidl.allocator@1.0-service: ashmem_create_region(32768) returning hidl_memory(0x7fabe17530, 32768)
04-08 07:54:25.384   179   179 W /system/bin/hw/android.hidl.allocator@1.0-service: ashmem_create_region(32768) returning hidl_memory(0x7fabe17530, 32768)
04-08 07:54:25.385   179   179 W /system/bin/hw/android.hidl.allocator@1.0-service: ashmem_create_region(32768) returning hidl_memory(0x7fabe17530, 32768)
04-08 07:54:25.390   620   758 I OMXClient: Treble IOmx obtained
04-08 07:54:25.390   234   761 I OMXMaster: makeComponentInstance(OMX.google.vorbis.decoder) in omx@1.0-service process
04-08 07:54:25.395   451   451 I ActivityManager: Start proc 765:com.android.phone/1001 for added application com.android.phone
04-08 07:54:25.396   451   451 I ActivityManager: START u0 {act=android.intent.action.MAIN cat=[android.intent.category.HOME] flg=0x10000100 cmp=com.android.settings/.FallbackHome} from uid 0
04-08 07:54:25.402   179   179 W /system/bin/hw/android.hidl.allocator@1.0-service: ashmem_create_region(32768) returning hidl_memory(0x7fabe17530, 32768)
04-08 07:54:25.406   179   179 W /system/bin/hw/android.hidl.allocator@1.0-service: ashmem_create_region(32768) returning hidl_memory(0x7fabe17530, 32768)
04-08 07:54:25.407   605   605 W InputAttributes: No editor info for this field. Bug?
04-08 07:54:25.408   179   179 W /system/bin/hw/android.hidl.allocator@1.0-service: ashmem_create_region(32768) returning hidl_memory(0x7fabe17530, 32768)
04-08 07:54:25.409   179   179 I chatty  : uid=1000(system) allocator@1.0-s identical 52 lines
04-08 07:54:25.437   706   706 I WebViewLoader-arm64-v8a: System.exit called, status: 0
04-08 07:54:25.437   706   706 I AndroidRuntime: VM exiting with result code 0, cleanup skipped.
04-08 07:54:25.438   605   782 I LatinIME:LogUtils: Dictionary info: dictionary = UserHistoryDictionary.en_US ; version = 1586372065 ; date = ?
04-08 07:54:25.440   179   179 W /system/bin/hw/android.hidl.allocator@1.0-service: ashmem_create_region(32768) returning hidl_memory(0x7fabe17530, 32768)
04-08 07:54:25.444   179   179 W /system/bin/hw/android.hidl.allocator@1.0-service: ashmem_create_region(32768) returning hidl_memory(0x7fabe17530, 32768)
04-08 07:54:25.460   451   451 I ActivityManager: Loaded persisted task ids for user 0
04-08 07:54:25.463   179   179 W /system/bin/hw/android.hidl.allocator@1.0-service: ashmem_create_region(32768) returning hidl_memory(0x7fabe17530, 32768)
04-08 07:54:25.465   179   179 W /system/bin/hw/android.hidl.allocator@1.0-service: ashmem_create_region(32768) returning hidl_memory(0x7fabe17530, 32768)
04-08 07:54:25.486   451   790 I chatty  : uid=1000 system_server expire 1 line
04-08 07:54:25.495   234   266 I OMXMaster: makeComponentInstance(OMX.google.vorbis.decoder) in omx@1.0-service process
04-08 07:54:25.498   620   750 V NuMediaExtractor: setDataSource fd=38 (/system/media/audio/ui/Unlock.ogg), offset=0, length=7853
04-08 07:54:25.503   179   179 W /system/bin/hw/android.hidl.allocator@1.0-service: ashmem_create_region(32768) returning hidl_memory(0x7fabe17530, 32768)
04-08 07:54:25.504   179   179 W /system/bin/hw/android.hidl.allocator@1.0-service: ashmem_create_region(32768) returning hidl_memory(0x7fabe17530, 32768)
04-08 07:54:25.506   620   750 V NuMediaExtractor: track of type 'audio/vorbis' does not publish bitrate
04-08 07:54:25.507   179   179 W /system/bin/hw/android.hidl.allocator@1.0-service: ashmem_create_region(32768) returning hidl_memory(0x7fabe17530, 32768)
04-08 07:54:25.510   451   451 I ActivityManager: Start proc 795:com.android.settings/1000 for activity com.android.settings/.FallbackHome
04-08 07:54:25.512   179   179 W /system/bin/hw/android.hidl.allocator@1.0-service: ashmem_create_region(32768) returning hidl_memory(0x7fabe17530, 32768)
04-08 07:54:25.513   451   451 D SystemServerTiming: ActivityManagerStartApps took to complete: 135ms
04-08 07:54:25.513   451   451 D SystemServerTiming: PhaseActivityManagerReady took to complete: 849ms
04-08 07:54:25.514   451   467 W Looper  : Dispatch took 129ms on android.ui, h=Handler (com.android.server.am.ActivityManagerService$UiHandler) {87327b2} cb=null msg=53
04-08 07:54:25.515   605   782 I LatinIME:LogUtils: Dictionary info: dictionary = userunigram.en_US ; version = 1586372065 ; date = ?
04-08 07:54:25.515   451   451 D SystemServerInitThreadPool: Shutdown successful
04-08 07:54:25.516   451   451 D SystemServerTiming: StartServices took to complete: 3459ms
04-08 07:54:25.516   620   794 I OMXClient: Treble IOmx obtained
04-08 07:54:25.516   234   266 I OMXMaster: makeComponentInstance(OMX.google.vorbis.decoder) in omx@1.0-service process
04-08 07:54:25.517   451   451 I SystemServer: Enabled StrictMode for system server main thread.
04-08 07:54:25.522   605   782 E ActivityThread: Failed to find provider info for user_dictionary
04-08 07:54:25.526   451   451 D ConditionProviders.SCP: onConnected
04-08 07:54:25.531   179   179 W /system/bin/hw/android.hidl.allocator@1.0-service: ashmem_create_region(32768) returning hidl_memory(0x7fabe17530, 32768)
04-08 07:54:25.546   179   179 W /system/bin/hw/android.hidl.allocator@1.0-service: ashmem_create_region(32768) returning hidl_memory(0x7fabe17530, 32768)
04-08 07:54:25.551   451   451 D ZenLog  : set_zen_mode: off,readXml
04-08 07:54:25.555   451   451 D ConditionProviders: Subscribing to condition://android/event?userId=-10000&calendar=&reply=1 with ComponentInfo{android/com.android.server.notification.EventConditionProvider}
04-08 07:54:25.555   451   451 D ZenLog  : subscribe: condition://android/event?userId=-10000&calendar=&reply=1,ok
04-08 07:54:25.555   451   451 D ConditionProviders: Subscribing to condition://android/schedule?days=1.2.3.4.5&start=22.0&end=7.0&exitAtAlarm=false with ComponentInfo{android/com.android.server.notification.ScheduleConditionProvider}
04-08 07:54:25.555   451   451 D ZenLog  : subscribe: condition://android/schedule?days=1.2.3.4.5&start=22.0&end=7.0&exitAtAlarm=false,ok
04-08 07:54:25.555   451   451 D ConditionProviders: Subscribing to condition://android/schedule?days=6.7&start=23.30&end=10.0&exitAtAlarm=false with ComponentInfo{android/com.android.server.notification.ScheduleConditionProvider}
04-08 07:54:25.555   451   451 D ZenLog  : subscribe: condition://android/schedule?days=6.7&start=23.30&end=10.0&exitAtAlarm=false,ok
04-08 07:54:25.556   451   451 W ContextImpl: Calling a method in the system process without a qualified user: android.app.ContextImpl.startService:1476 com.android.server.content.SyncManager$13.run:722 android.os.Handler.handleCallback:790 android.os.Handler.dispatchMessage:99 android.os.Looper.loop:164 
04-08 07:54:25.563   451   451 D ZenLog  : set_zen_mode: off,cleanUpZenRules
04-08 07:54:25.563   451   553 I chatty  : uid=1000(system) WifiScanningSer expire 3 lines
04-08 07:54:25.563   605   782 I LatinIME:LogUtils: Dictionary info: dictionary = main:en ; version = 54 ; date = 1414726273
04-08 07:54:25.563   451   554 I chatty  : uid=1000(system) WifiRttService expire 2 lines
04-08 07:54:25.573   179   179 W /system/bin/hw/android.hidl.allocator@1.0-service: ashmem_create_region(32768) returning hidl_memory(0x7fabe17530, 32768)
04-08 07:54:25.595   179   179 W /system/bin/hw/android.hidl.allocator@1.0-service: ashmem_create_region(32768) returning hidl_memory(0x7fabe17530, 32768)
04-08 07:54:25.597   620   620 D SystemUIBootTiming: StartServicesRecents took to complete: 242ms
04-08 07:54:25.601   620   620 I vol.Events: writeEvent collection_started
04-08 07:54:25.611   179   179 W /system/bin/hw/android.hidl.allocator@1.0-service: ashmem_create_region(32768) returning hidl_memory(0x7fabe17530, 32768)
04-08 07:54:25.612   179   179 W /system/bin/hw/android.hidl.allocator@1.0-service: ashmem_create_region(32768) returning hidl_memory(0x7fabe17530, 32768)
04-08 07:54:25.613   765   765 D TelephonyProvider: dbh.onOpen: ok, queried table=siminfo
04-08 07:54:25.614   765   765 D TelephonyProvider: dbh.onOpen: ok, queried table=carriers
04-08 07:54:25.616   179   179 W /system/bin/hw/android.hidl.allocator@1.0-service: ashmem_create_region(32768) returning hidl_memory(0x7fabe17530, 32768)
04-08 07:54:25.617   179   179 W /system/bin/hw/android.hidl.allocator@1.0-service: ashmem_create_region(32768) returning hidl_memory(0x7fabe17530, 32768)
04-08 07:54:25.630   620   810 I vol.Events: writeEvent external_ringer_mode_changed normal
04-08 07:54:25.630   620   810 I vol.Events: writeEvent internal_ringer_mode_changed normal
04-08 07:54:25.650   765   765 D CarrierProvider: onCreate
04-08 07:54:25.657   620   750 V NuMediaExtractor: setDataSource fd=39 (/system/media/audio/ui/Trusted.ogg), offset=0, length=5713
04-08 07:54:25.658   451   824 I chatty  : uid=1000 system_server expire 1 line
04-08 07:54:25.659   234   761 I OMXMaster: makeComponentInstance(OMX.google.vorbis.decoder) in omx@1.0-service process
04-08 07:54:25.663   179   179 W /system/bin/hw/android.hidl.allocator@1.0-service: ashmem_create_region(32768) returning hidl_memory(0x7fabe17530, 32768)
04-08 07:54:25.676   179   179 W /system/bin/hw/android.hidl.allocator@1.0-service: ashmem_create_region(32768) returning hidl_memory(0x7fabe17530, 32768)
04-08 07:54:25.687   765   765 W System  : ClassLoader referenced unknown path: /system/framework/qti-telephony-common.jar
04-08 07:54:25.693   451   829 I Telecom : BluetoothRouteManager: getBluetoothAudioConnectedDevice: no headset service available.
04-08 07:54:25.695   451   451 I Telecom : SystemStateProvider: Registering car mode receiver: android.content.IntentFilter@6aeef0f: TS.init@AAA
04-08 07:54:25.708   451   830 I Telecom : Logging.Events: Non-call EVENT: AUDIO_ROUTE, Entering state QuiescentEarpieceRoute
04-08 07:54:25.710   451   832 I Telecom : CallAudioModeStateMachine: Message received: null.: TS.init->CAMSM.pM_1@AAA
04-08 07:54:25.716   451   451 I Telecom : MissedCallNotifierImpl: Boot not yet complete -- call log db may not be available. Deferring loading until boot complete.: TS.init@AAA
04-08 07:54:25.727   451   451 I Telecom : Class: TelecomSystem.INSTANCE being set
04-08 07:54:25.728   451   451 W ContextImpl: Calling a method in the system process without a qualified user: android.app.ContextImpl.startService:1476 android.content.ContextWrapper.startService:650 com.android.server.telecom.components.TelecomService.initializeTelecomSystem:180 com.android.server.telecom.components.TelecomService.onBind:64 android.app.ActivityThread.handleBindService:3366 
04-08 07:54:25.730   226   508 D installd: Found storage mount /dev/fuse at /mnt/runtime/default/emulated
04-08 07:54:25.742   765   765 I ImsResolver: Initializing cache and binding.
04-08 07:54:25.744   451   451 D BluetoothManagerService: BluetoothServiceConnection: com.android.bluetooth.btservice.AdapterService
04-08 07:54:25.744   451   473 D BluetoothManagerService: MESSAGE_BLUETOOTH_SERVICE_CONNECTED: 1
04-08 07:54:25.749   451   473 D BluetoothManagerService: Broadcasting onBluetoothServiceUp() to 2 receivers.
04-08 07:54:25.749   451   473 I chatty  : uid=1000(system) android.io expire 9 lines
04-08 07:54:25.750   590   603 D BluetoothAdapterService: enable() - Enable called with quiet mode status =  false
04-08 07:54:25.750   590   715 D BluetoothAdapterState: Current state: OFF, message: 0
04-08 07:54:25.750   451   473 D BluetoothManagerService: MESSAGE_GET_NAME_AND_ADDRESS
04-08 07:54:25.750   590   715 D BluetoothAdapterProperties: Setting state to 14
04-08 07:54:25.750   590   715 I BluetoothAdapterState: Bluetooth adapter state changed: 10-> 14
04-08 07:54:25.750   590   715 D BluetoothAdapterService: updateAdapterState() - Broadcasting state to 1 receivers.
04-08 07:54:25.751   590   715 D BluetoothAdapterService: BleOnProcessStart()
04-08 07:54:25.751   620   750 V NuMediaExtractor: track of type 'audio/vorbis' does not publish bitrate
04-08 07:54:25.752   590   604 D BluetoothAdapter: onBluetoothServiceUp: com.android.bluetooth.btservice.AdapterService$AdapterServiceBinder@30971f7
04-08 07:54:25.752   590   715 D BluetoothAdapterService: BleOnProcessStart() - Make Bond State Machine
04-08 07:54:25.753   590   715 D BluetoothBondStateMachine: make
04-08 07:54:25.757   451   473 D BluetoothManagerService: MESSAGE_BLUETOOTH_STATE_CHANGE: OFF > BLE_TURNING_ON
04-08 07:54:25.757   451   473 D BluetoothManagerService: Sending BLE State Change: OFF > BLE_TURNING_ON
04-08 07:54:25.760   590   846 I BluetoothBondStateMachine: StableState(): Entering Off State
04-08 07:54:25.760   590   715 D BluetoothAdapterService: setProfileServiceState() - Starting service com.android.bluetooth.gatt.GattService
04-08 07:54:25.764   590   590 I BtGatt.JNI: classInitNative(L871): classInitNative: Success!
04-08 07:54:25.766   590   590 D BtGatt.DebugUtils: handleDebugAction() action=null
04-08 07:54:25.766   590   590 D BluetoothAdapterService: getAdapterService() - returning com.android.bluetooth.btservice.AdapterService@1f69dd2
04-08 07:54:25.767   590   590 D BtGatt.GattService: Received start request. Starting profile...
04-08 07:54:25.767   590   590 I bt_btif : get_profile_interface: id = gatt
04-08 07:54:25.770   620   845 I OMXClient: Treble IOmx obtained
04-08 07:54:25.770   234   761 I OMXMaster: makeComponentInstance(OMX.google.vorbis.decoder) in omx@1.0-service process
04-08 07:54:25.770   590   715 I BluetoothAdapterState: Entering PendingCommandState
04-08 07:54:25.772   590   590 D BluetoothAdapterService: getAdapterService() - returning com.android.bluetooth.btservice.AdapterService@1f69dd2
04-08 07:54:25.780   590   590 D BluetoothAdapterService: getAdapterService() - returning com.android.bluetooth.btservice.AdapterService@1f69dd2
04-08 07:54:25.780   590   590 D BluetoothAdapterService: getAdapterService() - returning com.android.bluetooth.btservice.AdapterService@1f69dd2
04-08 07:54:25.781   590   590 D BluetoothAdapterService: handleMessage() - Message: 1
04-08 07:54:25.781   590   590 D BluetoothAdapterService: handleMessage() - MESSAGE_PROFILE_SERVICE_STATE_CHANGED
04-08 07:54:25.781   590   590 D BluetoothAdapterService: processProfileServiceStateChanged() - serviceName=com.android.bluetooth.gatt.GattService isTurningOn=false isTurningOff=false isBleTurningOn=true isBleTurningOff=false
04-08 07:54:25.781   590   590 D BluetoothAdapterService: GattService is started
04-08 07:54:25.782   590   715 V BluetoothAdapterState: PendingCommand - transient state(s): isBleTurningOn
04-08 07:54:25.782   590   715 D BluetoothAdapterState: Current state: PENDING_COMMAND, message: 4
04-08 07:54:25.783   590   715 I bt_btif : enable: start restricted = 0
04-08 07:54:25.784   590   724 I bt_stack_manager: event_start_up_stack is bringing up the stack
04-08 07:54:25.784   590   724 I bt_core_module: module_start_up Starting module "btif_config_module"
04-08 07:54:25.784   590   724 I bt_core_module: module_start_up Started module "btif_config_module"
04-08 07:54:25.784   590   724 I bt_core_module: module_start_up Starting module "btsnoop_module"
04-08 07:54:25.784   590   724 I bt_core_module: module_start_up Started module "btsnoop_module"
04-08 07:54:25.785   590   724 I bt_core_module: module_start_up Starting module "hci_module"
04-08 07:54:25.785   590   724 I bt_hci  : hci_module_start_up
04-08 07:54:25.790   179   179 W /system/bin/hw/android.hidl.allocator@1.0-service: ashmem_create_region(32768) returning hidl_memory(0x7fabe17530, 32768)
04-08 07:54:25.793   179   179 W /system/bin/hw/android.hidl.allocator@1.0-service: ashmem_create_region(32768) returning hidl_memory(0x7fabe17530, 32768)
04-08 07:54:25.800   179   179 W /system/bin/hw/android.hidl.allocator@1.0-service: ashmem_create_region(32768) returning hidl_memory(0x7fabe17530, 32768)
04-08 07:54:25.800   590   854 I bt_osi_thread: run_thread: thread id 854, thread name hci_thread started
04-08 07:54:25.801   590   854 I bt_hci  : hci_initialize
04-08 07:54:25.801   590   724 D bt_hci  : hci_module_start_up starting async portion
04-08 07:54:25.802   590   854 D vndksupport: Loading /vendor/lib64/hw/android.hardware.bluetooth@1.0-impl-mediatek.so from current namespace instead of sphal namespace.
04-08 07:54:25.810   590   854 I bt_hci  : hci_initialize: IBluetoothHci::getService() returned 0x7f06856600 (local)
04-08 07:54:25.810   590   854 I mtk.hal.bt@1.0-impl: BluetoothHci::initialize()
04-08 07:54:25.813   179   179 W /system/bin/hw/android.hidl.allocator@1.0-service: ashmem_create_region(32768) returning hidl_memory(0x7fabe17530, 32768)
04-08 07:54:25.816   590   854 W [BT]    : mtk_bt_init #46
04-08 07:54:25.816   590   854 D mtk.hal.bt@1.0-impl: Open vendor library loaded
04-08 07:54:25.816   590   854 D [BT]    : mtk_bt_op: BT_VND_OP_POWER_CTRL 1
04-08 07:54:25.816   590   854 D [BT]    : mtk_bt_op: BT_VND_OP_USERIAL_OPEN
04-08 07:54:25.816   590   854 W [BT]    : init_uart #104
04-08 07:54:25.819   451   451 V WiredAccessoryManager: init()
04-08 07:54:25.824   795   858 D OpenGLRenderer: HWUI GL Pipeline
04-08 07:54:25.827   179   179 W /system/bin/hw/android.hidl.allocator@1.0-service: ashmem_create_region(32768) returning hidl_memory(0x7fabe17530, 32768)
04-08 07:54:25.827   451   855 I chatty  : uid=1000 system_server expire 1 line
04-08 07:54:25.828   234   761 I OMXMaster: makeComponentInstance(OMX.google.vorbis.decoder) in omx@1.0-service process
04-08 07:54:25.833   179   179 W /system/bin/hw/android.hidl.allocator@1.0-service: ashmem_create_region(32768) returning hidl_memory(0x7fabe17530, 32768)
04-08 07:54:25.877   179   179 W /system/bin/hw/android.hidl.allocator@1.0-service: ashmem_create_region(32768) returning hidl_memory(0x7fabe17530, 32768)
04-08 07:54:25.887   716   716 D AndroidRuntime: >>>>>> START com.android.internal.os.WebViewZygoteInit uid 1053 <<<<<<
04-08 07:54:25.896   716   716 I /system/bin/webview_zygote32: option[0]=-Xzygote
04-08 07:54:25.896   716   716 I /system/bin/webview_zygote32: option[1]=-Xusetombstonedtraces
04-08 07:54:25.896   716   716 I /system/bin/webview_zygote32: option[2]=exit
04-08 07:54:25.896   716   716 I /system/bin/webview_zygote32: option[3]=vfprintf
04-08 07:54:25.896   716   716 I /system/bin/webview_zygote32: option[4]=sensitiveThread
04-08 07:54:25.896   716   716 I /system/bin/webview_zygote32: option[5]=-verbose:gc
04-08 07:54:25.896   716   716 I /system/bin/webview_zygote32: option[6]=-Xms8m
04-08 07:54:25.896   716   716 I /system/bin/webview_zygote32: option[7]=-Xmx384m
04-08 07:54:25.896   716   716 I /system/bin/webview_zygote32: option[8]=-XX:HeapGrowthLimit=80m
04-08 07:54:25.896   716   716 I /system/bin/webview_zygote32: option[9]=-XX:HeapMinFree=512k
04-08 07:54:25.896   716   716 I /system/bin/webview_zygote32: option[10]=-XX:HeapMaxFree=8m
04-08 07:54:25.896   716   716 I /system/bin/webview_zygote32: option[11]=-XX:HeapTargetUtilization=0.75
04-08 07:54:25.896   716   716 I /system/bin/webview_zygote32: option[12]=-Xusejit:true
04-08 07:54:25.896   716   716 I /system/bin/webview_zygote32: option[13]=-Xjitsaveprofilinginfo
04-08 07:54:25.896   716   716 I /system/bin/webview_zygote32: option[14]=-agentlib:jdwp=transport=dt_android_adb,suspend=n,server=y
04-08 07:54:25.897   716   716 I /system/bin/webview_zygote32: option[15]=-Xlockprofthreshold:500
04-08 07:54:25.897   716   716 I /system/bin/webview_zygote32: option[16]=-Ximage-compiler-option
04-08 07:54:25.897   716   716 I /system/bin/webview_zygote32: option[17]=--runtime-arg
04-08 07:54:25.897   716   716 I /system/bin/webview_zygote32: option[18]=-Ximage-compiler-option
04-08 07:54:25.897   716   716 I /system/bin/webview_zygote32: option[19]=-Xms64m
04-08 07:54:25.897   716   716 I /system/bin/webview_zygote32: option[20]=-Ximage-compiler-option
04-08 07:54:25.897   716   716 I /system/bin/webview_zygote32: option[21]=--runtime-arg
04-08 07:54:25.897   716   716 I /system/bin/webview_zygote32: option[22]=-Ximage-compiler-option
04-08 07:54:25.897   716   716 I /system/bin/webview_zygote32: option[23]=-Xmx64m
04-08 07:54:25.897   716   716 I /system/bin/webview_zygote32: option[24]=-Ximage-compiler-option
04-08 07:54:25.897   716   716 I /system/bin/webview_zygote32: option[25]=--image-classes=/system/etc/preloaded-classes
04-08 07:54:25.897   716   716 I /system/bin/webview_zygote32: option[26]=-Ximage-compiler-option
04-08 07:54:25.897   716   716 I /system/bin/webview_zygote32: option[27]=--compiled-classes=/system/etc/compiled-classes
04-08 07:54:25.897   716   716 I /system/bin/webview_zygote32: option[28]=-Ximage-compiler-option
04-08 07:54:25.897   716   716 I /system/bin/webview_zygote32: option[29]=--dirty-image-objects=/system/etc/dirty-image-objects
04-08 07:54:25.897   716   716 I /system/bin/webview_zygote32: option[30]=-Xcompiler-option
04-08 07:54:25.897   716   716 I /system/bin/webview_zygote32: option[31]=--runtime-arg
04-08 07:54:25.897   716   716 I /system/bin/webview_zygote32: option[32]=-Xcompiler-option
04-08 07:54:25.897   716   716 I /system/bin/webview_zygote32: option[33]=-Xms64m
04-08 07:54:25.897   716   716 I /system/bin/webview_zygote32: option[34]=-Xcompiler-option
04-08 07:54:25.897   716   716 I /system/bin/webview_zygote32: option[35]=--runtime-arg
04-08 07:54:25.897   716   716 I /system/bin/webview_zygote32: option[36]=-Xcompiler-option
04-08 07:54:25.897   716   716 I /system/bin/webview_zygote32: option[37]=-Xmx512m
04-08 07:54:25.897   716   716 I /system/bin/webview_zygote32: option[38]=-Ximage-compiler-option
04-08 07:54:25.897   716   716 I /system/bin/webview_zygote32: option[39]=--instruction-set-variant=cortex-a53
04-08 07:54:25.897   716   716 I /system/bin/webview_zygote32: option[40]=-Xcompiler-option
04-08 07:54:25.897   716   716 I /system/bin/webview_zygote32: option[41]=--instruction-set-variant=cortex-a53
04-08 07:54:25.897   716   716 I /system/bin/webview_zygote32: option[42]=-Ximage-compiler-option
04-08 07:54:25.897   716   716 I /system/bin/webview_zygote32: option[43]=--instruction-set-features=default
04-08 07:54:25.897   716   716 I /system/bin/webview_zygote32: option[44]=-Xcompiler-option
04-08 07:54:25.897   716   716 I /system/bin/webview_zygote32: option[45]=--instruction-set-features=default
04-08 07:54:25.897   716   716 I /system/bin/webview_zygote32: option[46]=-Duser.locale=en-US
04-08 07:54:25.897   716   716 I /system/bin/webview_zygote32: option[47]=--cpu-abilist=armeabi-v7a,armeabi
04-08 07:54:25.897   716   716 I /system/bin/webview_zygote32: option[48]=-Xfingerprint:google/lineage_aquaris_m8/aquaris_m8:8.1.0/OPM7.181205.001/fa120e28f1:userdebug/test-keys
04-08 07:54:25.917   451   466 W KeyguardServiceDelegate: onScreenTurningOn(): no keyguard service!
04-08 07:54:25.923   451   451 V NotificationListeners: enabling notification listener for 0: ComponentInfo{org.lineageos.trebuchet/com.android.launcher3.notification.NotificationListener}
04-08 07:54:25.923   451   451 V NotificationListeners: binding: Intent { act=android.service.notification.NotificationListenerService cmp=org.lineageos.trebuchet/com.android.launcher3.notification.NotificationListener (has extras) }
04-08 07:54:25.924   451   451 W ActivityManager: Unable to start service Intent { act=android.service.notification.NotificationListenerService cmp=org.lineageos.trebuchet/com.android.launcher3.notification.NotificationListener } U=0: not found
04-08 07:54:25.924   451   451 W NotificationListeners: Unable to bind notification listener service: Intent { act=android.service.notification.NotificationListenerService cmp=org.lineageos.trebuchet/com.android.launcher3.notification.NotificationListener (has extras) }
04-08 07:54:25.929   180   259 D AudioALSAStreamManager: setMicMute(), mMicMute: 0 => 0
04-08 07:54:25.929   180   259 D AudioALSAStreamManager: +SetInputMute(), 0
04-08 07:54:25.929   180   259 D AudioALSAStreamManager: -SetInputMute(), 0
04-08 07:54:25.929   180   406 W DeviceHAL: Device 0xf4513000 set_mic_mute: Function not implemented
04-08 07:54:25.929   180   406 W DeviceHAL: Device 0xf45188c0 set_mic_mute: Function not implemented
04-08 07:54:25.970   451   451 D ConditionProviders.SCP: onSubscribe condition://android/schedule?days=1.2.3.4.5&start=22.0&end=7.0&exitAtAlarm=false
04-08 07:54:25.971   451   451 D ConditionProviders.SCP: setRegistered true
04-08 07:54:25.972   451   451 D ConditionProviders.SCP: notifyCondition condition://android/schedule?days=1.2.3.4.5&start=22.0&end=7.0&exitAtAlarm=false STATE_FALSE reason=!meetsSchedule
04-08 07:54:25.977   451   563 E ActivityThread: Failed to find provider info for com.android.calendar
04-08 07:54:25.978   451   563 E ActivityThread: Failed to find provider info for com.android.calendar
04-08 07:54:25.989   451   451 D ConditionProviders.SCP: Scheduling evaluate for Wed Apr 08 22:00:00 GMT-11:00 2020 (1586422800000), in +14h5m34s29ms, now=Wed Apr 08 07:54:25 GMT-11:00 2020 (1586372065971)
04-08 07:54:25.989   451   451 D ConditionProviders.SCP: onSubscribe condition://android/schedule?days=6.7&start=23.30&end=10.0&exitAtAlarm=false
04-08 07:54:25.989   451   451 D ConditionProviders.SCP: notifyCondition condition://android/schedule?days=6.7&start=23.30&end=10.0&exitAtAlarm=false STATE_FALSE reason=!meetsSchedule
04-08 07:54:25.990   451   451 D ConditionProviders.SCP: notifyCondition condition://android/schedule?days=1.2.3.4.5&start=22.0&end=7.0&exitAtAlarm=false STATE_FALSE reason=!meetsSchedule
04-08 07:54:25.991   451   451 D ConditionProviders.SCP: Scheduling evaluate for Wed Apr 08 10:00:00 GMT-11:00 2020 (1586379600000), in +2h5m34s11ms, now=Wed Apr 08 07:54:25 GMT-11:00 2020 (1586372065989)
04-08 07:54:25.992   451   465 I SyncManager: Got SyncJobService instance.
04-08 07:54:26.000   451   887 I chatty  : uid=1000 system_server expire 1 line
04-08 07:54:26.000   234   650 I OMXMaster: makeComponentInstance(OMX.google.vorbis.decoder) in omx@1.0-service process
04-08 07:54:26.005   179   179 W /system/bin/hw/android.hidl.allocator@1.0-service: ashmem_create_region(32768) returning hidl_memory(0x7fabe17530, 32768)
04-08 07:54:26.018   179   179 W /system/bin/hw/android.hidl.allocator@1.0-service: ashmem_create_region(32768) returning hidl_memory(0x7fabe17530, 32768)
04-08 07:54:26.023   620   810 I vol.Events: writeEvent level_changed STREAM_VOICE_CALL 4
04-08 07:54:26.025   620   810 I vol.Events: writeEvent level_changed STREAM_SYSTEM 5
04-08 07:54:26.026   620   810 I vol.Events: writeEvent level_changed STREAM_RING 5
04-08 07:54:26.028   620   810 I vol.Events: writeEvent level_changed STREAM_MUSIC 5
04-08 07:54:26.033   620   810 I vol.Events: writeEvent level_changed STREAM_ALARM 6
04-08 07:54:26.035   620   810 I vol.Events: writeEvent level_changed STREAM_BLUETOOTH_SCO 7
04-08 07:54:26.051   451   451 I Telecom : WiredHeadsetManager: ACTION_HEADSET_PLUG event, plugged in: false, : WHC.oADA@AAE
04-08 07:54:26.058   451   451 D AutofillManagerService: Autofill restriction did not change for user 0: null
04-08 07:54:26.070   451   561 I chatty  : uid=1000(system) notification-sq expire 1 line
04-08 07:54:26.096   620   620 D SystemUIBootTiming: StartServicesVolumeUI took to complete: 499ms
04-08 07:54:26.121   451   900 I chatty  : uid=1000 system_server expire 1 line
04-08 07:54:26.121   234   650 I OMXMaster: makeComponentInstance(OMX.google.vorbis.decoder) in omx@1.0-service process
04-08 07:54:26.124   620   901 D OpenGLRenderer: HWUI GL Pipeline
04-08 07:54:26.129   179   179 W /system/bin/hw/android.hidl.allocator@1.0-service: ashmem_create_region(32768) returning hidl_memory(0x7fabe17530, 32768)
04-08 07:54:26.134   179   179 W /system/bin/hw/android.hidl.allocator@1.0-service: ashmem_create_region(32768) returning hidl_memory(0x7fabe17530, 32768)
04-08 07:54:26.148   620   620 D SystemUIBootTiming: StartServicesDivider took to complete: 51ms
04-08 07:54:26.162   451   813 I chatty  : uid=1000(system) Binder:451_8 expire 2 lines
04-08 07:54:26.172   179   179 W /system/bin/hw/android.hidl.allocator@1.0-service: ashmem_create_region(32768) returning hidl_memory(0x7fabe17530, 32768)
04-08 07:54:26.176   179   179 W /system/bin/hw/android.hidl.allocator@1.0-service: ashmem_create_region(32768) returning hidl_memory(0x7fabe17530, 32768)
04-08 07:54:26.204   765   765 D PhoneSwitcherNetworkRequstListener: Registering NetworkFactory
04-08 07:54:26.204   451   557 D ConnectivityService: Got NetworkFactory Messenger for PhoneSwitcherNetworkRequstListener
04-08 07:54:26.209   179   179 W /system/bin/hw/android.hidl.allocator@1.0-service: ashmem_create_region(32768) returning hidl_memory(0x7fabe17530, 32768)
04-08 07:54:26.211   179   179 W /system/bin/hw/android.hidl.allocator@1.0-service: ashmem_create_region(32768) returning hidl_memory(0x7fabe17530, 32768)
04-08 07:54:26.232   451   557 D ConnectivityService: Got NetworkFactory Messenger for TelephonyNetworkFactory[0]
04-08 07:54:26.253   451   461 I chatty  : uid=1000(system) HeapTaskDaemon expire 1 line
04-08 07:54:26.257   765   765 D CarrierConfigLoader: CarrierConfigLoader has started
04-08 07:54:26.275   765   910 E ActivityThread: Failed to find provider info for com.android.contacts
04-08 07:54:26.275   765   910 W CallerInfoCache: cursor is null
04-08 07:54:26.284   765   765 I TelecomFramework: TtyManager: updateUiTtyMode -1 -> 0
04-08 07:54:26.291   765   765 D ImsResolver: maybeAddedImsService, packageName: null
04-08 07:54:26.306   765   765 D ServiceStateProvider: subId=-2
04-08 07:54:26.307   451   638 W WallpaperManagerService: Cannot extract colors because wallpaper could not be read.
04-08 07:54:26.307   451   463 W WallpaperManagerService: Cannot extract colors because wallpaper could not be read.
04-08 07:54:26.319   765   765 D PhoneSwitcherNetworkRequstListener: got request NetworkRequest [ BACKGROUND_REQUEST id=2, [ Transports: CELLULAR Capabilities: INTERNET&NOT_RESTRICTED&TRUSTED&NOT_VPN] ] with score 0
04-08 07:54:26.319   765   765 D PhoneSwitcherNetworkRequstListener: got request NetworkRequest [ REQUEST id=1, [ Capabilities: INTERNET&NOT_RESTRICTED&TRUSTED&NOT_VPN] ] with score 0
04-08 07:54:26.319   765   765 D PhoneSwitcherNetworkRequstListener: got request NetworkRequest [ TRACK_DEFAULT id=3, [ Capabilities: INTERNET&NOT_RESTRICTED&TRUSTED&NOT_VPN] ] with score 0
04-08 07:54:26.319   765   765 D PhoneSwitcherNetworkRequstListener: got request NetworkRequest [ TRACK_DEFAULT id=6, [ Capabilities: INTERNET&NOT_RESTRICTED&TRUSTED&NOT_VPN] ] with score 0
04-08 07:54:26.320   765   765 D TelephonyDebugService: TelephonyDebugService()
04-08 07:54:26.321   765   765 D CarrierConfigLoader: mHandler: 12 phoneId: 0
04-08 07:54:26.324   620   620 D StatusBar: disable<e i a s b h r c s q >
04-08 07:54:26.325   451   463 I StatusBarManagerService: registerStatusBar bar=com.android.internal.statusbar.IStatusBar$Stub$Proxy@eabcfda
04-08 07:54:26.326   765   765 E PhoneInterfaceManager: [PhoneIntfMgr] getIccId: No UICC
04-08 07:54:26.333   765   765 D OpenGLRenderer: HWUI GL Pipeline
04-08 07:54:26.337   451   463 W Telecom : : registerPhoneAccount not allowed on non-voice capable device.: TSI.rPA@AAU
04-08 07:54:26.338   765   765 I TelecomFramework: AccountEntry: Registered phoneAccount: [[ ] PhoneAccount: ComponentInfo{com.android.phone/com.android.services.telephony.TelephonyConnectionService}, [e0184adedf913b076626646d3f52c3b49c39ad6d], UserHandle{0} Capabilities: CallProvider MultiUser PlaceEmerg SimSub  Audio Routes: BESW Schemes: tel voicemail  Extras: Bundle[{android.telecom.extra.SUPPORTS_VIDEO_CALLING_FALLBACK=false}] GroupId: [da39a3ee5e6b4b0d3255bfef95601890afd80709]] with handle: ComponentInfo{com.android.phone/com.android.services.telephony.TelephonyConnectionService}, [e0184adedf913b076626646d3f52c3b49c39ad6d], UserHandle{0}
04-08 07:54:26.338   765   765 I TelecomFramework: PstnIncomingCallNotifier: Registering: Handler (com.android.internal.telephony.GsmCdmaPhone) {6dfa924}
04-08 07:54:26.358   765   765 I TelecomFramework: PstnPhoneCapabilitiesNotifier: handleVideoCapabilitesChanged. Video capability - false
04-08 07:54:26.359   765   765 E PhoneInterfaceManager: [PhoneIntfMgr] getIccId: No UICC
04-08 07:54:26.366   451   463 W Telecom : : registerPhoneAccount not allowed on non-voice capable device.: TSI.rPA@AAg
04-08 07:54:26.427   620   918 I SecurityController: could not bind to KeyChainService
04-08 07:54:26.474   620   620 I CameraManagerGlobal: Connecting to camera service
04-08 07:54:26.476   231   759 I chatty  : uid=1013(media) Binder:231_2 expire 87 lines
04-08 07:54:26.488   231   919 I chatty  : uid=1013(media) /system/bin/mediaserver expire 1 line
04-08 07:54:26.496   231   921 I chatty  : uid=1013(media) /system/bin/mediaserver expire 1 line
04-08 07:54:26.505   231   923 I chatty  : uid=1013(media) /system/bin/mediaserver expire 1 line
04-08 07:54:26.520   231   759 D nvbuf_util.cpp: nvbuf_util.cpp getBufAndRead+ ln=578 ramId=0 sensorDev=1
04-08 07:54:26.520   231   759 I IspDrv  : [getInstance] Gdma: 0.
04-08 07:54:26.520   231   759 I IspDrv  : [init] +,mInitCount(4),m_fgIsGdmaMode(0)
04-08 07:54:26.520   231   759 I IspDrv  : [ProfilingPrint] [Event_IspDrv_Init] atomic_inc:(0-th) ===> [start-->now: 0.024000 ms]
04-08 07:54:26.520   231   759 I IspDrv  : [init] -,ret(1),mInitCount(5)
04-08 07:54:26.520   231   759 I IspDrv  : [ProfilingPrint] [Event_IspDrv_Init] Exit:(1-th) ===> [start-->now: 0.065000 ms] [last-->now: 0.041000 ms]
04-08 07:54:26.520   231   759 I IspDrv  : [getInstance] cq(1),ispVirRegAddr(0x0xee6d1000)
04-08 07:54:26.520   231   759 I IspDrv  : [getInstance] cq(5),ispVirRegAddr(0x0xee7d1000)
04-08 07:54:26.520   231   759 I IspDrv  : [getInstance] cq(7),ispVirRegAddr(0x0xee851000)
04-08 07:54:26.520   231   759 I IspDrv  : [getInstance] Gdma: 0.
04-08 07:54:26.520   231   759 I IspDrv  : [getInstance] cq(5),ispVirRegAddr(0x0xee7d1000)
04-08 07:54:26.520   231   759 I IspDrv  : [getInstance] cq(7),ispVirRegAddr(0x0xee851000)
04-08 07:54:26.520   231   759 I IspDrv  : [init] +,mInitCount(5),m_fgIsGdmaMode(0)
04-08 07:54:26.520   231   759 I IspDrv  : [ProfilingPrint] [Event_IspDrv_Init] atomic_inc:(0-th) ===> [start-->now: 0.022000 ms]
04-08 07:54:26.520   231   759 I IspDrv  : [init] -,ret(1),mInitCount(6)
04-08 07:54:26.520   231   759 I IspDrv  : [ProfilingPrint] [Event_IspDrv_Init] Exit:(1-th) ===> [start-->now: 0.061000 ms] [last-->now: 0.039000 ms]
04-08 07:54:26.520   231   759 I IspDrv  : [getInstance] Gdma: 0.
04-08 07:54:26.521   231   759 I IspDrv  : [init] +,mInitCount(6),m_fgIsGdmaMode(0)
04-08 07:54:26.521   231   759 I IspDrv  : [ProfilingPrint] [Event_IspDrv_Init] atomic_inc:(0-th) ===> [start-->now: 0.022000 ms]
04-08 07:54:26.521   231   759 I IspDrv  : [init] -,ret(1),mInitCount(7)
04-08 07:54:26.521   231   759 I IspDrv  : [ProfilingPrint] [Event_IspDrv_Init] Exit:(1-th) ===> [start-->now: 0.062000 ms] [last-->now: 0.040000 ms]
04-08 07:54:26.521   231   759 I Drv/IMem: [mapPhyAddr] mID(0x21),size(0x10000),VA(xf7155000),PA(0x1a900000),S/C(0/0)
04-08 07:54:26.521   231   759 I Drv/IMem: [mapPhyAddr] mID(0x22),size(0x10000),VA(xf7145000),PA(0x1aa00000),S/C(0/0)
04-08 07:54:26.521   231   759 I Drv/IMem: [mapPhyAddr] mID(0x23),size(0x10000),VA(xf7135000),PA(0x1ab00000),S/C(0/0)
04-08 07:54:26.521   231   759 I Drv/IMem: [mapPhyAddr] mID(0x24),size(0x10000),VA(xf711b000),PA(0x1ac00000),S/C(0/0)
04-08 07:54:26.521   231   759 I Drv/IMem: [mapPhyAddr] mID(0x25),size(0x10000),VA(xf710b000),PA(0x1ad00000),S/C(0/0)
04-08 07:54:26.522   231   759 I Drv/IMem: [mapPhyAddr] mID(0x26),size(0x10000),VA(xf70f2000),PA(0x1ae00000),S/C(0/0)
04-08 07:54:26.522   231   759 I Drv/IMem: [mapPhyAddr] mID(0x27),size(0x10000),VA(xf70e2000),PA(0x1af00000),S/C(0/0)
04-08 07:54:26.522   231   759 I Drv/IMem: [mapPhyAddr] mID(0x28),size(0x10000),VA(xf70c1000),PA(0x1b000000),S/C(0/0)
04-08 07:54:26.522   231   759 I Drv/IMem: [mapPhyAddr] mID(0x29),size(0x10000),VA(xf70a4000),PA(0x1b100000),S/C(0/0)
04-08 07:54:26.522   231   759 I Drv/IMem: [mapPhyAddr] mID(0x2a),size(0x10000),VA(xf7094000),PA(0x1b200000),S/C(0/0)
04-08 07:54:26.522   231   759 I Drv/IMem: [mapPhyAddr] mID(0x2b),size(0x4000),VA(xf71c1000),PA(0x1b300000),S/C(0/0)
04-08 07:54:26.522   231   759 I Drv/IMem: [mapPhyAddr] mID(0x2c),size(0x4000),VA(xf71bc000),PA(0x1b400000),S/C(0/0)
04-08 07:54:26.522   231   759 I Drv/IMem: [cacheSyncbyRange] +, c/m/va/sz/pa(0/0x21/0xf71550000x10000/0x1a900000)
04-08 07:54:26.523   231   759 I Drv/IMem: [cacheSyncbyRange] -
04-08 07:54:26.523   231   759 I Drv/IMem: [cacheSyncbyRange] +, c/m/va/sz/pa(0/0x22/0xf71450000x10000/0x1aa00000)
04-08 07:54:26.523   231   759 I Drv/IMem: [cacheSyncbyRange] -
04-08 07:54:26.523   231   759 I Drv/IMem: [cacheSyncbyRange] +, c/m/va/sz/pa(0/0x23/0xf71350000x10000/0x1ab00000)
04-08 07:54:26.523   231   759 I Drv/IMem: [cacheSyncbyRange] -
04-08 07:54:26.523   231   759 I Drv/IMem: [cacheSyncbyRange] +, c/m/va/sz/pa(0/0x24/0xf711b0000x10000/0x1ac00000)
04-08 07:54:26.523   231   759 I Drv/IMem: [cacheSyncbyRange] -
04-08 07:54:26.523   231   759 I Drv/IMem: [cacheSyncbyRange] +, c/m/va/sz/pa(0/0x25/0xf710b0000x10000/0x1ad00000)
04-08 07:54:26.523   231   759 I Drv/IMem: [cacheSyncbyRange] -
04-08 07:54:26.523   231   759 I Drv/IMem: [cacheSyncbyRange] +, c/m/va/sz/pa(0/0x26/0xf70f20000x10000/0x1ae00000)
04-08 07:54:26.523   231   759 I Drv/IMem: [cacheSyncbyRange] -
04-08 07:54:26.523   231   759 I Drv/IMem: [cacheSyncbyRange] +, c/m/va/sz/pa(0/0x27/0xf70e20000x10000/0x1af00000)
04-08 07:54:26.523   231   759 I Drv/IMem: [cacheSyncbyRange] -
