04-08 07:54:26.523   231   759 I Drv/IMem: [cacheSyncbyRange] +, c/m/va/sz/pa(0/0x28/0xf70c10000x10000/0x1b000000)
04-08 07:54:26.524   231   759 I Drv/IMem: [cacheSyncbyRange] -
04-08 07:54:26.524   231   759 I Drv/IMem: [cacheSyncbyRange] +, c/m/va/sz/pa(0/0x29/0xf70a40000x10000/0x1b100000)
04-08 07:54:26.524   231   759 I Drv/IMem: [cacheSyncbyRange] -
04-08 07:54:26.524   231   759 I Drv/IMem: [cacheSyncbyRange] +, c/m/va/sz/pa(0/0x2a/0xf70940000x10000/0x1b200000)
04-08 07:54:26.524   231   759 I Drv/IMem: [cacheSyncbyRange] -
04-08 07:54:26.524   231   759 I Drv/IMem: [cacheSyncbyRange] +, c/m/va/sz/pa(0/0x2b/0xf71c10000x4000/0x1b300000)
04-08 07:54:26.524   231   759 I Drv/IMem: [cacheSyncbyRange] -
04-08 07:54:26.524   231   759 I Drv/IMem: [cacheSyncbyRange] +, c/m/va/sz/pa(0/0x2c/0xf71bc0000x4000/0x1b400000)
04-08 07:54:26.524   231   759 I Drv/IMem: [cacheSyncbyRange] -
04-08 07:54:26.528   231   759 I Drv/IMem: [cacheSyncbyRange] +, c/m/va/sz/pa(0/0x2b/0xf71c10000x4000/0x1b300000)
04-08 07:54:26.528   231   759 I Drv/IMem: [cacheSyncbyRange] -
04-08 07:54:26.528   231   759 I IspDrv  : [getInstance] Gdma: 0.
04-08 07:54:26.530   231   759 D nvbuf_util.cpp: nvbuf_util.cpp getBufAndRead+ ln=578 ramId=1 sensorDev=1
04-08 07:54:26.530   231   759 D nvbuf_util.cpp: nvbuf_util.cpp getBufAndRead+ ln=578 ramId=4 sensorDev=1
04-08 07:54:26.531   231   759 I MtkCam/Cam1DeviceFactory: (759)[createCam1Device] - 0xf4c3a3c0
04-08 07:54:26.532   231   759 E MtkCam/devicemgr: [getMMSdkService] Can not get mmsdk service (getMMSdkService){#97:vendor/mediatek/proprietary/hardware/mtkcam/legacy/module_hal/devicemgr/CamDeviceManagerBase.openDevice.cpp}
04-08 07:54:26.535   231   759 I MtkCam/Cam1Device: (759)(Default:0)[Cam1DeviceBase::stopPreview] +
04-08 07:54:26.535   231   759 I MtkCam/Cam1Device: (759)(Default:0)[Cam1DeviceBase::stopPreview] -
04-08 07:54:26.536   231   759 E CamDev@1.0-impl.legacy: getHidlStatus: unknown HAL status code -32
04-08 07:54:26.536   231   759 I CamDev@1.0-impl.legacy: Closing camera 0
04-08 07:54:26.537   231   759 E MtkCam/devicemgr: [getMMSdkService] Can not get mmsdk service (getMMSdkService){#97:vendor/mediatek/proprietary/hardware/mtkcam/legacy/module_hal/devicemgr/CamDeviceManagerBase.openDevice.cpp}
04-08 07:54:26.721   231   759 I IspDrv  : [uninit] +,mInitCount(7)
04-08 07:54:26.721   231   759 I IspDrv  : [ProfilingPrint] [Event_IspDrv_Uninit] atomic_dec:(0-th) ===> [start-->now: 0.058000 ms]
04-08 07:54:26.721   231   759 I IspDrv  : [uninit] -,ret(1),mInitCount(6)
04-08 07:54:26.721   231   759 I IspDrv  : [ProfilingPrint] [Event_IspDrv_Uninit] Exit:(1-th) ===> [start-->now: 0.102000 ms] [last-->now: 0.044000 ms]
04-08 07:54:26.721   231   759 I Drv/IMem: [freeVirtBuf] mID[0x16]/size[0xd6f0]/VA[0xf71e0000]/PA[0x1a000000]
04-08 07:54:26.721   231   759 I Drv/IMem: [freeVirtBuf] mID[0x17]/size[0xd6f0]/VA[0xf71a5000]/PA[0x1a500000]
04-08 07:54:26.721   231   759 I Drv/IMem: [freeVirtBuf] mID[0x18]/size[0x128]/VA[0xf7338000]/PA[0x1a600000]
04-08 07:54:26.721   231   759 I IspDrv  : [uninit] +,mInitCount(6)
04-08 07:54:26.721   231   759 I IspDrv  : [ProfilingPrint] [Event_IspDrv_Uninit] atomic_dec:(0-th) ===> [start-->now: 0.025000 ms]
04-08 07:54:26.721   231   759 I IspDrv  : [uninit] -,ret(1),mInitCount(5)
04-08 07:54:26.721   231   759 I IspDrv  : [ProfilingPrint] [Event_IspDrv_Uninit] Exit:(1-th) ===> [start-->now: 0.063000 ms] [last-->now: 0.038000 ms]
04-08 07:54:26.721   231   759 I IspDrv  : [uninit] +,mInitCount(5)
04-08 07:54:26.721   231   759 I IspDrv  : [ProfilingPrint] [Event_IspDrv_Uninit] atomic_dec:(0-th) ===> [start-->now: 0.015000 ms]
04-08 07:54:26.721   231   759 I IspDrv  : [uninit] -,ret(1),mInitCount(4)
04-08 07:54:26.721   231   759 I IspDrv  : [ProfilingPrint] [Event_IspDrv_Uninit] Exit:(1-th) ===> [start-->now: 0.050000 ms] [last-->now: 0.035000 ms]
04-08 07:54:26.721   231   759 I IspDrv  : [uninit] +,mInitCount(4)
04-08 07:54:26.721   231   759 I IspDrv  : [ProfilingPrint] [Event_IspDrv_Uninit] atomic_dec:(0-th) ===> [start-->now: 0.013000 ms]
04-08 07:54:26.721   231   759 I IspDrv  : [uninit] -,ret(1),mInitCount(3)
04-08 07:54:26.721   231   759 I IspDrv  : [ProfilingPrint] [Event_IspDrv_Uninit] Exit:(1-th) ===> [start-->now: 0.048000 ms] [last-->now: 0.035000 ms]
04-08 07:54:26.721   231   759 I Drv/IMem: [freeVirtBuf] mID[0x1d]/size[0x170]/VA[0xf730c000]/PA[0x0]
04-08 07:54:26.721   231   759 I Drv/IMem: [freeVirtBuf] mID[0x1e]/size[0x144]/VA[0xf7300000]/PA[0x0]
04-08 07:54:26.722   231   759 I Drv/IMem: [freeVirtBuf] mID[0x1f]/size[0x144]/VA[0xf72ff000]/PA[0x0]
04-08 07:54:26.722   231   759 I Drv/IMem: [freeVirtBuf] mID[0x20]/size[0x144]/VA[0xf72d8000]/PA[0x0]
04-08 07:54:26.722   231   759 I Drv/IMem: [freeVirtBuf] mID[0xffffffff]/size[0x0]/VA[0x0]/PA[0x0]
04-08 07:54:26.722   231   759 I IspDrv  : [uninit] +,mInitCount(3)
04-08 07:54:26.722   231   759 I IspDrv  : [ProfilingPrint] [Event_IspDrv_Uninit] atomic_dec:(0-th) ===> [start-->now: 0.022000 ms]
04-08 07:54:26.722   231   759 I IspDrv  : [uninit] -,ret(1),mInitCount(2)
04-08 07:54:26.722   231   759 I IspDrv  : [ProfilingPrint] [Event_IspDrv_Uninit] Exit:(1-th) ===> [start-->now: 0.057000 ms] [last-->now: 0.035000 ms]
04-08 07:54:26.722   231   759 I Drv/IMem: [freeVirtBuf] mID[0x21]/size[0x10000]/VA[0xf7155000]/PA[0x1a900000]
04-08 07:54:26.722   231   759 I Drv/IMem: [freeVirtBuf] mID[0x22]/size[0x10000]/VA[0xf7145000]/PA[0x1aa00000]
04-08 07:54:26.722   231   759 I Drv/IMem: [freeVirtBuf] mID[0x23]/size[0x10000]/VA[0xf7135000]/PA[0x1ab00000]
04-08 07:54:26.722   231   759 I Drv/IMem: [freeVirtBuf] mID[0x24]/size[0x10000]/VA[0xf711b000]/PA[0x1ac00000]
04-08 07:54:26.722   231   759 I Drv/IMem: [freeVirtBuf] mID[0x25]/size[0x10000]/VA[0xf710b000]/PA[0x1ad00000]
04-08 07:54:26.723   231   759 I Drv/IMem: [freeVirtBuf] mID[0x26]/size[0x10000]/VA[0xf70f2000]/PA[0x1ae00000]
04-08 07:54:26.723   231   759 I Drv/IMem: [freeVirtBuf] mID[0x27]/size[0x10000]/VA[0xf70e2000]/PA[0x1af00000]
04-08 07:54:26.723   231   759 I Drv/IMem: [freeVirtBuf] mID[0x28]/size[0x10000]/VA[0xf70c1000]/PA[0x1b000000]
04-08 07:54:26.723   231   759 I Drv/IMem: [freeVirtBuf] mID[0x29]/size[0x10000]/VA[0xf70a4000]/PA[0x1b100000]
04-08 07:54:26.723   231   759 I Drv/IMem: [freeVirtBuf] mID[0x2a]/size[0x10000]/VA[0xf7094000]/PA[0x1b200000]
04-08 07:54:26.723   231   759 I Drv/IMem: [freeVirtBuf] mID[0x2b]/size[0x4000]/VA[0xf71c1000]/PA[0x1b300000]
04-08 07:54:26.723   231   759 I Drv/IMem: [freeVirtBuf] mID[0x2c]/size[0x4000]/VA[0xf71bc000]/PA[0x1b400000]
04-08 07:54:26.723   231   759 I IspDrv  : [uninit] +,mInitCount(2)
04-08 07:54:26.723   231   759 I IspDrv  : [ProfilingPrint] [Event_IspDrv_Uninit] atomic_dec:(0-th) ===> [start-->now: 0.024000 ms]
04-08 07:54:26.723   231   759 I IspDrv  : [uninit] -,ret(1),mInitCount(1)
04-08 07:54:26.723   231   759 I IspDrv  : [ProfilingPrint] [Event_IspDrv_Uninit] Exit:(1-th) ===> [start-->now: 0.065000 ms] [last-->now: 0.041000 ms]
04-08 07:54:26.723   231   759 D flicker_hal.cpp: func=releaseBuf ln=1001
04-08 07:54:26.723   231   759 I IspDrv  : [uninit] +,mInitCount(1)
04-08 07:54:26.723   231   759 I IspDrv  : [ProfilingPrint] [Event_IspDrv_Uninit] atomic_dec:(0-th) ===> [start-->now: 0.021000 ms]
04-08 07:54:26.723   231   759 I IspDrv  : [ProfilingPrint] [Event_IspDrv_Uninit] munmap(mpIspHwRegAddr):(1-th) ===> [start-->now: 0.049000 ms] [last-->now: 0.028000 ms]
04-08 07:54:26.723   231   759 I IspDrv  : [ProfilingPrint] [Event_IspDrv_Uninit] munmap(m_pRTBufTbl):(2-th) ===> [start-->now: 0.082000 ms] [last-->now: 0.033000 ms]
04-08 07:54:26.723   231   759 I IspDrv  : [ProfilingPrint] [Event_IspDrv_Uninit] m_pIMemDrv->unmapPhyAddr(m_ispVirRegBufInfo):(3-th) ===> [start-->now: 0.109000 ms] [last-->now: 0.027000 ms]
04-08 07:54:26.723   231   759 I Drv/IMem: [freeVirtBuf] mID[0x14]/size[0x200004]/VA[0xee691000]/PA[0x19c00000]
04-08 07:54:26.723   231   759 I IspDrv  : [ProfilingPrint] [Event_IspDrv_Uninit] m_pIMemDrv->freeVirtBuf(m_ispVirRegBufInfo):(4-th) ===> [start-->now: 0.242000 ms] [last-->now: 0.133000 ms]
04-08 07:54:26.723   231   759 I IspDrv  : [ProfilingPrint] [Event_IspDrv_Uninit] m_pIMemDrv->unmapPhyAddr(m_ispCQDescBufInfo):(5-th) ===> [start-->now: 0.282000 ms] [last-->now: 0.040000 ms]
04-08 07:54:26.723   231   759 I Drv/IMem: [freeVirtBuf] mID[0x15]/size[0x848]/VA[0xf73ea000]/PA[0x19f00000]
04-08 07:54:26.723   231   759 I IspDrv  : [ProfilingPrint] [Event_IspDrv_Uninit] m_pIMemDrv->freeVirtBuf(m_ispCQDescBufInfo):(6-th) ===> [start-->now: 0.370000 ms] [last-->now: 0.088000 ms]
04-08 07:54:26.723   231   759 I IspDrv  : [ProfilingPrint] [Event_IspDrv_Uninit] m_pIMemDrv->uninit():(7-th) ===> [start-->now: 0.411000 ms] [last-->now: 0.041000 ms]
04-08 07:54:26.724   231   759 I IspDrv  : [ProfilingPrint] [Event_IspDrv_Uninit] m_pIMemDrv->destroyInstance():(8-th) ===> [start-->now: 0.440000 ms] [last-->now: 0.029000 ms]
04-08 07:54:26.724   231   759 I IspDrv  : [ProfilingPrint] [Event_IspDrv_Uninit] memset(tdriMgrInfoCq1):(9-th) ===> [start-->now: 0.468000 ms] [last-->now: 0.028000 ms]
04-08 07:54:26.724   231   759 I IspDrv  : [ProfilingPrint] [Event_IspDrv_Uninit] memset(tdriMgrInfoCq2):(10-th) ===> [start-->now: 0.495000 ms] [last-->now: 0.027000 ms]
04-08 07:54:26.724   231   759 I IspDrv  : [uninit] ISP Global Count: 0.
04-08 07:54:26.725   231   759 I IspDrv  : [ProfilingPrint] [Event_IspDrv_Uninit] close isp mFd:(11-th) ===> [start-->now: 1.932000 ms] [last-->now: 1.437000 ms]
04-08 07:54:26.725   231   759 I IspDrv  : [ProfilingPrint] [Event_IspDrv_Uninit] free(mpIspDrvRegMap):(12-th) ===> [start-->now: 2.052000 ms] [last-->now: 0.120000 ms]
04-08 07:54:26.725   231   759 I IspDrv  : [uninit] -,ret(1),mInitCount(0)
04-08 07:54:26.725   231   759 I IspDrv  : [ProfilingPrint] [Event_IspDrv_Uninit] Exit:(13-th) ===> [start-->now: 2.096000 ms] [last-->now: 0.044000 ms]
04-08 07:54:26.725   231   759 I Drv/IMem: [freeVirtBuf] mID[0x1a]/size[0x6000]/VA[0xf71d5000]/PA[0x1a700000]
04-08 07:54:26.725   231   759 I Drv/IMem: [freeVirtBuf] mID[0x1b]/size[0x6000]/VA[0xf71c5000]/PA[0x1a800000]
04-08 07:54:26.725   231   759 I Drv/IMem: [uninit] close ion id(19).
04-08 07:54:26.755   231   759 I BWC     : get_bwc_mm_property success
04-08 07:54:26.755   231   759 I BWC     : BWC_SETTING::DumpInfo-------
04-08 07:54:26.755   231   759 I BWC     : 
04-08 07:54:26.755   231   759 I BWC     :          sensor_size =      0 x      0
04-08 07:54:26.755   231   759 I BWC     :              vr_size =      0 x      0
04-08 07:54:26.755   231   759 I BWC     :            disp_size =      0 x      0
04-08 07:54:26.755   231   759 I BWC     :              tv_size =      0 x      0
04-08 07:54:26.755   231   759 I BWC     :                  fps =      0
04-08 07:54:26.755   231   759 I BWC     :      venc_codec_type =      0
04-08 07:54:26.755   231   759 I BWC     :      vdec_codec_type =      0
04-08 07:54:26.755   231   759 I BWC     : ----------------------------
04-08 07:54:26.755   231   759 I BWC     : 
04-08 07:54:26.755   231   759 I BWC     : Read DDR type string:LPDDR2_1066
04-08 07:54:26.755   231   759 I BWC     : DDR Type = -1
04-08 07:54:26.758   231   759 I BWC     : smi_bw_ctrl_set: scen 1, turn off
04-08 07:54:26.758   231   759 I BWC     : emi_string is CON_SCE_NORMAL
04-08 07:54:26.758   231   759 I BWC     : emi_bw_ctrl_set: CON_SCE_NORMAL OFF
04-08 07:54:26.759   231   759 I BWC     : set_bwc_mm_property: propterty_id=0, value1=0, value2=0 
04-08 07:54:26.759   231   759 I BWC     : Profile_Change:[BWCPT_CAMERA_PREVIEW]:OFF,current concurrency is 0x0
04-08 07:54:26.763   231   759 I CameraService: disconnect: Disconnected client for camera 0 for PID 231
04-08 07:54:26.763   231   759 D NuPlayerDriver: reset(0xf4c1d9a0) at state 4
04-08 07:54:26.763   231   759 D NuPlayerDriver: notifyListener_l(0xf4c1d9a0), (8, 0, 0, -1), loop setting(0, 0)
04-08 07:54:26.763   231   919 D NuPlayerDriver: notifyResetComplete(0xf4c1d9a0)
04-08 07:54:26.763   231   759 D NuPlayerDriver: reset(0xf4c1da80) at state 4
04-08 07:54:26.763   231   759 D NuPlayerDriver: notifyListener_l(0xf4c1da80), (8, 0, 0, -1), loop setting(0, 0)
04-08 07:54:26.763   231   921 D NuPlayerDriver: notifyResetComplete(0xf4c1da80)
04-08 07:54:26.764   231   759 D NuPlayerDriver: reset(0xf4c1db60) at state 4
04-08 07:54:26.764   231   759 D NuPlayerDriver: notifyListener_l(0xf4c1db60), (8, 0, 0, -1), loop setting(0, 0)
04-08 07:54:26.764   231   923 D NuPlayerDriver: notifyResetComplete(0xf4c1db60)
04-08 07:54:26.782   231   759 I CameraService: CameraService::connect call (PID -1 "media", camera ID 1) for HAL version default and Camera API version 1
04-08 07:54:26.783   231   759 D NuPlayerDriver: NuPlayerDriver(0xf4c1d9a0) created, clientPid(231)
04-08 07:54:26.791   231   936 D NuPlayerDriver: notifyListener_l(0xf4c1d9a0), (1, 0, 0, -1), loop setting(0, 0)
04-08 07:54:26.791   231   759 D NuPlayerDriver: NuPlayerDriver(0xf4c1da80) created, clientPid(231)
04-08 07:54:26.799   231   938 D NuPlayerDriver: notifyListener_l(0xf4c1da80), (1, 0, 0, -1), loop setting(0, 0)
04-08 07:54:26.799   231   759 D NuPlayerDriver: NuPlayerDriver(0xf4c1db60) created, clientPid(231)
04-08 07:54:26.806   231   940 D NuPlayerDriver: notifyListener_l(0xf4c1db60), (1, 0, 0, -1), loop setting(0, 0)
04-08 07:54:26.807   231   759 I CameraHardwareInterface: Opening camera 1
04-08 07:54:26.808   231   759 I CamDev@1.0-impl.legacy: Opening camera 1
04-08 07:54:26.808   231   759 I MtkCam/Cam1DeviceFactory: (759)[createCam1Device] + OpenID:1
04-08 07:54:26.809   231   759 I BWC     : get_bwc_mm_property success
04-08 07:54:26.809   231   759 I BWC     : BWC_SETTING::DumpInfo-------
04-08 07:54:26.809   231   759 I BWC     : 
04-08 07:54:26.809   231   759 I BWC     :          sensor_size =      0 x      0
04-08 07:54:26.809   231   759 I BWC     :              vr_size =      0 x      0
04-08 07:54:26.809   231   759 I BWC     :            disp_size =      0 x      0
04-08 07:54:26.810   231   759 I BWC     :              tv_size =      0 x      0
04-08 07:54:26.810   231   759 I BWC     :                  fps =      0
04-08 07:54:26.810   231   759 I BWC     :      venc_codec_type =      0
04-08 07:54:26.810   231   759 I BWC     :      vdec_codec_type =      0
04-08 07:54:26.810   231   759 I BWC     : ----------------------------
04-08 07:54:26.810   231   759 I BWC     : 
04-08 07:54:26.810   231   759 I BWC     : Read DDR type string:LPDDR2_1066
04-08 07:54:26.810   231   759 I BWC     : DDR Type = -1
04-08 07:54:26.813   231   759 I BWC     : smi_bw_ctrl_set: scen 1, turn off
04-08 07:54:26.813   231   759 I BWC     : emi_string is CON_SCE_NORMAL
04-08 07:54:26.813   231   759 I BWC     : emi_bw_ctrl_set: CON_SCE_NORMAL OFF
04-08 07:54:26.814   231   759 I BWC     : set_bwc_mm_property: propterty_id=0, value1=0, value2=0 
04-08 07:54:26.814   231   759 I BWC     : Profile_Change:[BWCPT_CAMERA_PREVIEW]:OFF,current concurrency is 0x0
04-08 07:54:26.815   231   759 I IspDrv  : [getInstance] Gdma: 0.
04-08 07:54:26.815   231   759 I IspDrv  : [init] +,mInitCount(0),m_fgIsGdmaMode(0)
04-08 07:54:26.815   231   759 I IspDrv  : [ProfilingPrint] [Event_IspDrv_Init] mpIspDrvRegMap malloc:(0-th) ===> [start-->now: 0.024000 ms]
04-08 07:54:26.815   231   759 I IspDrv  : [ProfilingPrint] [Event_IspDrv_Init] 1st open(ISP_DRV_DEV_NAME, O_RDWR):(1-th) ===> [start-->now: 0.099000 ms] [last-->now: 0.075000 ms]
04-08 07:54:26.815   231   759 I IspDrv  : [ProfilingPrint] [Event_IspDrv_Init] mpIspHwRegAddr mmap():(2-th) ===> [start-->now: 0.137000 ms] [last-->now: 0.038000 ms]
04-08 07:54:26.815   231   759 I IspDrv  : [ProfilingPrint] [Event_IspDrv_Init] m_pRTBufTbl mmap():(3-th) ===> [start-->now: 0.178000 ms] [last-->now: 0.041000 ms]
04-08 07:54:26.816   231   759 I IspDrv  : [reset] ISP SW RESET[0x00000010]
04-08 07:54:26.816   231   759 I IspDrv  : [init] ISP Global Count: 1.
04-08 07:54:26.816   231   759 I IspDrv  : [ProfilingPrint] [Event_IspDrv_Init] kRefCntCtrl and ISP reset():(4-th) ===> [start-->now: 0.244000 ms] [last-->now: 0.066000 ms]
04-08 07:54:26.816   231   759 I IspDrv  : [ProfilingPrint] [Event_IspDrv_Init] IMemDrv::createInstance():(5-th) ===> [start-->now: 0.286000 ms] [last-->now: 0.042000 ms]
04-08 07:54:26.816   231   759 I Drv/IMem: [init] open ion id(19).
04-08 07:54:26.816   231   759 I IspDrv  : [ProfilingPrint] [Event_IspDrv_Init] m_pIMemDrv->init():(6-th) ===> [start-->now: 0.531000 ms] [last-->now: 0.245000 ms]
04-08 07:54:26.816   231   759 I IspDrv  : [init] m_ispVirRegBufInfo.size(2097156)
04-08 07:54:26.816   231   759 I IspDrv  : [ProfilingPrint] [Event_IspDrv_Init] m_pIMemDrv->allocVirtBuf(m_ispVirRegBufInfo):(7-th) ===> [start-->now: 0.830000 ms] [last-->now: 0.299000 ms]
04-08 07:54:26.816   231   759 I Drv/IMem: [mapPhyAddr] mID(0x14),size(0x200004),VA(xee29d000),PA(0x19c00000),S/C(0/0)
04-08 07:54:26.816   231   759 I IspDrv  : [ProfilingPrint] [Event_IspDrv_Init] m_pIMemDrv->mapPhyAddr():(8-th) ===> [start-->now: 1.038000 ms] [last-->now: 0.208000 ms]
04-08 07:54:26.817   231   759 I IspDrv  : [ProfilingPrint] [Event_IspDrv_Init] memset(mpIspVirRegBuffer):(9-th) ===> [start-->now: 1.884000 ms] [last-->now: 0.846000 ms]
04-08 07:54:26.817   231   759 I IspDrv  : [init] cq:[0],virtIspAddr:virt[0x0xee29d000]/phy[0x0x19c00000]
04-08 07:54:26.817   231   759 I IspDrv  : [init] cq:[1],virtIspAddr:virt[0x0xee2dd000]/phy[0x0x19c40000]
04-08 07:54:26.817   231   759 I IspDrv  : [init] cq:[2],virtIspAddr:virt[0x0xee31d000]/phy[0x0x19c80000]
04-08 07:54:26.817   231   759 I IspDrv  : [init] cq:[3],virtIspAddr:virt[0x0xee35d000]/phy[0x0x19cc0000]
04-08 07:54:26.817   231   759 I IspDrv  : [init] cq:[4],virtIspAddr:virt[0x0xee39d000]/phy[0x0x19d00000]
04-08 07:54:26.817   231   759 I IspDrv  : [init] cq:[5],virtIspAddr:virt[0x0xee3dd000]/phy[0x0x19d40000]
04-08 07:54:26.817   231   759 I IspDrv  : [init] cq:[6],virtIspAddr:virt[0x0xee41d000]/phy[0x0x19d80000]
04-08 07:54:26.817   231   759 I IspDrv  : [init] cq:[7],virtIspAddr:virt[0x0xee45d000]/phy[0x0x19dc0000]
04-08 07:54:26.817   231   759 I IspDrv  : [ProfilingPrint] [Event_IspDrv_Init] m_pIMemDrv->allocVirtBuf(m_ispCQDescBufInfo):(10-th) ===> [start-->now: 2.106000 ms] [last-->now: 0.222000 ms]
04-08 07:54:26.817   231   759 I Drv/IMem: [mapPhyAddr] mID(0x15),size(0x848),VA(xf73ea000),PA(0x19f00000),S/C(0/0)
04-08 07:54:26.818   231   759 I IspDrv  : [ProfilingPrint] [Event_IspDrv_Init] m_pIMemDrv->mapPhyAddr(m_ispCQDescBufInfo):(11-th) ===> [start-->now: 2.206000 ms] [last-->now: 0.100000 ms]
04-08 07:54:26.818   231   759 I IspDrv  : [init] cq:[0],mpIspCQDescriptor:Virt[0xf73ea000]/Phy[0x0x19f00000]
04-08 07:54:26.818   231   759 I IspDrv  : [init] cq:[1],mpIspCQDescriptor:Virt[0xf73ea160]/Phy[0x0x19f00160]
04-08 07:54:26.818   231   759 I IspDrv  : [init] cq:[2],mpIspCQDescriptor:Virt[0xf73ea2c0]/Phy[0x0x19f002c0]
04-08 07:54:26.818   231   759 I IspDrv  : [init] cq:[3],mpIspCQDescriptor:Virt[0xf73ea420]/Phy[0x0x19f00420]
04-08 07:54:26.818   231   759 I IspDrv  : [init] cq:[4],mpIspCQDescriptor:Virt[0xf73ea580]/Phy[0x0x19f00580]
04-08 07:54:26.818   231   759 I IspDrv  : [init] cq:[5],mpIspCQDescriptor:Virt[0xf73ea6e0]/Phy[0x0x19f006e0]
04-08 07:54:26.818   231   759 I IspDrv  : [ProfilingPrint] [Event_IspDrv_Init] memcpy(mpIspCQDescriptorVirt[i]):(12-th) ===> [start-->now: 2.386000 ms] [last-->now: 0.180000 ms]
04-08 07:54:26.818   231   759 I IspDrv  : [ProfilingPrint] [Event_IspDrv_Init] memset(mpIspCQDescriptorVirt[CQ0C]):(13-th) ===> [start-->now: 2.417000 ms] [last-->now: 0.031000 ms]
04-08 07:54:26.818   231   759 I IspDrv  : [ProfilingPrint] [Event_IspDrv_Init] memset(tdriMgrInfoCq1):(14-th) ===> [start-->now: 2.447000 ms] [last-->now: 0.030000 ms]
04-08 07:54:26.818   231   759 I IspDrv  : [ProfilingPrint] [Event_IspDrv_Init] memset(tdriMgrInfoCq2):(15-th) ===> [start-->now: 2.477000 ms] [last-->now: 0.030000 ms]
04-08 07:54:26.818   231   759 I IspDrv  : [ProfilingPrint] [Event_IspDrv_Init] atomic_inc:(16-th) ===> [start-->now: 2.507000 ms] [last-->now: 0.030000 ms]
04-08 07:54:26.818   231   759 I IspDrv  : [init] -,ret(1),mInitCount(1)
04-08 07:54:26.818   231   759 I IspDrv  : [ProfilingPrint] [Event_IspDrv_Init] Exit:(17-th) ===> [start-->now: 2.551000 ms] [last-->now: 0.044000 ms]
04-08 07:54:26.818   231   759 I IspDrv  : [getInstance] cq(1),ispVirRegAddr(0x0xee2dd000)
04-08 07:54:26.818   231   759 I Drv/IMem: [mapPhyAddr] mID(0x16),size(0xd6f0),VA(xf71f5000),PA(0x1a000000),S/C(0/0)
04-08 07:54:26.818   231   759 I Drv/IMem: [mapPhyAddr] mID(0x17),size(0xd6f0),VA(xf716f000),PA(0x1a500000),S/C(0/0)
04-08 07:54:26.818   231   759 I Drv/IMem: [mapPhyAddr] mID(0x18),size(0x128),VA(xf7338000),PA(0x1a600000),S/C(0/0)
04-08 07:54:26.818   231   759 I IspDrv  : [getInstance] Gdma: 0.
04-08 07:54:26.818   231   759 I IspDrv  : [init] +,mInitCount(1),m_fgIsGdmaMode(0)
04-08 07:54:26.818   231   759 I IspDrv  : [ProfilingPrint] [Event_IspDrv_Init] atomic_inc:(0-th) ===> [start-->now: 0.018000 ms]
04-08 07:54:26.818   231   759 I IspDrv  : [init] -,ret(1),mInitCount(2)
04-08 07:54:26.818   231   759 I IspDrv  : [ProfilingPrint] [Event_IspDrv_Init] Exit:(1-th) ===> [start-->now: 0.059000 ms] [last-->now: 0.041000 ms]
04-08 07:54:26.818   231   759 I IspDrv  : [getInstance] Gdma: 0.
04-08 07:54:26.818   231   759 I IspDrv  : [init] +,mInitCount(2),m_fgIsGdmaMode(0)
04-08 07:54:26.818   231   759 I IspDrv  : [ProfilingPrint] [Event_IspDrv_Init] atomic_inc:(0-th) ===> [start-->now: 0.018000 ms]
04-08 07:54:26.818   231   759 I IspDrv  : [init] -,ret(1),mInitCount(3)
04-08 07:54:26.818   231   759 I IspDrv  : [ProfilingPrint] [Event_IspDrv_Init] Exit:(1-th) ===> [start-->now: 0.053000 ms] [last-->now: 0.035000 ms]
04-08 07:54:26.819   231   759 D flicker_hal.cpp: func=createBuf ln=995
04-08 07:54:26.819   231   759 I Drv/IMem: [mapPhyAddr] mID(0x19),size(0x6000),VA(xf71b5000),PA(0x1a700000),S/C(0/0)
04-08 07:54:26.819   231   759 I Drv/IMem: [mapPhyAddr] mID(0x1a),size(0x6000),VA(xf7169000),PA(0x1a800000),S/C(0/0)
04-08 07:54:26.819   231   759 I IspDrv  : [getInstance] Gdma: 0.
04-08 07:54:26.819   231   759 I IspDrv  : [init] +,mInitCount(3),m_fgIsGdmaMode(0)
04-08 07:54:26.819   231   759 I IspDrv  : [ProfilingPrint] [Event_IspDrv_Init] atomic_inc:(0-th) ===> [start-->now: 0.019000 ms]
04-08 07:54:26.819   231   759 I IspDrv  : [init] -,ret(1),mInitCount(4)
04-08 07:54:26.819   231   759 I IspDrv  : [ProfilingPrint] [Event_IspDrv_Init] Exit:(1-th) ===> [start-->now: 0.060000 ms] [last-->now: 0.041000 ms]
04-08 07:54:26.819   231   759 D nvbuf_util.cpp: nvbuf_util.cpp getBufAndRead+ ln=578 ramId=0 sensorDev=2
04-08 07:54:26.819   231   759 I IspDrv  : [getInstance] Gdma: 0.
04-08 07:54:26.819   231   759 I IspDrv  : [init] +,mInitCount(4),m_fgIsGdmaMode(0)
04-08 07:54:26.819   231   759 I IspDrv  : [ProfilingPrint] [Event_IspDrv_Init] atomic_inc:(0-th) ===> [start-->now: 0.018000 ms]
04-08 07:54:26.819   231   759 I IspDrv  : [init] -,ret(1),mInitCount(5)
04-08 07:54:26.819   231   759 I IspDrv  : [ProfilingPrint] [Event_IspDrv_Init] Exit:(1-th) ===> [start-->now: 0.057000 ms] [last-->now: 0.039000 ms]
04-08 07:54:26.819   231   759 I IspDrv  : [getInstance] cq(1),ispVirRegAddr(0x0xee2dd000)
04-08 07:54:26.819   231   759 I IspDrv  : [getInstance] cq(5),ispVirRegAddr(0x0xee3dd000)
04-08 07:54:26.819   231   759 I IspDrv  : [getInstance] cq(7),ispVirRegAddr(0x0xee45d000)
04-08 07:54:26.819   231   759 I IspDrv  : [getInstance] Gdma: 0.
04-08 07:54:26.819   231   759 I IspDrv  : [getInstance] cq(5),ispVirRegAddr(0x0xee3dd000)
04-08 07:54:26.820   231   759 I IspDrv  : [getInstance] cq(7),ispVirRegAddr(0x0xee45d000)
04-08 07:54:26.820   231   759 I IspDrv  : [init] +,mInitCount(5),m_fgIsGdmaMode(0)
04-08 07:54:26.820   231   759 I IspDrv  : [ProfilingPrint] [Event_IspDrv_Init] atomic_inc:(0-th) ===> [start-->now: 0.018000 ms]
04-08 07:54:26.820   231   759 I IspDrv  : [init] -,ret(1),mInitCount(6)
04-08 07:54:26.820   231   759 I IspDrv  : [ProfilingPrint] [Event_IspDrv_Init] Exit:(1-th) ===> [start-->now: 0.055000 ms] [last-->now: 0.037000 ms]
04-08 07:54:26.820   231   759 I IspDrv  : [getInstance] Gdma: 0.
04-08 07:54:26.820   231   759 I IspDrv  : [init] +,mInitCount(6),m_fgIsGdmaMode(0)
04-08 07:54:26.820   231   759 I IspDrv  : [ProfilingPrint] [Event_IspDrv_Init] atomic_inc:(0-th) ===> [start-->now: 0.017000 ms]
04-08 07:54:26.820   231   759 I IspDrv  : [init] -,ret(1),mInitCount(7)
04-08 07:54:26.820   231   759 I IspDrv  : [ProfilingPrint] [Event_IspDrv_Init] Exit:(1-th) ===> [start-->now: 0.056000 ms] [last-->now: 0.039000 ms]
04-08 07:54:26.820   231   759 I Drv/IMem: [mapPhyAddr] mID(0x1f),size(0x10000),VA(xf7155000),PA(0x1a900000),S/C(0/0)
04-08 07:54:26.820   231   759 I Drv/IMem: [mapPhyAddr] mID(0x20),size(0x10000),VA(xf7145000),PA(0x1aa00000),S/C(0/0)
04-08 07:54:26.820   231   759 I Drv/IMem: [mapPhyAddr] mID(0x21),size(0x10000),VA(xf7135000),PA(0x1ab00000),S/C(0/0)
04-08 07:54:26.820   231   759 I Drv/IMem: [mapPhyAddr] mID(0x22),size(0x10000),VA(xf711b000),PA(0x1ac00000),S/C(0/0)
04-08 07:54:26.820   231   759 I Drv/IMem: [mapPhyAddr] mID(0x23),size(0x10000),VA(xf710b000),PA(0x1ad00000),S/C(0/0)
04-08 07:54:26.820   231   759 I Drv/IMem: [mapPhyAddr] mID(0x24),size(0x10000),VA(xf70f2000),PA(0x1ae00000),S/C(0/0)
04-08 07:54:26.820   231   759 I Drv/IMem: [mapPhyAddr] mID(0x25),size(0x10000),VA(xf70e2000),PA(0x1af00000),S/C(0/0)
04-08 07:54:26.820   231   759 I Drv/IMem: [mapPhyAddr] mID(0x26),size(0x10000),VA(xf70c1000),PA(0x1b000000),S/C(0/0)
04-08 07:54:26.821   231   759 I Drv/IMem: [mapPhyAddr] mID(0x27),size(0x10000),VA(xf70a4000),PA(0x1b100000),S/C(0/0)
04-08 07:54:26.821   231   759 I Drv/IMem: [mapPhyAddr] mID(0x28),size(0x10000),VA(xf7094000),PA(0x1b200000),S/C(0/0)
04-08 07:54:26.821   231   759 I Drv/IMem: [mapPhyAddr] mID(0x29),size(0x4000),VA(xf71d5000),PA(0x1b300000),S/C(0/0)
04-08 07:54:26.821   231   759 I Drv/IMem: [mapPhyAddr] mID(0x2a),size(0x4000),VA(xf719f000),PA(0x1b400000),S/C(0/0)
04-08 07:54:26.821   231   759 I Drv/IMem: [cacheSyncbyRange] +, c/m/va/sz/pa(0/0x1f/0xf71550000x10000/0x1a900000)
04-08 07:54:26.821   231   759 I Drv/IMem: [cacheSyncbyRange] -
04-08 07:54:26.821   231   759 I Drv/IMem: [cacheSyncbyRange] +, c/m/va/sz/pa(0/0x20/0xf71450000x10000/0x1aa00000)
04-08 07:54:26.821   231   759 I Drv/IMem: [cacheSyncbyRange] -
04-08 07:54:26.821   231   759 I Drv/IMem: [cacheSyncbyRange] +, c/m/va/sz/pa(0/0x21/0xf71350000x10000/0x1ab00000)
04-08 07:54:26.821   231   759 I Drv/IMem: [cacheSyncbyRange] -
04-08 07:54:26.822   231   759 I Drv/IMem: [cacheSyncbyRange] +, c/m/va/sz/pa(0/0x22/0xf711b0000x10000/0x1ac00000)
04-08 07:54:26.822   231   759 I Drv/IMem: [cacheSyncbyRange] -
04-08 07:54:26.822   231   759 I Drv/IMem: [cacheSyncbyRange] +, c/m/va/sz/pa(0/0x23/0xf710b0000x10000/0x1ad00000)
04-08 07:54:26.822   231   759 I Drv/IMem: [cacheSyncbyRange] -
04-08 07:54:26.822   231   759 I Drv/IMem: [cacheSyncbyRange] +, c/m/va/sz/pa(0/0x24/0xf70f20000x10000/0x1ae00000)
04-08 07:54:26.822   231   759 I Drv/IMem: [cacheSyncbyRange] -
04-08 07:54:26.822   231   759 I Drv/IMem: [cacheSyncbyRange] +, c/m/va/sz/pa(0/0x25/0xf70e20000x10000/0x1af00000)
04-08 07:54:26.822   231   759 I Drv/IMem: [cacheSyncbyRange] -
04-08 07:54:26.822   231   759 I Drv/IMem: [cacheSyncbyRange] +, c/m/va/sz/pa(0/0x26/0xf70c10000x10000/0x1b000000)
04-08 07:54:26.822   231   759 I Drv/IMem: [cacheSyncbyRange] -
04-08 07:54:26.822   231   759 I Drv/IMem: [cacheSyncbyRange] +, c/m/va/sz/pa(0/0x27/0xf70a40000x10000/0x1b100000)
04-08 07:54:26.822   231   759 I Drv/IMem: [cacheSyncbyRange] -
04-08 07:54:26.822   231   759 I Drv/IMem: [cacheSyncbyRange] +, c/m/va/sz/pa(0/0x28/0xf70940000x10000/0x1b200000)
04-08 07:54:26.822   231   759 I Drv/IMem: [cacheSyncbyRange] -
04-08 07:54:26.822   231   759 I Drv/IMem: [cacheSyncbyRange] +, c/m/va/sz/pa(0/0x29/0xf71d50000x4000/0x1b300000)
04-08 07:54:26.822   231   759 I Drv/IMem: [cacheSyncbyRange] -
04-08 07:54:26.822   231   759 I Drv/IMem: [cacheSyncbyRange] +, c/m/va/sz/pa(0/0x2a/0xf719f0000x4000/0x1b400000)
04-08 07:54:26.822   231   759 I Drv/IMem: [cacheSyncbyRange] -
04-08 07:54:26.826   231   759 I Drv/IMem: [cacheSyncbyRange] +, c/m/va/sz/pa(0/0x29/0xf71d50000x4000/0x1b300000)
04-08 07:54:26.826   231   759 I Drv/IMem: [cacheSyncbyRange] -
04-08 07:54:26.826   231   759 I IspDrv  : [getInstance] Gdma: 0.
04-08 07:54:26.828   231   759 D nvbuf_util.cpp: nvbuf_util.cpp getBufAndRead+ ln=578 ramId=1 sensorDev=2
04-08 07:54:26.828   231   759 D nvbuf_util.cpp: nvbuf_util.cpp getBufAndRead+ ln=578 ramId=4 sensorDev=2
04-08 07:54:26.829   231   759 I MtkCam/Cam1DeviceFactory: (759)[createCam1Device] - 0xf4c3a3c0
04-08 07:54:26.830   231   759 E MtkCam/devicemgr: [getMMSdkService] Can not get mmsdk service (getMMSdkService){#97:vendor/mediatek/proprietary/hardware/mtkcam/legacy/module_hal/devicemgr/CamDeviceManagerBase.openDevice.cpp}
04-08 07:54:26.833   231   759 I MtkCam/Cam1Device: (759)(Default:1)[Cam1DeviceBase::stopPreview] +
04-08 07:54:26.833   231   759 I MtkCam/Cam1Device: (759)(Default:1)[Cam1DeviceBase::stopPreview] -
04-08 07:54:26.834   231   759 E CamDev@1.0-impl.legacy: getHidlStatus: unknown HAL status code -32
04-08 07:54:26.834   231   759 I CamDev@1.0-impl.legacy: Closing camera 1
04-08 07:54:26.834   231   759 E MtkCam/devicemgr: [getMMSdkService] Can not get mmsdk service (getMMSdkService){#97:vendor/mediatek/proprietary/hardware/mtkcam/legacy/module_hal/devicemgr/CamDeviceManagerBase.openDevice.cpp}
04-08 07:54:26.870   289   289 I dongled : type=1400 audit(0.0:426): avc: denied { read } for scontext=u:r:usbdongled:s0 tcontext=u:r:usbdongled:s0 tclass=netlink_kobject_uevent_socket permissive=1
04-08 07:54:26.905   231   759 I IspDrv  : [uninit] +,mInitCount(7)
04-08 07:54:26.906   231   759 I IspDrv  : [ProfilingPrint] [Event_IspDrv_Uninit] atomic_dec:(0-th) ===> [start-->now: 0.059000 ms]
04-08 07:54:26.906   231   759 I IspDrv  : [uninit] -,ret(1),mInitCount(6)
04-08 07:54:26.906   231   759 I IspDrv  : [ProfilingPrint] [Event_IspDrv_Uninit] Exit:(1-th) ===> [start-->now: 0.102000 ms] [last-->now: 0.043000 ms]
04-08 07:54:26.906   231   759 I Drv/IMem: [freeVirtBuf] mID[0x16]/size[0xd6f0]/VA[0xf71f5000]/PA[0x1a000000]
04-08 07:54:26.906   231   759 I Drv/IMem: [freeVirtBuf] mID[0x17]/size[0xd6f0]/VA[0xf716f000]/PA[0x1a500000]
04-08 07:54:26.906   231   759 I Drv/IMem: [freeVirtBuf] mID[0x18]/size[0x128]/VA[0xf7338000]/PA[0x1a600000]
04-08 07:54:26.906   231   759 I IspDrv  : [uninit] +,mInitCount(6)
04-08 07:54:26.906   231   759 I IspDrv  : [ProfilingPrint] [Event_IspDrv_Uninit] atomic_dec:(0-th) ===> [start-->now: 0.028000 ms]
04-08 07:54:26.906   231   759 I IspDrv  : [uninit] -,ret(1),mInitCount(5)
04-08 07:54:26.906   231   759 I IspDrv  : [ProfilingPrint] [Event_IspDrv_Uninit] Exit:(1-th) ===> [start-->now: 0.065000 ms] [last-->now: 0.037000 ms]
04-08 07:54:26.906   231   759 I IspDrv  : [uninit] +,mInitCount(5)
04-08 07:54:26.906   231   759 I IspDrv  : [ProfilingPrint] [Event_IspDrv_Uninit] atomic_dec:(0-th) ===> [start-->now: 0.017000 ms]
04-08 07:54:26.906   231   759 I IspDrv  : [uninit] -,ret(1),mInitCount(4)
04-08 07:54:26.906   231   759 I IspDrv  : [ProfilingPrint] [Event_IspDrv_Uninit] Exit:(1-th) ===> [start-->now: 0.056000 ms] [last-->now: 0.039000 ms]
04-08 07:54:26.906   231   759 I IspDrv  : [uninit] +,mInitCount(4)
04-08 07:54:26.906   231   759 I IspDrv  : [ProfilingPrint] [Event_IspDrv_Uninit] atomic_dec:(0-th) ===> [start-->now: 0.017000 ms]
04-08 07:54:26.906   231   759 I IspDrv  : [uninit] -,ret(1),mInitCount(3)
04-08 07:54:26.906   231   759 I IspDrv  : [ProfilingPrint] [Event_IspDrv_Uninit] Exit:(1-th) ===> [start-->now: 0.055000 ms] [last-->now: 0.038000 ms]
04-08 07:54:26.906   231   759 I Drv/IMem: [freeVirtBuf] mID[0x1b]/size[0x170]/VA[0xf7337000]/PA[0x0]
04-08 07:54:26.906   231   759 I Drv/IMem: [freeVirtBuf] mID[0x1c]/size[0x144]/VA[0xf730d000]/PA[0x0]
04-08 07:54:26.906   231   759 I Drv/IMem: [freeVirtBuf] mID[0x1d]/size[0x144]/VA[0xf730c000]/PA[0x0]
04-08 07:54:26.906   231   759 I Drv/IMem: [freeVirtBuf] mID[0x1e]/size[0x144]/VA[0xf7300000]/PA[0x0]
04-08 07:54:26.906   231   759 I Drv/IMem: [freeVirtBuf] mID[0xffffffff]/size[0x0]/VA[0x0]/PA[0x0]
04-08 07:54:26.906   231   759 I IspDrv  : [uninit] +,mInitCount(3)
04-08 07:54:26.906   231   759 I IspDrv  : [ProfilingPrint] [Event_IspDrv_Uninit] atomic_dec:(0-th) ===> [start-->now: 0.025000 ms]
04-08 07:54:26.906   231   759 I IspDrv  : [uninit] -,ret(1),mInitCount(2)
04-08 07:54:26.907   231   759 I IspDrv  : [ProfilingPrint] [Event_IspDrv_Uninit] Exit:(1-th) ===> [start-->now: 0.068000 ms] [last-->now: 0.043000 ms]
04-08 07:54:26.907   231   759 I Drv/IMem: [freeVirtBuf] mID[0x1f]/size[0x10000]/VA[0xf7155000]/PA[0x1a900000]
04-08 07:54:26.907   231   759 I Drv/IMem: [freeVirtBuf] mID[0x20]/size[0x10000]/VA[0xf7145000]/PA[0x1aa00000]
04-08 07:54:26.907   231   759 I Drv/IMem: [freeVirtBuf] mID[0x21]/size[0x10000]/VA[0xf7135000]/PA[0x1ab00000]
04-08 07:54:26.907   231   759 I Drv/IMem: [freeVirtBuf] mID[0x22]/size[0x10000]/VA[0xf711b000]/PA[0x1ac00000]
04-08 07:54:26.907   231   759 I Drv/IMem: [freeVirtBuf] mID[0x23]/size[0x10000]/VA[0xf710b000]/PA[0x1ad00000]
04-08 07:54:26.907   231   759 I Drv/IMem: [freeVirtBuf] mID[0x24]/size[0x10000]/VA[0xf70f2000]/PA[0x1ae00000]
04-08 07:54:26.907   231   759 I Drv/IMem: [freeVirtBuf] mID[0x25]/size[0x10000]/VA[0xf70e2000]/PA[0x1af00000]
04-08 07:54:26.908   231   759 I Drv/IMem: [freeVirtBuf] mID[0x26]/size[0x10000]/VA[0xf70c1000]/PA[0x1b000000]
04-08 07:54:26.908   231   759 I Drv/IMem: [freeVirtBuf] mID[0x27]/size[0x10000]/VA[0xf70a4000]/PA[0x1b100000]
04-08 07:54:26.908   231   759 I Drv/IMem: [freeVirtBuf] mID[0x28]/size[0x10000]/VA[0xf7094000]/PA[0x1b200000]
04-08 07:54:26.908   231   759 I Drv/IMem: [freeVirtBuf] mID[0x29]/size[0x4000]/VA[0xf71d5000]/PA[0x1b300000]
04-08 07:54:26.908   231   759 I Drv/IMem: [freeVirtBuf] mID[0x2a]/size[0x4000]/VA[0xf719f000]/PA[0x1b400000]
04-08 07:54:26.908   231   759 I IspDrv  : [uninit] +,mInitCount(2)
04-08 07:54:26.908   231   759 I IspDrv  : [ProfilingPrint] [Event_IspDrv_Uninit] atomic_dec:(0-th) ===> [start-->now: 0.027000 ms]
04-08 07:54:26.908   231   759 I IspDrv  : [uninit] -,ret(1),mInitCount(1)
04-08 07:54:26.908   231   759 I IspDrv  : [ProfilingPrint] [Event_IspDrv_Uninit] Exit:(1-th) ===> [start-->now: 0.071000 ms] [last-->now: 0.044000 ms]
04-08 07:54:26.908   231   759 D flicker_hal.cpp: func=releaseBuf ln=1001
04-08 07:54:26.908   231   759 I IspDrv  : [uninit] +,mInitCount(1)
04-08 07:54:26.908   231   759 I IspDrv  : [ProfilingPrint] [Event_IspDrv_Uninit] atomic_dec:(0-th) ===> [start-->now: 0.022000 ms]
04-08 07:54:26.908   231   759 I IspDrv  : [ProfilingPrint] [Event_IspDrv_Uninit] munmap(mpIspHwRegAddr):(1-th) ===> [start-->now: 0.054000 ms] [last-->now: 0.032000 ms]
04-08 07:54:26.908   231   759 I IspDrv  : [ProfilingPrint] [Event_IspDrv_Uninit] munmap(m_pRTBufTbl):(2-th) ===> [start-->now: 0.090000 ms] [last-->now: 0.036000 ms]
04-08 07:54:26.908   231   759 I IspDrv  : [ProfilingPrint] [Event_IspDrv_Uninit] m_pIMemDrv->unmapPhyAddr(m_ispVirRegBufInfo):(3-th) ===> [start-->now: 0.121000 ms] [last-->now: 0.031000 ms]
04-08 07:54:26.908   231   759 I Drv/IMem: [freeVirtBuf] mID[0x14]/size[0x200004]/VA[0xee29d000]/PA[0x19c00000]
04-08 07:54:26.908   231   759 I IspDrv  : [ProfilingPrint] [Event_IspDrv_Uninit] m_pIMemDrv->freeVirtBuf(m_ispVirRegBufInfo):(4-th) ===> [start-->now: 0.248000 ms] [last-->now: 0.127000 ms]
04-08 07:54:26.908   231   759 I IspDrv  : [ProfilingPrint] [Event_IspDrv_Uninit] m_pIMemDrv->unmapPhyAddr(m_ispCQDescBufInfo):(5-th) ===> [start-->now: 0.290000 ms] [last-->now: 0.042000 ms]
04-08 07:54:26.908   231   759 I Drv/IMem: [freeVirtBuf] mID[0x15]/size[0x848]/VA[0xf73ea000]/PA[0x19f00000]
04-08 07:54:26.908   231   759 I IspDrv  : [ProfilingPrint] [Event_IspDrv_Uninit] m_pIMemDrv->freeVirtBuf(m_ispCQDescBufInfo):(6-th) ===> [start-->now: 0.387000 ms] [last-->now: 0.097000 ms]
04-08 07:54:26.908   231   759 I IspDrv  : [ProfilingPrint] [Event_IspDrv_Uninit] m_pIMemDrv->uninit():(7-th) ===> [start-->now: 0.431000 ms] [last-->now: 0.044000 ms]
04-08 07:54:26.908   231   759 I IspDrv  : [ProfilingPrint] [Event_IspDrv_Uninit] m_pIMemDrv->destroyInstance():(8-th) ===> [start-->now: 0.463000 ms] [last-->now: 0.032000 ms]
04-08 07:54:26.908   231   759 I IspDrv  : [ProfilingPrint] [Event_IspDrv_Uninit] memset(tdriMgrInfoCq1):(9-th) ===> [start-->now: 0.494000 ms] [last-->now: 0.031000 ms]
04-08 07:54:26.908   231   759 I IspDrv  : [ProfilingPrint] [Event_IspDrv_Uninit] memset(tdriMgrInfoCq2):(10-th) ===> [start-->now: 0.525000 ms] [last-->now: 0.031000 ms]
04-08 07:54:26.908   231   759 I IspDrv  : [uninit] ISP Global Count: 0.
04-08 07:54:26.910   231   759 I IspDrv  : [ProfilingPrint] [Event_IspDrv_Uninit] close isp mFd:(11-th) ===> [start-->now: 1.584000 ms] [last-->now: 1.059000 ms]
04-08 07:54:26.910   231   759 I IspDrv  : [ProfilingPrint] [Event_IspDrv_Uninit] free(mpIspDrvRegMap):(12-th) ===> [start-->now: 1.628000 ms] [last-->now: 0.044000 ms]
04-08 07:54:26.910   231   759 I IspDrv  : [uninit] -,ret(1),mInitCount(0)
04-08 07:54:26.910   231   759 I IspDrv  : [ProfilingPrint] [Event_IspDrv_Uninit] Exit:(13-th) ===> [start-->now: 1.674000 ms] [last-->now: 0.046000 ms]
04-08 07:54:26.910   231   759 I Drv/IMem: [freeVirtBuf] mID[0x19]/size[0x6000]/VA[0xf71b5000]/PA[0x1a700000]
04-08 07:54:26.910   231   759 I Drv/IMem: [freeVirtBuf] mID[0x1a]/size[0x6000]/VA[0xf7169000]/PA[0x1a800000]
04-08 07:54:26.910   231   759 I Drv/IMem: [uninit] close ion id(19).
04-08 07:54:26.916   231   759 I BWC     : get_bwc_mm_property success
04-08 07:54:26.916   231   759 I BWC     : BWC_SETTING::DumpInfo-------
04-08 07:54:26.916   231   759 I BWC     : 
04-08 07:54:26.916   231   759 I BWC     :          sensor_size =      0 x      0
04-08 07:54:26.916   231   759 I BWC     :              vr_size =      0 x      0
04-08 07:54:26.916   231   759 I BWC     :            disp_size =      0 x      0
04-08 07:54:26.916   231   759 I BWC     :              tv_size =      0 x      0
04-08 07:54:26.916   231   759 I BWC     :                  fps =      0
04-08 07:54:26.916   231   759 I BWC     :      venc_codec_type =      0
04-08 07:54:26.916   231   759 I BWC     :      vdec_codec_type =      0
04-08 07:54:26.916   231   759 I BWC     : ----------------------------
04-08 07:54:26.916   231   759 I BWC     : 
04-08 07:54:26.916   231   759 I BWC     : Read DDR type string:LPDDR2_1066
04-08 07:54:26.916   231   759 I BWC     : DDR Type = -1
04-08 07:54:26.921   231   759 I BWC     : smi_bw_ctrl_set: scen 1, turn off
04-08 07:54:26.921   231   759 I BWC     : emi_string is CON_SCE_NORMAL
04-08 07:54:26.921   231   759 I BWC     : emi_bw_ctrl_set: CON_SCE_NORMAL OFF
04-08 07:54:26.922   231   759 I BWC     : set_bwc_mm_property: propterty_id=0, value1=0, value2=0 
04-08 07:54:26.922   231   759 I BWC     : Profile_Change:[BWCPT_CAMERA_PREVIEW]:OFF,current concurrency is 0x0
04-08 07:54:26.924   231   759 I CameraService: disconnect: Disconnected client for camera 1 for PID 231
04-08 07:54:26.924   231   759 D NuPlayerDriver: reset(0xf4c1d9a0) at state 4
04-08 07:54:26.924   231   759 D NuPlayerDriver: notifyListener_l(0xf4c1d9a0), (8, 0, 0, -1), loop setting(0, 0)
04-08 07:54:26.924   231   936 D NuPlayerDriver: notifyResetComplete(0xf4c1d9a0)
04-08 07:54:26.924   231   759 D NuPlayerDriver: reset(0xf4c1da80) at state 4
04-08 07:54:26.924   231   759 D NuPlayerDriver: notifyListener_l(0xf4c1da80), (8, 0, 0, -1), loop setting(0, 0)
04-08 07:54:26.925   231   938 D NuPlayerDriver: notifyResetComplete(0xf4c1da80)
04-08 07:54:26.925   231   759 D NuPlayerDriver: reset(0xf4c1db60) at state 4
04-08 07:54:26.925   231   759 D NuPlayerDriver: notifyListener_l(0xf4c1db60), (8, 0, 0, -1), loop setting(0, 0)
04-08 07:54:26.925   231   940 D NuPlayerDriver: notifyResetComplete(0xf4c1db60)
04-08 07:54:26.942   620   620 I StatusBar: isKeyguardShowing() called before startKeyguard(), returning true
04-08 07:54:26.942   620   620 W StatusBar: isKeyguardSecure() called before startKeyguard(), returning false
04-08 07:54:26.942   620   620 W StatusBar: java.lang.Throwable
04-08 07:54:26.942   620   620 W StatusBar: 	at com.android.systemui.statusbar.phone.StatusBar.isKeyguardSecure(StatusBar.java:7933)
04-08 07:54:26.942   620   620 W StatusBar: 	at com.android.systemui.statusbar.phone.StatusBar.isCameraAllowedByAdmin(StatusBar.java:5799)
04-08 07:54:26.942   620   620 W StatusBar: 	at com.android.systemui.statusbar.phone.KeyguardBottomAreaView$DefaultRightButton.getIcon(KeyguardBottomAreaView.java:856)
04-08 07:54:26.942   620   620 W StatusBar: 	at com.android.systemui.statusbar.phone.KeyguardBottomAreaView.updateCameraVisibility(KeyguardBottomAreaView.java:382)
04-08 07:54:26.942   620   620 W StatusBar: 	at com.android.systemui.statusbar.phone.KeyguardBottomAreaView.setStatusBar(KeyguardBottomAreaView.java:351)
04-08 07:54:26.942   620   620 W StatusBar: 	at com.android.systemui.statusbar.phone.NotificationPanelView.setStatusBar(NotificationPanelView.java:278)
04-08 07:54:26.942   620   620 W StatusBar: 	at com.android.systemui.statusbar.phone.StatusBar.makeStatusBarView(StatusBar.java:1146)
04-08 07:54:26.942   620   620 W StatusBar: 	at com.android.systemui.statusbar.phone.StatusBar.addStatusBarWindow(StatusBar.java:3979)
04-08 07:54:26.942   620   620 W StatusBar: 	at com.android.systemui.statusbar.phone.StatusBar.createAndAddWindows(StatusBar.java:3975)
04-08 07:54:26.942   620   620 W StatusBar: 	at com.android.systemui.statusbar.phone.StatusBar.start(StatusBar.java:993)
04-08 07:54:26.942   620   620 W StatusBar: 	at com.android.systemui.SystemBars.createStatusBarFromConfig(SystemBars.java:71)
04-08 07:54:26.942   620   620 W StatusBar: 	at com.android.systemui.SystemBars.start(SystemBars.java:42)
04-08 07:54:26.942   620   620 W StatusBar: 	at com.android.systemui.SystemUIApplication.startServicesIfNeeded(SystemUIApplication.java:215)
04-08 07:54:26.942   620   620 W StatusBar: 	at com.android.systemui.SystemUIApplication.startServicesIfNeeded(SystemUIApplication.java:164)
04-08 07:54:26.942   620   620 W StatusBar: 	at com.android.systemui.keyguard.KeyguardService.onCreate(KeyguardService.java:48)
04-08 07:54:26.942   620   620 W StatusBar: 	at android.app.ActivityThread.handleCreateService(ActivityThread.java:3339)
04-08 07:54:26.942   620   620 W StatusBar: 	at android.app.ActivityThread.-wrap4(Unknown Source:0)
04-08 07:54:26.942   620   620 W StatusBar: 	at android.app.ActivityThread$H.handleMessage(ActivityThread.java:1677)
04-08 07:54:26.942   620   620 W StatusBar: 	at android.os.Handler.dispatchMessage(Handler.java:106)
04-08 07:54:26.942   620   620 W StatusBar: 	at android.os.Looper.loop(Looper.java:164)
04-08 07:54:26.942   620   620 W StatusBar: 	at android.app.ActivityThread.main(ActivityThread.java:6494)
04-08 07:54:26.942   620   620 W StatusBar: 	at java.lang.reflect.Method.invoke(Native Method)
04-08 07:54:26.942   620   620 W StatusBar: 	at com.android.internal.os.RuntimeInit$MethodAndArgsCaller.run(RuntimeInit.java:438)
04-08 07:54:26.942   620   620 W StatusBar: 	at com.android.internal.os.ZygoteInit.main(ZygoteInit.java:807)
04-08 07:54:26.995   620   620 I StatusBar: isKeyguardShowing() called before startKeyguard(), returning true
04-08 07:54:26.996   620   620 W StatusBar: isKeyguardSecure() called before startKeyguard(), returning false
04-08 07:54:26.996   620   620 W StatusBar: java.lang.Throwable
04-08 07:54:26.996   620   620 W StatusBar: 	at com.android.systemui.statusbar.phone.StatusBar.isKeyguardSecure(StatusBar.java:7933)
04-08 07:54:26.996   620   620 W StatusBar: 	at com.android.systemui.statusbar.phone.StatusBar.isCameraAllowedByAdmin(StatusBar.java:5799)
04-08 07:54:26.996   620   620 W StatusBar: 	at com.android.systemui.statusbar.phone.KeyguardBottomAreaView$DefaultRightButton.getIcon(KeyguardBottomAreaView.java:856)
04-08 07:54:26.996   620   620 W StatusBar: 	at com.android.systemui.statusbar.phone.KeyguardBottomAreaView.updateCameraVisibility(KeyguardBottomAreaView.java:382)
04-08 07:54:26.996   620   620 W StatusBar: 	at com.android.systemui.statusbar.phone.KeyguardBottomAreaView.setUserSetupComplete(KeyguardBottomAreaView.java:360)
04-08 07:54:26.996   620   620 W StatusBar: 	at com.android.systemui.statusbar.phone.NotificationPanelView.setUserSetupComplete(NotificationPanelView.java:2706)
04-08 07:54:26.996   620   620 W StatusBar: 	at com.android.systemui.statusbar.phone.StatusBar.makeStatusBarView(StatusBar.java:1290)
04-08 07:54:26.996   620   620 W StatusBar: 	at com.android.systemui.statusbar.phone.StatusBar.addStatusBarWindow(StatusBar.java:3979)
04-08 07:54:26.996   620   620 W StatusBar: 	at com.android.systemui.statusbar.phone.StatusBar.createAndAddWindows(StatusBar.java:3975)
04-08 07:54:26.996   620   620 W StatusBar: 	at com.android.systemui.statusbar.phone.StatusBar.start(StatusBar.java:993)
04-08 07:54:26.996   620   620 W StatusBar: 	at com.android.systemui.SystemBars.createStatusBarFromConfig(SystemBars.java:71)
04-08 07:54:26.996   620   620 W StatusBar: 	at com.android.systemui.SystemBars.start(SystemBars.java:42)
04-08 07:54:26.996   620   620 W StatusBar: 	at com.android.systemui.SystemUIApplication.startServicesIfNeeded(SystemUIApplication.java:215)
04-08 07:54:26.996   620   620 W StatusBar: 	at com.android.systemui.SystemUIApplication.startServicesIfNeeded(SystemUIApplication.java:164)
04-08 07:54:26.996   620   620 W StatusBar: 	at com.android.systemui.keyguard.KeyguardService.onCreate(KeyguardService.java:48)
04-08 07:54:26.996   620   620 W StatusBar: 	at android.app.ActivityThread.handleCreateService(ActivityThread.java:3339)
04-08 07:54:26.996   620   620 W StatusBar: 	at android.app.ActivityThread.-wrap4(Unknown Source:0)
04-08 07:54:26.996   620   620 W StatusBar: 	at android.app.ActivityThread$H.handleMessage(ActivityThread.java:1677)
04-08 07:54:26.996   620   620 W StatusBar: 	at android.os.Handler.dispatchMessage(Handler.java:106)
04-08 07:54:26.996   620   620 W StatusBar: 	at android.os.Looper.loop(Looper.java:164)
04-08 07:54:26.996   620   620 W StatusBar: 	at android.app.ActivityThread.main(ActivityThread.java:6494)
04-08 07:54:26.996   620   620 W StatusBar: 	at java.lang.reflect.Method.invoke(Native Method)
04-08 07:54:26.996   620   620 W StatusBar: 	at com.android.internal.os.RuntimeInit$MethodAndArgsCaller.run(RuntimeInit.java:438)
04-08 07:54:26.996   620   620 W StatusBar: 	at com.android.internal.os.ZygoteInit.main(ZygoteInit.java:807)
04-08 07:54:27.012   620   816 W Tile.WifiTile: Error in handleRefreshState
04-08 07:54:27.012   620   816 W Tile.WifiTile: java.lang.NullPointerException: Attempt to read from field 'com.android.systemui.qs.tiles.WifiTile$CallbackInfo com.android.systemui.qs.tiles.WifiTile$WifiSignalCallback.mInfo' on a null object reference
04-08 07:54:27.012   620   816 W Tile.WifiTile: 	at com.android.systemui.qs.tiles.WifiTile.handleUpdateState(WifiTile.java:146)
04-08 07:54:27.012   620   816 W Tile.WifiTile: 	at com.android.systemui.qs.tiles.WifiTile.handleUpdateState(WifiTile.java:141)
04-08 07:54:27.012   620   816 W Tile.WifiTile: 	at com.android.systemui.qs.tileimpl.QSTileImpl.handleRefreshState(QSTileImpl.java:287)
04-08 07:54:27.012   620   816 W Tile.WifiTile: 	at com.android.systemui.qs.tileimpl.QSTileImpl$H.handleMessage(QSTileImpl.java:440)
04-08 07:54:27.012   620   816 W Tile.WifiTile: 	at android.os.Handler.dispatchMessage(Handler.java:106)
04-08 07:54:27.012   620   816 W Tile.WifiTile: 	at android.os.Looper.loop(Looper.java:164)
04-08 07:54:27.012   620   816 W Tile.WifiTile: 	at android.os.HandlerThread.run(HandlerThread.java:65)
04-08 07:54:27.012   620   816 W Tile.BluetoothTile: Error in handleRefreshState
04-08 07:54:27.012   620   816 W Tile.BluetoothTile: java.lang.NullPointerException: Attempt to invoke interface method 'boolean com.android.systemui.statusbar.policy.BluetoothController.isBluetoothEnabled()' on a null object reference
04-08 07:54:27.012   620   816 W Tile.BluetoothTile: 	at com.android.systemui.qs.tiles.BluetoothTile.handleUpdateState(BluetoothTile.java:119)
04-08 07:54:27.012   620   816 W Tile.BluetoothTile: 	at com.android.systemui.qs.tiles.BluetoothTile.handleUpdateState(BluetoothTile.java:117)
04-08 07:54:27.012   620   816 W Tile.BluetoothTile: 	at com.android.systemui.qs.tileimpl.QSTileImpl.handleRefreshState(QSTileImpl.java:287)
04-08 07:54:27.012   620   816 W Tile.BluetoothTile: 	at com.android.systemui.qs.tileimpl.QSTileImpl$H.handleMessage(QSTileImpl.java:440)
04-08 07:54:27.012   620   816 W Tile.BluetoothTile: 	at android.os.Handler.dispatchMessage(Handler.java:106)
04-08 07:54:27.012   620   816 W Tile.BluetoothTile: 	at android.os.Looper.loop(Looper.java:164)
04-08 07:54:27.012   620   816 W Tile.BluetoothTile: 	at android.os.HandlerThread.run(HandlerThread.java:65)
04-08 07:54:27.022   620   620 D LocalBluetoothProfileManager: Adding local MAP profile
04-08 07:54:27.024   620   620 D BluetoothMap: Create BluetoothMap proxy object
04-08 07:54:27.028   620   620 D LocalBluetoothProfileManager: LocalBluetoothProfileManager construction complete
04-08 07:54:27.031   620   816 W Tile.DndTile: Error in handleRefreshState
04-08 07:54:27.031   620   816 W Tile.DndTile: java.lang.NullPointerException: Attempt to invoke interface method 'int com.android.systemui.statusbar.policy.ZenModeController.getZen()' on a null object reference
04-08 07:54:27.031   620   816 W Tile.DndTile: 	at com.android.systemui.qs.tiles.DndTile.handleUpdateState(DndTile.java:177)
04-08 07:54:27.031   620   816 W Tile.DndTile: 	at com.android.systemui.qs.tiles.DndTile.handleUpdateState(DndTile.java:175)
